******************************************************************************
             TMS320C2000 Linker PC v6.4.11                     
******************************************************************************
>> Linked Thu Feb 02 15:38:59 2017

OUTPUT FILE NAME:   <Sandia_AFE.out>
ENTRY POINT SYMBOL: "code_start"  address: 0033fff6


MEMORY CONFIGURATION

         name            origin    length      used     unused   attr    fill
----------------------  --------  ---------  --------  --------  ----  --------
PAGE 0:
  ZONE0                 00004100   00000f00  00000000  00000f00  RWIX
  RAML0123              00008000   00004000  000033ff  00000c01  RWIX
  FLASHGH               00300000   00010000  00000000  00010000  RWIX
  FLASHDEF              00310000   00018000  0000a8e1  0000d71f  RWIX
  FLASHBC               00328000   00010000  0000028f  0000fd71  RWIX
  FLASHA                00338000   00007f80  000002e2  00007c9e  RWIX
  CSM_RSVD              0033ff80   00000076  00000000  00000076  RWIX
  BEGIN                 0033fff6   00000002  00000002  00000000  RWIX
  CSM_PWL               0033fff8   00000008  00000000  00000008  RWIX
  ADC_CAL               00380080   00000009  00000007  00000002  RWIX
  OTP                   00380400   00000400  00000000  00000400  RWIX
  IQTABLES              003fe000   00000b50  00000b50  00000000  RWIX
  IQTABLES2             003feb50   0000008c  00000000  0000008c  RWIX
  FPUTABLES             003febdc   000006a0  00000000  000006a0  RWIX
  BOOTROM               003ff27c   00000d44  00000000  00000d44  RWIX
  RESET                 003fffc0   00000002  00000000  00000002  RWIX

PAGE 1:
  BOOT_RSVD             00000000   00000050  00000000  00000050  RWIX
  RAMM0                 00000050   000003b0  00000000  000003b0  RWIX
  RAMM1                 00000400   00000400  00000300  00000100  RWIX
  DEV_EMU               00000880   00000180  000000d0  000000b0  RWIX
  FLASH_REGS            00000a80   00000060  00000008  00000058  RWIX
  CSM                   00000ae0   00000010  00000010  00000000  RWIX
  ADC_MIRROR            00000b00   00000010  00000010  00000000  RWIX
  XINTF                 00000b20   00000020  0000001e  00000002  RWIX
  CPU_TIMER0            00000c00   00000008  00000008  00000000  RWIX
  CPU_TIMER1            00000c08   00000008  00000008  00000000  RWIX
  CPU_TIMER2            00000c10   00000008  00000008  00000000  RWIX
  PIE_CTRL              00000ce0   00000020  0000001a  00000006  RWIX
  PIE_VECT              00000d00   00000100  00000100  00000000  RWIX
  DMA                   00001000   00000200  000000e0  00000120  RWIX
  FPGA_REG              00004000   00000100  0000002a  000000d6  RWIX
  MCBSPA                00005000   00000040  00000025  0000001b  RWIX
  MCBSPB                00005040   00000040  00000025  0000001b  RWIX
  ECANA                 00006000   00000040  00000034  0000000c  RWIX
  ECANA_LAM             00006040   00000040  00000040  00000000  RWIX
  ECANA_MOTS            00006080   00000040  00000040  00000000  RWIX
  ECANA_MOTO            000060c0   00000040  00000040  00000000  RWIX
  ECANA_MBOX            00006100   00000100  00000100  00000000  RWIX
  ECANB                 00006200   00000040  00000034  0000000c  RWIX
  ECANB_LAM             00006240   00000040  00000040  00000000  RWIX
  ECANB_MOTS            00006280   00000040  00000040  00000000  RWIX
  ECANB_MOTO            000062c0   00000040  00000040  00000000  RWIX
  ECANB_MBOX            00006300   00000100  00000100  00000000  RWIX
  EPWM1                 00006800   00000022  00000022  00000000  RWIX
  EPWM2                 00006840   00000022  00000022  00000000  RWIX
  EPWM3                 00006880   00000022  00000022  00000000  RWIX
  EPWM4                 000068c0   00000022  00000022  00000000  RWIX
  EPWM5                 00006900   00000022  00000022  00000000  RWIX
  EPWM6                 00006940   00000022  00000022  00000000  RWIX
  ECAP1                 00006a00   00000020  00000020  00000000  RWIX
  ECAP2                 00006a20   00000020  00000020  00000000  RWIX
  ECAP3                 00006a40   00000020  00000020  00000000  RWIX
  ECAP4                 00006a60   00000020  00000020  00000000  RWIX
  ECAP5                 00006a80   00000020  00000020  00000000  RWIX
  ECAP6                 00006aa0   00000020  00000020  00000000  RWIX
  EQEP1                 00006b00   00000040  00000040  00000000  RWIX
  EQEP2                 00006b40   00000040  00000040  00000000  RWIX
  GPIOCTRL              00006f80   00000040  0000002e  00000012  RWIX
  GPIODAT               00006fc0   00000020  00000020  00000000  RWIX
  GPIOINT               00006fe0   00000020  0000000a  00000016  RWIX
  SYSTEM                00007010   00000020  00000020  00000000  RWIX
  SPIA                  00007040   00000010  00000010  00000000  RWIX
  SCIA                  00007050   00000010  00000010  00000000  RWIX
  XINTRUPT              00007070   00000010  00000010  00000000  RWIX
  ADC                   00007100   00000020  0000001e  00000002  RWIX
  SCIB                  00007750   00000010  00000010  00000000  RWIX
  SCIC                  00007770   00000010  00000010  00000000  RWIX
  I2CA                  00007900   00000040  00000022  0000001e  RWIX
  RAML45                0000c000   00002000  00001eea  00000116  RWIX
  RAML67                0000e000   00002000  00000360  00001ca0  RWIX
  OZ_EXP_BUS            00100000   00000800  00000002  000007fe  RWIX
  CSM_PWL               0033fff8   00000008  00000008  00000000  RWIX
  PARTID                00380090   00000001  00000001  00000000  RWIX


SECTION ALLOCATION MAP

 output                                  attributes/
section   page    origin      length       input sections
--------  ----  ----------  ----------   ----------------
ramfuncs   0    00310000    0000311d     RUN ADDR = 00008000
                  00310000    0000185f     afe3Phase.obj (ramfuncs)
                  0031185f    00000001     --HOLE-- [fill = 0]
                  00311860    00000e2e     afeSplitPhase.obj (ramfuncs)
                  0031268e    0000067b     pwm.obj (ramfuncs:retain)
                  00312d09    00000001     --HOLE-- [fill = 0]
                  00312d0a    000001c4     OutputFunction.obj (ramfuncs)
                  00312ece    000000cb     a2d.obj (ramfuncs:retain)
                  00312f99    00000092     SW90077-0100_rev1_1.lib : ozDsp.obj (ramfuncs)
                  0031302b    00000082     relay.obj (ramfuncs)
                  003130ad    0000004b     scheduler.obj (ramfuncs:retain)
                  003130f8    0000001d     epc_AFE-DevInit.obj (ramfuncs)
                  00313115    00000004     DSP2833x_usDelay.obj (ramfuncs)
                  00313119    00000004     SW90077-0100_rev1_1.lib : ozDelay.obj (ramfuncs)

.text      0    0031311e    00005f5d     
                  0031311e    00001b99     canInterface.obj (.text)
                  00314cb7    00000001     --HOLE-- [fill = 0]
                  00314cb8    00000a75     afe.obj (.text)
                  0031572d    000006f6     SW90077-0100_rev1_1.lib : ozDspIntr.obj (.text)
                  00315e23    00000426     epc_AFE.obj (.text)
                  00316249    000003a2     sunspecModel103.obj (.text)
                  003165eb    000002e1     modbus.obj (.text)
                  003168cc    000002bf     a2d.obj (.text)
                  00316b8b    00000296     can.obj (.text)
                  00316e21    00000296     epc_AFE-DevInit.obj (.text)
                  003170b7    0000026c     pwm.obj (.text)
                  00317323    00000234     fan.obj (.text)
                  00317557    00000205     uart.obj (.text)
                  0031775c    000001e2     rts2800_fpu32.lib : memory.obj (.text)
                  0031793e    000001bb     IEEE1547.obj (.text)
                  00317af9    000001a7     sunspecModel65534.obj (.text)
                  00317ca0    00000175     SW90081-100_rev1_0.lib : ozSpi.obj (.text)
                  00317e15    00000170     hardware.obj (.text)
                  00317f85    00000159     eepromHandler.obj (.text)
                  003180de    0000013f     scheduler.obj (.text)
                  0031821d    0000011c     LC12_3.obj (.text)
                  00318339    00000116     modbusHandler.obj (.text)
                  0031844f    00000115     eeprom.obj (.text)
                  00318564    000000f4     SW90077-0100_rev1_1.lib : ozDsp.obj (.text)
                  00318658    000000bd     DigitalPumpDrive.obj (.text)
                  00318715    000000b7     sunspecModel17.obj (.text)
                  003187cc    0000009c     rts2800_fpu32.lib : fd_add.obj (.text)
                  00318868    00000097     sunspec.obj (.text)
                  003188ff    00000001     --HOLE-- [fill = 0]
                  00318900    00000096     utils.obj (.text)
                  00318996    0000008b     rts2800_fpu32.lib : fd_div.obj (.text)
                  00318a21    00000083                       : fd_mpy.obj (.text)
                  00318aa4    00000073     digitalIO.obj (.text)
                  00318b17    00000068     rts2800_fpu32.lib : exp.obj (.text)
                  00318b7f    00000062                       : log.obj (.text)
                  00318be1    0000005b                       : pow.obj (.text)
                  00318c3c    00000050                       : _log.obj (.text)
                  00318c8c    0000004b     DLOG4CHC.obj (.text)
                  00318cd7    0000004b     sunspecModel1.obj (.text)
                  00318d22    00000047     relay.obj (.text)
                  00318d69    00000046     rts2800_fpu32.lib : boot.obj (.text)
                  00318daf    00000042     StartFunction.obj (.text)
                  00318df1    00000037     supervisor.obj (.text)
                  00318e28    00000034     rts2800_fpu32.lib : ldexp.obj (.text)
                  00318e5c    00000028     aff.obj (.text)
                  00318e84    00000022     rts2800_fpu32.lib : i_div.obj (.text)
                  00318ea6    0000001f                       : fd_tol.obj (.text)
                  00318ec5    0000001e     TOL.obj (.text)
                  00318ee3    0000001e     rts2800_fpu32.lib : memcpy.obj (.text)
                  00318f01    0000001c                       : fs_tofd.obj (.text)
                  00318f1d    0000001c                       : l_tofd.obj (.text)
                  00318f39    0000001c                       : modf.obj (.text)
                  00318f55    0000001b                       : fd_toul.obj (.text)
                  00318f70    00000019     SW90077-0100_rev1_1.lib : ozDspGpio.obj (.text)
                  00318f89    00000019     rts2800_fpu32.lib : args_main.obj (.text)
                  00318fa2    00000019                       : exit.obj (.text)
                  00318fbb    00000019                       : prolog.obj (.text)
                  00318fd4    00000019     rts2800_fpu32_fast_supplement.lib : div_f32.obj (.text)
                  00318fed    00000017     rts2800_fpu32.lib : u_tofd.obj (.text)
                  00319004    00000016                       : frexp.obj (.text)
                  0031901a    00000014     OutputFunction.obj (.text)
                  0031902e    0000000e     rts2800_fpu32.lib : fd_sub.obj (.text)
                  0031903c    0000000c     faultHandler.obj (.text)
                  00319048    0000000c     rts2800_fpu32.lib : epilog.obj (.text)
                  00319054    0000000c                       : memset.obj (.text)
                  00319060    0000000a     epc_AFE-DevInit.obj (.text:retain)
                  0031906a    00000009     rts2800_fpu32.lib : _lock.obj (.text)
                  00319073    00000008     DSP2833x_CodeStartBranch.obj (.text)

.cinit     0    0031907b    00001867     
                  0031907b    00000aa2     afe.obj (.cinit)
                  00319b1d    000003e0     canInterface.obj (.cinit)
                  00319efd    000001d9     sunspecInterfaceGen.obj (.cinit)
                  0031a0d6    0000017f     OutputFunction.obj (.cinit)
                  0031a255    0000016e     epc_AFE.obj (.cinit)
                  0031a3c3    00000161     afe3Phase.obj (.cinit)
                  0031a524    000000ca     afeSplitPhase.obj (.cinit)
                  0031a5ee    000000bc     LC12_3.obj (.cinit)
                  0031a6aa    00000054     pwm.obj (.cinit)
                  0031a6fe    0000003a     MotorControlUF.obj (.cinit)
                  0031a738    00000037     scheduler.obj (.cinit)
                  0031a76f    0000002e     modbusHandler.obj (.cinit)
                  0031a79d    0000002b     a2d.obj (.cinit)
                  0031a7c8    0000002a     eepromHandler.obj (.cinit)
                  0031a7f2    0000002a     resolver.obj (.cinit)
                  0031a81c    00000028     hardware.obj (.cinit)
                  0031a844    0000001d     simulateFeedback.obj (.cinit)
                  0031a861    00000017     modulator.obj (.cinit)
                  0031a878    00000012     supervisor.obj (.cinit)
                  0031a88a    0000000f     faultHandler.obj (.cinit)
                  0031a899    0000000e     relay.obj (.cinit)
                  0031a8a7    0000000c     eeprom.obj (.cinit)
                  0031a8b3    0000000a     rts2800_fpu32.lib : exit.obj (.cinit)
                  0031a8bd    00000005     IEEE1547.obj (.cinit)
                  0031a8c2    00000005     rts2800_fpu32.lib : _lock.obj (.cinit:__lock)
                  0031a8c7    00000005                       : _lock.obj (.cinit:__unlock)
                  0031a8cc    00000004     SW90081-100_rev1_0.lib : ozSpi.obj (.cinit)
                  0031a8d0    00000004     can.obj (.cinit)
                  0031a8d4    00000004     rts2800_fpu32.lib : errno.obj (.cinit)
                  0031a8d8    00000004                       : memory.obj (.cinit)
                  0031a8dc    00000004     sunspecModel65534.obj (.cinit)
                  0031a8e0    00000002     --HOLE-- [fill = 0]

.econst    0    00328000    0000019f     
                  00328000    00000100     SW90077-0100_rev1_1.lib : ozDspIntr.obj (.econst)
                  00328100    00000012     sunspecModel1.obj (.econst:.string)
                  00328112    00000010     scheduler.obj (.econst)
                  00328122    0000000e     uart.obj (.econst:_baudrates)
                  00328130    0000000c     fan.obj (.econst)
                  0032813c    0000000c     resolver.obj (.econst)
                  00328148    0000000a     epc_AFE.obj (.econst:.string)
                  00328152    0000000a     eepromHandler.obj (.econst)
                  0032815c    0000000a     epc_AFE.obj (.econst)
                  00328166    00000008     StartFunction.obj (.econst:_$P$T0$1)
                  0032816e    00000008     StartFunction.obj (.econst:_$P$T1$2)
                  00328176    00000008     canInterface.obj (.econst)
                  0032817e    00000004     LC12_3.obj (.econst)
                  00328182    00000004     MotorControlUF.obj (.econst)
                  00328186    00000004     a2d.obj (.econst)
                  0032818a    00000004     afe.obj (.econst)
                  0032818e    00000004     afe3Phase.obj (.econst)
                  00328192    00000004     hardware.obj (.econst)
                  00328196    00000004     simulateFeedback.obj (.econst)
                  0032819a    00000004     sunspecModel65534.obj (.econst)
                  0032819e    00000001     pwm.obj (.econst)

.pinit     0    00328000    00000000     UNINITIALIZED

.switch    0    003281a0    000000f0     
                  003281a0    00000078     canInterface.obj (.switch:_chkBoundsCommandSetNVParam)
                  00328218    00000078     canInterface.obj (.switch:_updateCommandSetNVParam)

.reset     0    003fffc0    00000002     DSECT
                  003fffc0    00000002     rts2800_fpu32.lib : boot.obj (.reset)

IQmath     0    00338000    000002e2     RUN ADDR = 0000b11d
                  00338000    0000009d     IQmath_fpu32.lib : IQ24log.obj (IQmath)
                  0033809d    00000088                      : IQ24atan2PU.obj (IQmath)
                  00338125    00000060                      : IQ24mag.obj (IQmath)
                  00338185    00000047                      : IQ22div.obj (IQmath)
                  003381cc    00000047                      : IQ24div.obj (IQmath)
                  00338213    00000042                      : IQ24sqrt.obj (IQmath)
                  00338255    00000029                      : IQ24sinPU.obj (IQmath)
                  0033827e    00000027                      : IQ24cosPU.obj (IQmath)
                  003382a5    00000016                      : IQ22toF.obj (IQmath)
                  003382bb    00000016                      : IQ24toF.obj (IQmath)
                  003382d1    00000011                      : IQ24mpyI32int.obj (IQmath)

codestart 
*          0    0033fff6    00000002     
                  0033fff6    00000002     DSP2833x_CodeStartBranch.obj (codestart)

.adc_cal   0    00380080    00000007     NOLOAD SECTION
                  00380080    00000007     DSP2833x_ADC_cal.obj (.adc_cal)

IQmathTables 
*          0    003fe000    00000b50     NOLOAD SECTION
                  003fe000    00000b50     IQmath_fpu32.lib : IQmathTables.obj (IQmathTables)

.stack     1    00000400    00000300     UNINITIALIZED
                  00000400    00000300     --HOLE--

DevEmuRegsFile 
*          1    00000880    000000d0     UNINITIALIZED
                  00000880    000000d0     DSP2833x_GlobalVariableDefs.obj (DevEmuRegsFile)

FlashRegsFile 
*          1    00000a80    00000008     UNINITIALIZED
                  00000a80    00000008     SW90077-0100_rev1_1.lib : ozDsp.obj (FlashRegsFile)

CsmRegsFile 
*          1    00000ae0    00000010     UNINITIALIZED
                  00000ae0    00000010     SW90077-0100_rev1_1.lib : ozDsp.obj (CsmRegsFile)

AdcMirrorFile 
*          1    00000b00    00000010     UNINITIALIZED
                  00000b00    00000010     DSP2833x_GlobalVariableDefs.obj (AdcMirrorFile)

XintfRegsFile 
*          1    00000b20    0000001e     UNINITIALIZED
                  00000b20    0000001e     DSP2833x_GlobalVariableDefs.obj (XintfRegsFile)

CpuTimer0RegsFile 
*          1    00000c00    00000008     UNINITIALIZED
                  00000c00    00000008     DSP2833x_GlobalVariableDefs.obj (CpuTimer0RegsFile)

CpuTimer1RegsFile 
*          1    00000c08    00000008     UNINITIALIZED
                  00000c08    00000008     DSP2833x_GlobalVariableDefs.obj (CpuTimer1RegsFile)

CpuTimer2RegsFile 
*          1    00000c10    00000008     UNINITIALIZED
                  00000c10    00000008     DSP2833x_GlobalVariableDefs.obj (CpuTimer2RegsFile)

PieCtrlRegsFile 
*          1    00000ce0    0000001a     UNINITIALIZED
                  00000ce0    0000001a     SW90077-0100_rev1_1.lib : ozDspIntr.obj (PieCtrlRegsFile)

PieVectTableFile 
*          1    00000d00    00000100     UNINITIALIZED
                  00000d00    00000100     SW90077-0100_rev1_1.lib : ozDspIntr.obj (PieVectTableFile)

DmaRegsFile 
*          1    00001000    000000e0     UNINITIALIZED
                  00001000    000000e0     DSP2833x_GlobalVariableDefs.obj (DmaRegsFile)

FpgaRegFile 
*          1    00004000    0000002a     UNINITIALIZED
                  00004000    0000002a     epc_AFE.obj (FpgaRegFile)

McbspaRegsFile 
*          1    00005000    00000025     UNINITIALIZED
                  00005000    00000025     DSP2833x_GlobalVariableDefs.obj (McbspaRegsFile)

McbspbRegsFile 
*          1    00005040    00000025     UNINITIALIZED
                  00005040    00000025     DSP2833x_GlobalVariableDefs.obj (McbspbRegsFile)

ECanaRegsFile 
*          1    00006000    00000034     UNINITIALIZED
                  00006000    00000034     DSP2833x_GlobalVariableDefs.obj (ECanaRegsFile)

ECanaLAMRegsFile 
*          1    00006040    00000040     UNINITIALIZED
                  00006040    00000040     DSP2833x_GlobalVariableDefs.obj (ECanaLAMRegsFile)

ECanaMOTSRegsFile 
*          1    00006080    00000040     UNINITIALIZED
                  00006080    00000040     DSP2833x_GlobalVariableDefs.obj (ECanaMOTSRegsFile)

ECanaMOTORegsFile 
*          1    000060c0    00000040     UNINITIALIZED
                  000060c0    00000040     DSP2833x_GlobalVariableDefs.obj (ECanaMOTORegsFile)

ECanaMboxesFile 
*          1    00006100    00000100     UNINITIALIZED
                  00006100    00000100     DSP2833x_GlobalVariableDefs.obj (ECanaMboxesFile)

ECanbRegsFile 
*          1    00006200    00000034     UNINITIALIZED
                  00006200    00000034     DSP2833x_GlobalVariableDefs.obj (ECanbRegsFile)

ECanbLAMRegsFile 
*          1    00006240    00000040     UNINITIALIZED
                  00006240    00000040     DSP2833x_GlobalVariableDefs.obj (ECanbLAMRegsFile)

ECanbMOTSRegsFile 
*          1    00006280    00000040     UNINITIALIZED
                  00006280    00000040     DSP2833x_GlobalVariableDefs.obj (ECanbMOTSRegsFile)

ECanbMOTORegsFile 
*          1    000062c0    00000040     UNINITIALIZED
                  000062c0    00000040     DSP2833x_GlobalVariableDefs.obj (ECanbMOTORegsFile)

ECanbMboxesFile 
*          1    00006300    00000100     UNINITIALIZED
                  00006300    00000100     DSP2833x_GlobalVariableDefs.obj (ECanbMboxesFile)

EPwm1RegsFile 
*          1    00006800    00000022     UNINITIALIZED
                  00006800    00000022     DSP2833x_GlobalVariableDefs.obj (EPwm1RegsFile)

EPwm2RegsFile 
*          1    00006840    00000022     UNINITIALIZED
                  00006840    00000022     DSP2833x_GlobalVariableDefs.obj (EPwm2RegsFile)

EPwm3RegsFile 
*          1    00006880    00000022     UNINITIALIZED
                  00006880    00000022     DSP2833x_GlobalVariableDefs.obj (EPwm3RegsFile)

EPwm4RegsFile 
*          1    000068c0    00000022     UNINITIALIZED
                  000068c0    00000022     DSP2833x_GlobalVariableDefs.obj (EPwm4RegsFile)

EPwm5RegsFile 
*          1    00006900    00000022     UNINITIALIZED
                  00006900    00000022     DSP2833x_GlobalVariableDefs.obj (EPwm5RegsFile)

EPwm6RegsFile 
*          1    00006940    00000022     UNINITIALIZED
                  00006940    00000022     DSP2833x_GlobalVariableDefs.obj (EPwm6RegsFile)

ECap1RegsFile 
*          1    00006a00    00000020     UNINITIALIZED
                  00006a00    00000020     DSP2833x_GlobalVariableDefs.obj (ECap1RegsFile)

ECap2RegsFile 
*          1    00006a20    00000020     UNINITIALIZED
                  00006a20    00000020     DSP2833x_GlobalVariableDefs.obj (ECap2RegsFile)

ECap3RegsFile 
*          1    00006a40    00000020     UNINITIALIZED
                  00006a40    00000020     DSP2833x_GlobalVariableDefs.obj (ECap3RegsFile)

ECap4RegsFile 
*          1    00006a60    00000020     UNINITIALIZED
                  00006a60    00000020     DSP2833x_GlobalVariableDefs.obj (ECap4RegsFile)

ECap5RegsFile 
*          1    00006a80    00000020     UNINITIALIZED
                  00006a80    00000020     DSP2833x_GlobalVariableDefs.obj (ECap5RegsFile)

ECap6RegsFile 
*          1    00006aa0    00000020     UNINITIALIZED
                  00006aa0    00000020     DSP2833x_GlobalVariableDefs.obj (ECap6RegsFile)

EQep1RegsFile 
*          1    00006b00    00000040     UNINITIALIZED
                  00006b00    00000040     DSP2833x_GlobalVariableDefs.obj (EQep1RegsFile)

EQep2RegsFile 
*          1    00006b40    00000040     UNINITIALIZED
                  00006b40    00000040     DSP2833x_GlobalVariableDefs.obj (EQep2RegsFile)

GpioCtrlRegsFile 
*          1    00006f80    0000002e     UNINITIALIZED
                  00006f80    0000002e     SW90077-0100_rev1_1.lib : ozDspGpio.obj (GpioCtrlRegsFile)

GpioDataRegsFile 
*          1    00006fc0    00000020     UNINITIALIZED
                  00006fc0    00000020     SW90077-0100_rev1_1.lib : ozDspGpio.obj (GpioDataRegsFile)

GpioIntRegsFile 
*          1    00006fe0    0000000a     UNINITIALIZED
                  00006fe0    0000000a     SW90077-0100_rev1_1.lib : ozDspGpio.obj (GpioIntRegsFile)

SysCtrlRegsFile 
*          1    00007010    00000020     UNINITIALIZED
                  00007010    00000020     SW90077-0100_rev1_1.lib : ozDsp.obj (SysCtrlRegsFile)

SpiaRegsFile 
*          1    00007040    00000010     UNINITIALIZED
                  00007040    00000010     SW90081-100_rev1_0.lib : ozSpi.obj (SpiaRegsFile)

SciaRegsFile 
*          1    00007050    00000010     UNINITIALIZED
                  00007050    00000010     DSP2833x_GlobalVariableDefs.obj (SciaRegsFile)

XIntruptRegsFile 
*          1    00007070    00000010     UNINITIALIZED
                  00007070    00000010     SW90077-0100_rev1_1.lib : ozDspIntr.obj (XIntruptRegsFile)

AdcRegsFile 
*          1    00007100    0000001e     UNINITIALIZED
                  00007100    0000001e     DSP2833x_GlobalVariableDefs.obj (AdcRegsFile)

ScibRegsFile 
*          1    00007750    00000010     UNINITIALIZED
                  00007750    00000010     DSP2833x_GlobalVariableDefs.obj (ScibRegsFile)

ScicRegsFile 
*          1    00007770    00000010     UNINITIALIZED
                  00007770    00000010     DSP2833x_GlobalVariableDefs.obj (ScicRegsFile)

I2caRegsFile 
*          1    00007900    00000022     UNINITIALIZED
                  00007900    00000022     DSP2833x_GlobalVariableDefs.obj (I2caRegsFile)

.bss       1    0000c000    00000000     UNINITIALIZED

.ebss      1    0000c000    00001eea     UNINITIALIZED
                  0000c000    00000b64     afe.obj (.ebss)
                  0000cb64    0000001a     a2d.obj (.ebss)
                  0000cb7e    00000002     IEEE1547.obj (.ebss)
                  0000cb80    000003d4     canInterface.obj (.ebss)
                  0000cf54    0000002c     MotorControlUF.obj (.ebss)
                  0000cf80    00000260     modbusHandler.obj (.ebss)
                  0000d1e0    00000020     hardware.obj (.ebss)
                  0000d200    00000208     sunspecInterfaceGen.obj (.ebss)
                  0000d408    00000036     resolver.obj (.ebss)
                  0000d43e    00000002     rts2800_fpu32.lib : _lock.obj (.ebss:__lock)
                  0000d440    000001e6     afe3Phase.obj (.ebss)
                  0000d626    0000001a     eepromHandler.obj (.ebss)
                  0000d640    000001a0     OutputFunction.obj (.ebss)
                  0000d7e0    00000016     scheduler.obj (.ebss)
                  0000d7f6    0000000a     SW90077-0100_rev1_1.lib : ozDsp.obj (.ebss)
                  0000d800    00000192     aff.obj (.ebss)
                  0000d992    0000002a     pwm.obj (.ebss)
                  0000d9bc    00000004     rts2800_fpu32.lib : exit.obj (.ebss)
                  0000d9c0    00000180     epc_AFE.obj (.ebss)
                  0000db40    00000140     SW90077-0100_rev1_1.lib : ozDspIntr.obj (.ebss)
                  0000dc80    00000126     afeSplitPhase.obj (.ebss)
                  0000dda6    00000010     eeprom.obj (.ebss)
                  0000ddb6    0000000a     SW90081-100_rev1_0.lib : ozSpi.obj (.ebss)
                  0000ddc0    000000b8     LC12_3.obj (.ebss)
                  0000de78    00000008     relay.obj (.ebss)
                  0000de80    0000003a     can.obj (.ebss)
                  0000deba    00000006     faultHandler.obj (.ebss)
                  0000dec0    0000000c     modulator.obj (.ebss)
                  0000decc    0000000c     simulateFeedback.obj (.ebss)
                  0000ded8    00000008     rts2800_fpu32.lib : memory.obj (.ebss)
                  0000dee0    00000006     supervisor.obj (.ebss)
                  0000dee6    00000002     rts2800_fpu32.lib : _lock.obj (.ebss:__unlock)
                  0000dee8    00000001                       : errno.obj (.ebss)
                  0000dee9    00000001     sunspecModel65534.obj (.ebss)

.esysmem   1    0000e320    00000040     UNINITIALIZED
                  0000e320    00000001     rts2800_fpu32.lib : memory.obj (.esysmem)
                  0000e321    0000003f     --HOLE--

DLOG       1    0000e000    00000320     UNINITIALIZED
                  0000e000    00000320     DLOG4CHC.obj (DLOG)

OzExpBusFile 
*          1    00100000    00000002     UNINITIALIZED
                  00100000    00000002     resolver.obj (OzExpBusFile)

CsmPwlFile 
*          1    0033fff8    00000008     UNINITIALIZED
                  0033fff8    00000008     SW90077-0100_rev1_1.lib : ozDsp.obj (CsmPwlFile)

PartIdRegsFile 
*          1    00380090    00000001     UNINITIALIZED
                  00380090    00000001     DSP2833x_GlobalVariableDefs.obj (PartIdRegsFile)


GLOBAL DATA SYMBOLS: SORTED BY DATA PAGE

address     data page           name
--------    ----------------    ----
00000400      10 (00000400)     __stack

00000880      22 (00000880)     _DevEmuRegs

00000a80      2a (00000a80)     _FlashRegs

00000ae0      2b (00000ac0)     _CsmRegs

00000b00      2c (00000b00)     _AdcMirror
00000b20      2c (00000b00)     _XintfRegs

00000c00      30 (00000c00)     _CpuTimer0Regs
00000c08      30 (00000c00)     _CpuTimer1Regs
00000c10      30 (00000c00)     _CpuTimer2Regs

00000ce0      33 (00000cc0)     _PieCtrlRegs

00000d00      34 (00000d00)     _PieVectTable

00001000      40 (00001000)     _DmaRegs

00004000     100 (00004000)     _ozFpga

00005000     140 (00005000)     _McbspaRegs

00005040     141 (00005040)     _McbspbRegs

00006000     180 (00006000)     _ECanaRegs

00006040     181 (00006040)     _ECanaLAMRegs

00006080     182 (00006080)     _ECanaMOTSRegs

000060c0     183 (000060c0)     _ECanaMOTORegs

00006100     184 (00006100)     _ECanaMboxes

00006200     188 (00006200)     _ECanbRegs

00006240     189 (00006240)     _ECanbLAMRegs

00006280     18a (00006280)     _ECanbMOTSRegs

000062c0     18b (000062c0)     _ECanbMOTORegs

00006300     18c (00006300)     _ECanbMboxes

00006800     1a0 (00006800)     _EPwm1Regs

00006840     1a1 (00006840)     _EPwm2Regs

00006880     1a2 (00006880)     _EPwm3Regs

000068c0     1a3 (000068c0)     _EPwm4Regs

00006900     1a4 (00006900)     _EPwm5Regs

00006940     1a5 (00006940)     _EPwm6Regs

00006a00     1a8 (00006a00)     _ECap1Regs
00006a20     1a8 (00006a00)     _ECap2Regs

00006a40     1a9 (00006a40)     _ECap3Regs
00006a60     1a9 (00006a40)     _ECap4Regs

00006a80     1aa (00006a80)     _ECap5Regs
00006aa0     1aa (00006a80)     _ECap6Regs

00006b00     1ac (00006b00)     _EQep1Regs

00006b40     1ad (00006b40)     _EQep2Regs

00006f80     1be (00006f80)     _GpioCtrlRegs

00006fc0     1bf (00006fc0)     _GpioDataRegs
00006fe0     1bf (00006fc0)     _GpioIntRegs

00007010     1c0 (00007000)     _SysCtrlRegs

00007040     1c1 (00007040)     _SpiaRegs
00007050     1c1 (00007040)     _SciaRegs
00007070     1c1 (00007040)     _XIntruptRegs

00007100     1c4 (00007100)     _AdcRegs

00007750     1dd (00007740)     _ScibRegs
00007770     1dd (00007740)     _ScicRegs

00007900     1e4 (00007900)     _I2caRegs

0000c000     300 (0000c000)     _EnableSplitPhase
0000c001     300 (0000c000)     _EnableUPSMode
0000c002     300 (0000c000)     _affEnable
0000c003     300 (0000c000)     _SlaveBit
0000c004     300 (0000c000)     _afePhaseRotationCmd
0000c005     300 (0000c000)     _ACpwrAvail_remote
0000c006     300 (0000c000)     _lineVoltageDetected_remote
0000c007     300 (0000c000)     _ACpwrAvail
0000c008     300 (0000c000)     _lineVoltageDetected
0000c00a     300 (0000c000)     _id_cmd_Sp
0000c00c     300 (0000c000)     _de1
0000c00e     300 (0000c000)     _iq_cmd_Sp
0000c010     300 (0000c000)     _iq_cmd_3p
0000c012     300 (0000c000)     _id_cmd_3p
0000c014     300 (0000c000)     _Vdc_full
0000c016     300 (0000c000)     _Vtarget_set
0000c018     300 (0000c000)     _Vtarget_min
0000c01a     300 (0000c000)     _minDC_volts
0000c01c     300 (0000c000)     _Vtarget_iq
0000c01e     300 (0000c000)     _Vq_transfer
0000c020     300 (0000c000)     _Vdc_set
0000c022     300 (0000c000)     _Vtarget
0000c024     300 (0000c000)     _Qcmd
0000c026     300 (0000c000)     _vDCin
0000c028     300 (0000c000)     _lvmBaseVoltage
0000c02a     300 (0000c000)     _Pcmd
0000c02c     300 (0000c000)     _Vll_request
0000c02e     300 (0000c000)     _Vd_transfer
0000c030     300 (0000c000)     _Vd
0000c032     300 (0000c000)     _Vq_form
0000c034     300 (0000c000)     _Vd_form
0000c036     300 (0000c000)     _id_offset
0000c038     300 (0000c000)     _Vsoftstart
0000c03a     300 (0000c000)     _di1
0000c03c     300 (0000c000)     _Vq
0000c03e     300 (0000c000)     _qe1

0000c040     301 (0000c040)     _apparentPower
0000c042     301 (0000c040)     _reactivePower
0000c046     301 (0000c040)     _powerFactor
0000c048     301 (0000c040)     _iq_offset
0000c04a     301 (0000c040)     _qi1
0000c04c     301 (0000c040)     _realPower
0000c04e     301 (0000c040)     _iq_filt
0000c056     301 (0000c040)     _id_filt
0000c05e     301 (0000c040)     _Q_filt
0000c066     301 (0000c040)     _P_filt
0000c06e     301 (0000c040)     _iAC_filt
0000c076     301 (0000c040)     _vAcRemote_filt

0000c080     302 (0000c080)     _iDC_filt
0000c088     302 (0000c080)     _vAC_filt
0000c090     302 (0000c080)     _aveInputVdc
0000c098     302 (0000c080)     _vDC_filt
0000c0a0     302 (0000c080)     _iq_cmd_filt
0000c0a8     302 (0000c080)     _id_cmd_filt

0000c0c0     303 (0000c0c0)     _freqMonLimitsRemoteSync
0000c0cc     303 (0000c0c0)     _freqMonLimits
0000c0d8     303 (0000c0c0)     _ieee1547FreqMonitor_remote
0000c0e8     303 (0000c0c0)     _ieee1547FreqMonitor

0000c100     304 (0000c100)     _phaseCurrents_filt
0000c118     304 (0000c100)     _id_err_fir_filt

0000c140     305 (0000c140)     _iq_err_fir_filt

0000c1c0     307 (0000c1c0)     _ieee1547LVM_remote

0000c200     308 (0000c200)     _ieee1547LVM

0000c240     309 (0000c240)     _afeParams

0000c280     30a (0000c280)     _Current_Fbk_SOGI

0000c300     30c (0000c300)     _pll

0000c3c0     30f (0000c3c0)     _pll_remote

0000c480     312 (0000c480)     _idns_aff

0000c640     319 (0000c640)     _iqns_aff

0000c800     320 (0000c800)     _id_aff

0000c9c0     327 (0000c9c0)     _iq_aff

0000cb64     32d (0000cb40)     _OzMuxSelect
0000cb65     32d (0000cb40)     _a2dReversePolarityHV
0000cb66     32d (0000cb40)     _TempD
0000cb68     32d (0000cb40)     _Voltsn15V
0000cb6a     32d (0000cb40)     _Volts3p3V
0000cb6c     32d (0000cb40)     _TempB
0000cb6e     32d (0000cb40)     _TempA
0000cb70     32d (0000cb40)     _Volts24V
0000cb72     32d (0000cb40)     _TempC
0000cb74     32d (0000cb40)     _Volts5V
0000cb76     32d (0000cb40)     _Volts15V
0000cb78     32d (0000cb40)     _TempE
0000cb7c     32d (0000cb40)     _Main_adcresult
0000cb7e     32d (0000cb40)     _lineVoltagePresentThreshold

0000cb80     32e (0000cb80)     _SyncToRemote
0000cb81     32e (0000cb80)     _canEnable
0000cb84     32e (0000cb80)     _canModeMsgValid
0000cb85     32e (0000cb80)     _powerCmdSlave
0000cb86     32e (0000cb80)     _UseVoltageRemote
0000cb90     32e (0000cb80)     _Hzcmd_rec
0000cb92     32e (0000cb80)     _Vcmd_rec

0000cf56     33d (0000cf40)     _mcFreqScale
0000cf6e     33d (0000cf40)     _motorControlVHz

0000d040     341 (0000d040)     _portC

0000d1e4     347 (0000d1c0)     _hwDef

0000d200     348 (0000d200)     _sunspecModelList

0000d240     349 (0000d240)     _sunspecInterface

0000d300     34c (0000d300)     _sunspecRwRegs

0000d408     350 (0000d400)     _ResFltTotal
0000d409     350 (0000d400)     _ResFltLast
0000d40c     350 (0000d400)     _Res_elecTheta
0000d410     350 (0000d400)     _radianScaler
0000d412     350 (0000d400)     _Res_speed
0000d414     350 (0000d400)     _BackEMF
0000d416     350 (0000d400)     _Res_elecTheta_next
0000d41c     350 (0000d400)     _delta_elecTheta
0000d420     350 (0000d400)     _rdcData
0000d43e     350 (0000d400)     __lock

0000d442     351 (0000d440)     _remote_offset
0000d444     351 (0000d440)     _fwhat
0000d446     351 (0000d440)     _fnuts

0000d480     352 (0000d480)     _sogi_Ialpha
0000d496     352 (0000d480)     _sogi_Ibeta

0000d640     359 (0000d640)     _numberOfDevices
0000d642     359 (0000d640)     _thermalModelDissipation
0000d646     359 (0000d640)     _CoolantTemp
0000d648     359 (0000d640)     _thermalModelHottest_Diode
0000d64a     359 (0000d640)     _Tsense_previous
0000d64c     359 (0000d640)     _thermalModelTsense
0000d64e     359 (0000d640)     _DCVoltage
0000d650     359 (0000d640)     _thermalModelHottest_IGBT
0000d652     359 (0000d640)     _switchingFreq
0000d654     359 (0000d640)     _switchingPeriod
0000d656     359 (0000d640)     _Diode_TCi
0000d65e     359 (0000d640)     _IGBT_TCi
0000d666     359 (0000d640)     _igbtParams

0000d680     35a (0000d680)     _T_Diode
0000d698     35a (0000d680)     _T_IGBT

0000d6c0     35b (0000d6c0)     _I
0000d6d8     35b (0000d6c0)     _D

0000d7e0     35f (0000d7c0)     _backgroundLoopAliveTimer
0000d7e8     35f (0000d7c0)     _maxStackUsage
0000d7ec     35f (0000d7c0)     _A_Task_Ptr
0000d7ee     35f (0000d7c0)     _schedulerAppPwmIsrLoop
0000d7f2     35f (0000d7c0)     _B_Task_Ptr
0000d7f4     35f (0000d7c0)     _C_Task_Ptr
0000d7f6     35f (0000d7c0)     _CPU_RATE
0000d7f8     35f (0000d7c0)     _CPU_FREQ
0000d7fa     35f (0000d7c0)     _LSPCLK
0000d7fc     35f (0000d7c0)     _HSPCLK
0000d7fe     35f (0000d7c0)     _SYSCLKOUT

0000d800     360 (0000d800)     _Angle_index

0000d992     366 (0000d980)     _tMPHalf
0000d993     366 (0000d980)     _tMPQuarter
0000d997     366 (0000d980)     _pwmPermissivePhase
0000d998     366 (0000d980)     _PWM_Boost
0000d999     366 (0000d980)     _TimeRemaining
0000d99b     366 (0000d980)     _TimeRemainingMin
0000d99c     366 (0000d980)     _pwmPermissiveBoost
0000d99d     366 (0000d980)     _pwmISRActive
0000d99f     366 (0000d980)     _pwmActiveIndex
0000d9a4     366 (0000d980)     _pwmSwitchingFrequency
0000d9a9     366 (0000d980)     _pwmDC
0000d9ac     366 (0000d980)     _pwm1
0000d9b0     366 (0000d980)     _pwmRegs
0000d9bc     366 (0000d980)     ___TI_cleanup_ptr
0000d9be     366 (0000d980)     ___TI_dtors_ptr

0000d9c0     367 (0000d9c0)     _appFaultConfiguration
0000d9c2     367 (0000d9c0)     _masterSlaveParams
0000d9c3     367 (0000d9c0)     _FaultClr
0000d9c4     367 (0000d9c0)     _DlogCh1
0000d9c5     367 (0000d9c0)     _DlogCh4
0000d9c6     367 (0000d9c0)     _DlogCh2
0000d9c8     367 (0000d9c0)     _DlogCh3
0000d9cc     367 (0000d9c0)     _j1939Interface
0000d9cf     367 (0000d9c0)     _digins
0000d9d7     367 (0000d9c0)     _ioParams

0000da00     368 (0000da00)     _lineMonitorParams
0000da10     368 (0000da00)     _pumpDrive
0000da23     368 (0000da00)     _digouts

0000da40     369 (0000da40)     _dlog
0000da56     369 (0000da40)     _fan1

0000da80     36a (0000da80)     _fan2

0000db00     36c (0000db00)     _tolList

0000db80     36e (0000db80)     _pieVectTable

0000ddc0     377 (0000ddc0)     _DCpwrAvail
0000ddc1     377 (0000ddc0)     _BS_ThisPhase
0000ddc2     377 (0000ddc0)     _hardwareDCUVFaultTriggered
0000ddc3     377 (0000ddc0)     _useThermalModel
0000ddc4     377 (0000ddc0)     _vDCiq
0000ddc6     377 (0000ddc0)     _vDCinv
0000ddc8     377 (0000ddc0)     _BigBalls
0000ddca     377 (0000ddc0)     _BS_leg1
0000ddcc     377 (0000ddc0)     _iDCiqCalc
0000ddce     377 (0000ddc0)     _vac_trip
0000ddd0     377 (0000ddc0)     _vdc_trip
0000ddd2     377 (0000ddc0)     _iac_trip
0000ddd4     377 (0000ddc0)     _dIdt_FAULT_ENABLE
0000ddd6     377 (0000ddc0)     _dIdt_FAULT
0000ddd8     377 (0000ddc0)     _idc_trip
0000ddda     377 (0000ddc0)     _BS_prevleg1
0000dddc     377 (0000ddc0)     _lvdo
0000ddde     377 (0000ddc0)     _BS_leg2
0000dde0     377 (0000ddc0)     _maxVdc
0000dde2     377 (0000ddc0)     _vDCiq_temp
0000dde4     377 (0000ddc0)     _BS_prevleg2
0000dde6     377 (0000ddc0)     _phaseDuties
0000ddec     377 (0000ddc0)     _remoteLineVoltages
0000ddf2     377 (0000ddc0)     _lineVoltages
0000ddf8     377 (0000ddc0)     _phaseCurrents

0000de00     378 (0000de00)     _phaseLegCurrents
0000de0c     378 (0000de00)     _PrevLegCurrents

0000de40     379 (0000de40)     _a2dHSList
0000de7c     379 (0000de40)     _relayList

0000deba     37a (0000de80)     _warningStat
0000debc     37a (0000de80)     _faultStat
0000debe     37a (0000de80)     _faultStatConfig

0000dec0     37b (0000dec0)     _allowClamping
0000dec2     37b (0000dec0)     _tMV
0000dec4     37b (0000dec0)     _clampWindowHalf
0000dec6     37b (0000dec0)     _modulatorParams
0000decc     37b (0000dec0)     _simGridPresent
0000dece     37b (0000dec0)     _simVACTsw
0000ded0     37b (0000dec0)     _simVACFreq
0000ded2     37b (0000dec0)     _simVACiq
0000ded4     37b (0000dec0)     _simVACStepAngle
0000ded6     37b (0000dec0)     _simVAC
0000dee6     37b (0000dec0)     __unlock
0000dee8     37b (0000dec0)     _errno

0000e320     38c (0000e300)     __sys_memory

00100000    4000 (00100000)     _testOzExpBus

0033fff8    cfff (0033ffc0)     _CsmPwl

00380090    e002 (00380080)     _PartIdRegs

003fe000    ff80 (003fe000)     _IQsinTable

003fe100    ff84 (003fe100)     _IQcosTable

003fe400    ff90 (003fe400)     _IQsinTableEnd

003fe502    ff94 (003fe500)     _IQcosTableEnd
003fe502    ff94 (003fe500)     _IQdivRoundSatTable
003fe510    ff94 (003fe500)     _IQdivTable

003fe712    ff9c (003fe700)     _IQdivTableEnd
003fe712    ff9c (003fe700)     _IQisqrtRoundSatTable
003fe712    ff9c (003fe700)     _IQsqrtRoundSatTable
003fe722    ff9c (003fe700)     _IQisqrtTable
003fe722    ff9c (003fe700)     _IQsqrtTable

003fe824    ffa0 (003fe800)     _IQatan2HalfPITable
003fe824    ffa0 (003fe800)     _IQisqrtTableEnd
003fe824    ffa0 (003fe800)     _IQsqrtTableEnd

003fe862    ffa1 (003fe840)     _IQatan2Table

003fe9e8    ffa7 (003fe9c0)     _IQ30mpyRndSatTable
003fe9e8    ffa7 (003fe9c0)     _IQatan2TableEnd
003fe9e8    ffa7 (003fe9c0)     _IQmpyRndSatTable
003fe9f4    ffa7 (003fe9c0)     _IQ29mpyRndSatTable

003fea00    ffa8 (003fea00)     _IQ28mpyRndSatTable
003fea0c    ffa8 (003fea00)     _IQ27mpyRndSatTable
003fea18    ffa8 (003fea00)     _IQ26mpyRndSatTable
003fea24    ffa8 (003fea00)     _IQ25mpyRndSatTable
003fea30    ffa8 (003fea00)     _IQ24mpyRndSatTable
003fea3c    ffa8 (003fea00)     _IQ23mpyRndSatTable

003fea48    ffa9 (003fea40)     _IQ22mpyRndSatTable
003fea54    ffa9 (003fea40)     _IQ21mpyRndSatTable
003fea60    ffa9 (003fea40)     _IQ20mpyRndSatTable
003fea6c    ffa9 (003fea40)     _IQ19mpyRndSatTable
003fea78    ffa9 (003fea40)     _IQ18mpyRndSatTable

003fea84    ffaa (003fea80)     _IQ17mpyRndSatTable
003fea90    ffaa (003fea80)     _IQ16mpyRndSatTable
003fea9c    ffaa (003fea80)     _IQ15mpyRndSatTable
003feaa8    ffaa (003fea80)     _IQ14mpyRndSatTable
003feab4    ffaa (003fea80)     _IQ13mpyRndSatTable

003feac0    ffab (003feac0)     _IQ12mpyRndSatTable
003feacc    ffab (003feac0)     _IQ11mpyRndSatTable
003fead8    ffab (003feac0)     _IQ10mpyRndSatTable
003feae4    ffab (003feac0)     _IQ9mpyRndSatTable
003feaf0    ffab (003feac0)     _IQ8mpyRndSatTable
003feafc    ffab (003feac0)     _IQ7mpyRndSatTable

003feb08    ffac (003feb00)     _IQ6mpyRndSatTable
003feb14    ffac (003feb00)     _IQ5mpyRndSatTable
003feb20    ffac (003feb00)     _IQ4mpyRndSatTable
003feb2c    ffac (003feb00)     _IQ3mpyRndSatTable
003feb38    ffac (003feb00)     _IQ2mpyRndSatTable

003feb44    ffad (003feb40)     _IQ1mpyRndSatTable
003feb50    ffad (003feb40)     _IQmpyRndSatTableEnd


GLOBAL SYMBOLS: SORTED ALPHABETICALLY BY Name 

page  address   name                               
----  -------   ----                               
1     0000c000  .bss                               
0     0031311e  .text                              
0     00318fa2  C$$EXIT                            
0     003187cc  FD$$ADD                            
0     00318996  FD$$DIV                            
0     00318a21  FD$$MPY                            
0     0031902e  FD$$SUB                            
0     00318ea6  FD$$TOL                            
0     00318f55  FD$$TOUL                           
0     00318fd4  FS$$DIV                            
0     00318f01  FS$$TOFD                           
0     00318e84  I$$DIV                             
0     00318e95  I$$MOD                             
0     00318f1d  L$$TOFD                            
0     00318fed  U$$TOFD                            
1     0000c007  _ACpwrAvail                        
1     0000c005  _ACpwrAvail_remote                 
0     00315813  _ADCINT_ISR                        
0     00380080  _ADC_cal                           
1     0000d7ec  _A_Task_Ptr                        
1     00000b00  _AdcMirror                         
1     00007100  _AdcRegs                           
1     0000d800  _Angle_index                       
1     0000ddc1  _BS_ThisPhase                      
1     0000ddca  _BS_leg1                           
1     0000ddde  _BS_leg2                           
1     0000ddda  _BS_prevleg1                       
1     0000dde4  _BS_prevleg2                       
1     0000d7f2  _B_Task_Ptr                        
1     0000d414  _BackEMF                           
1     0000ddc8  _BigBalls                          
1     0000d7f8  _CPU_FREQ                          
1     0000d7f6  _CPU_RATE                          
1     0000d7f4  _C_Task_Ptr                        
0     003182c3  _CalculateIDC                      
0     00318712  _CheckPumpFaultState               
0     0031870f  _CheckPumpRunState                 
1     0000d646  _CoolantTemp                       
1     00000c00  _CpuTimer0Regs                     
1     00000c08  _CpuTimer1Regs                     
1     00000c10  _CpuTimer2Regs                     
1     0033fff8  _CsmPwl                            
1     00000ae0  _CsmRegs                           
1     0000c280  _Current_Fbk_SOGI                  
1     0000d6d8  _D                                 
0     00315741  _DATALOG_ISR                       
1     0000d64e  _DCVoltage                         
1     0000ddc0  _DCpwrAvail                        
0     00318c8c  _DLOG_4CH_init                     
0     00318c97  _DLOG_4CH_update                   
0     0000b115  _DSP28x_usDelay                    
1     00000880  _DevEmuRegs                        
0     00316ece  _DeviceInit                        
1     0000d656  _Diode_TCi                         
1     0000d9c4  _DlogCh1                           
1     0000d9c6  _DlogCh2                           
1     0000d9c8  _DlogCh3                           
1     0000d9c5  _DlogCh4                           
1     00001000  _DmaRegs                           
0     00315971  _ECAN0INTA_ISR                     
0     00315985  _ECAN0INTB_ISR                     
0     0031597b  _ECAN1INTA_ISR                     
0     0031598f  _ECAN1INTB_ISR                     
0     003158a9  _ECAP1_INT_ISR                     
0     003158b3  _ECAP2_INT_ISR                     
0     003158bd  _ECAP3_INT_ISR                     
0     003158c7  _ECAP4_INT_ISR                     
1     00006040  _ECanaLAMRegs                      
1     000060c0  _ECanaMOTORegs                     
1     00006080  _ECanaMOTSRegs                     
1     00006100  _ECanaMboxes                       
1     00006000  _ECanaRegs                         
1     00006240  _ECanbLAMRegs                      
1     000062c0  _ECanbMOTORegs                     
1     00006280  _ECanbMOTSRegs                     
1     00006300  _ECanbMboxes                       
1     00006200  _ECanbRegs                         
1     00006a00  _ECap1Regs                         
1     00006a20  _ECap2Regs                         
1     00006a40  _ECap3Regs                         
1     00006a60  _ECap4Regs                         
1     00006a80  _ECap5Regs                         
1     00006aa0  _ECap6Regs                         
0     003159df  _EMPTY_ISR                         
0     00315755  _EMUINT_ISR                        
0     0031586d  _EPWM1_INT_ISR                     
0     00315831  _EPWM1_TZINT_ISR                   
0     00315877  _EPWM2_INT_ISR                     
0     0031583b  _EPWM2_TZINT_ISR                   
0     00315881  _EPWM3_INT_ISR                     
0     00315845  _EPWM3_TZINT_ISR                   
0     0031588b  _EPWM4_INT_ISR                     
0     0031584f  _EPWM4_TZINT_ISR                   
0     00315895  _EPWM5_INT_ISR                     
0     00315859  _EPWM5_TZINT_ISR                   
0     0031589f  _EPWM6_INT_ISR                     
0     00315863  _EPWM6_TZINT_ISR                   
1     00006800  _EPwm1Regs                         
1     00006840  _EPwm2Regs                         
1     00006880  _EPwm3Regs                         
1     000068c0  _EPwm4Regs                         
1     00006900  _EPwm5Regs                         
1     00006940  _EPwm6Regs                         
0     003158d1  _EQEP1_INT_ISR                     
0     003158db  _EQEP2_INT_ISR                     
1     00006b00  _EQep1Regs                         
1     00006b40  _EQep2Regs                         
1     0000c000  _EnableSplitPhase                  
1     0000c001  _EnableUPSMode                     
1     0000d9c3  _FaultClr                          
1     00000a80  _FlashRegs                         
1     00006f80  _GpioCtrlRegs                      
1     00006fc0  _GpioDataRegs                      
1     00006fe0  _GpioIntRegs                       
1     0000d7fc  _HSPCLK                            
1     0000cb90  _Hzcmd_rec                         
1     0000d6c0  _I                                 
0     00315935  _I2CINT1A_ISR                      
0     0031593f  _I2CINT2A_ISR                      
1     00007900  _I2caRegs                          
1     0000d65e  _IGBT_TCi                          
0     00315769  _ILLEGAL_ISR                       
0     0031572d  _INT13_ISR                         
0     00315737  _INT14_ISR                         
0     003fead8  _IQ10mpyRndSatTable                
0     003feacc  _IQ11mpyRndSatTable                
0     003feac0  _IQ12mpyRndSatTable                
0     003feab4  _IQ13mpyRndSatTable                
0     003feaa8  _IQ14mpyRndSatTable                
0     003fea9c  _IQ15mpyRndSatTable                
0     003fea90  _IQ16mpyRndSatTable                
0     003fea84  _IQ17mpyRndSatTable                
0     003fea78  _IQ18mpyRndSatTable                
0     003fea6c  _IQ19mpyRndSatTable                
0     003feb44  _IQ1mpyRndSatTable                 
0     003fea60  _IQ20mpyRndSatTable                
0     003fea54  _IQ21mpyRndSatTable                
0     003fea48  _IQ22mpyRndSatTable                
0     003fea3c  _IQ23mpyRndSatTable                
0     003fea30  _IQ24mpyRndSatTable                
0     003fea24  _IQ25mpyRndSatTable                
0     003fea18  _IQ26mpyRndSatTable                
0     003fea0c  _IQ27mpyRndSatTable                
0     003fea00  _IQ28mpyRndSatTable                
0     003fe9f4  _IQ29mpyRndSatTable                
0     003feb38  _IQ2mpyRndSatTable                 
0     003fe9e8  _IQ30mpyRndSatTable                
0     003feb2c  _IQ3mpyRndSatTable                 
0     003feb20  _IQ4mpyRndSatTable                 
0     003feb14  _IQ5mpyRndSatTable                 
0     003feb08  _IQ6mpyRndSatTable                 
0     003feafc  _IQ7mpyRndSatTable                 
0     003feaf0  _IQ8mpyRndSatTable                 
0     003feae4  _IQ9mpyRndSatTable                 
0     003fe824  _IQatan2HalfPITable                
0     003fe862  _IQatan2Table                      
0     003fe9e8  _IQatan2TableEnd                   
0     003fe100  _IQcosTable                        
0     003fe502  _IQcosTableEnd                     
0     003fe502  _IQdivRoundSatTable                
0     003fe510  _IQdivTable                        
0     003fe712  _IQdivTableEnd                     
0     003382e2  _IQfuncsLoadEnd                    
0     00338000  _IQfuncsLoadStart                  
0     0000b11d  _IQfuncsRunStart                   
0     003fe712  _IQisqrtRoundSatTable              
0     003fe722  _IQisqrtTable                      
0     003fe824  _IQisqrtTableEnd                   
0     003fe9e8  _IQmpyRndSatTable                  
0     003feb50  _IQmpyRndSatTableEnd               
0     003fe000  _IQsinTable                        
0     003fe400  _IQsinTableEnd                     
0     003fe712  _IQsqrtRoundSatTable               
0     003fe722  _IQsqrtTable                       
0     003fe824  _IQsqrtTableEnd                    
0     00319060  _ISR_ILLEGAL                       
0     0000b0f8  _InitFlash                         
0     00316e5e  _InitXintf                         
1     0000d7fa  _LSPCLK                            
0     003159d5  _LUF_ISR                           
0     003159cb  _LVF_ISR                           
1     0000cb7c  _Main_adcresult                    
1     00005000  _McbspaRegs                        
1     00005040  _McbspbRegs                        
0     00316e4d  _MemCopy                           
0     0031575f  _NMI_ISR                           
0     0000b119  _OZDSP_usDelay                     
1     0000cb64  _OzMuxSelect                       
0     003159ec  _PIE_RESERVED                      
0     00316e29  _PLLset                            
1     0000d998  _PWM_Boost                         
0     003172e6  _PWM_Init_AFE                      
1     0000c066  _P_filt                            
1     00380090  _PartIdRegs                        
1     0000c02a  _Pcmd                              
1     00000ce0  _PieCtrlRegs                       
1     00000d00  _PieVectTable                      
1     0000de0c  _PrevLegCurrents                   
1     0000c05e  _Q_filt                            
1     0000c024  _Qcmd                              
0     0031574b  _RTOSINT_ISR                       
0     0031311d  _RamfuncsLoadEnd                   
0     00310000  _RamfuncsLoadStart                 
0     00008000  _RamfuncsRunStart                  
1     0000d409  _ResFltLast                        
1     0000d408  _ResFltTotal                       
1     0000d40c  _Res_elecTheta                     
1     0000d416  _Res_elecTheta_next                
1     0000d412  _Res_speed                         
0     00315949  _SCIRXINTA_ISR                     
0     0031595d  _SCIRXINTB_ISR                     
0     00315953  _SCITXINTA_ISR                     
0     00315967  _SCITXINTB_ISR                     
0     003157eb  _SEQ1INT_ISR                       
0     003157f5  _SEQ2INT_ISR                       
0     003158e5  _SPIRXINTA_ISR                     
0     003158f9  _SPIRXINTB_ISR                     
0     0031590d  _SPIRXINTC_ISR                     
0     00315921  _SPIRXINTD_ISR                     
0     003158ef  _SPITXINTA_ISR                     
0     00315903  _SPITXINTB_ISR                     
0     00315917  _SPITXINTC_ISR                     
0     0031592b  _SPITXINTD_ISR                     
1     0000d7fe  _SYSCLKOUT                         
1     00007050  _SciaRegs                          
1     00007750  _ScibRegs                          
1     00007770  _ScicRegs                          
1     0000c003  _SlaveBit                          
1     00007040  _SpiaRegs                          
1     0000cb80  _SyncToRemote                      
1     00007010  _SysCtrlRegs                       
0     0031581d  _TINT0_ISR                         
1     0000d680  _T_Diode                           
1     0000d698  _T_IGBT                            
1     0000cb6e  _TempA                             
1     0000cb6c  _TempB                             
1     0000cb72  _TempC                             
1     0000cb66  _TempD                             
1     0000cb78  _TempE                             
1     0000d999  _TimeRemaining                     
1     0000d99b  _TimeRemainingMin                  
1     0000d64a  _Tsense_previous                   
0     003157cd  _USER10_ISR                        
0     003157d7  _USER11_ISR                        
0     003157e1  _USER12_ISR                        
0     00315773  _USER1_ISR                         
0     0031577d  _USER2_ISR                         
0     00315787  _USER3_ISR                         
0     00315791  _USER4_ISR                         
0     0031579b  _USER5_ISR                         
0     003157a5  _USER6_ISR                         
0     003157af  _USER7_ISR                         
0     003157b9  _USER8_ISR                         
0     003157c3  _USER9_ISR                         
1     0000cb86  _UseVoltageRemote                  
1     0000cb92  _Vcmd_rec                          
1     0000c030  _Vd                                
1     0000c034  _Vd_form                           
1     0000c02e  _Vd_transfer                       
1     0000c014  _Vdc_full                          
1     0000c020  _Vdc_set                           
1     0000c02c  _Vll_request                       
1     0000cb76  _Volts15V                          
1     0000cb70  _Volts24V                          
1     0000cb6a  _Volts3p3V                         
1     0000cb74  _Volts5V                           
1     0000cb68  _Voltsn15V                         
1     0000c03c  _Vq                                
1     0000c032  _Vq_form                           
1     0000c01e  _Vq_transfer                       
1     0000c038  _Vsoftstart                        
1     0000c022  _Vtarget                           
1     0000c01c  _Vtarget_iq                        
1     0000c018  _Vtarget_min                       
1     0000c016  _Vtarget_set                       
0     00315827  _WAKEINT_ISR                       
0     00316e21  _WDogDisable                       
0     003157ff  _XINT1_ISR                         
0     00315809  _XINT2_ISR                         
0     00315999  _XINT3_ISR                         
0     003159a3  _XINT4_ISR                         
0     003159ad  _XINT5_ISR                         
0     003159b7  _XINT6_ISR                         
0     003159c1  _XINT7_ISR                         
1     00007070  _XIntruptRegs                      
0     0000aece  _Xint3ISR                          
1     00000b20  _XintfRegs                         
0     0000b2a2  __IQ22div                          
0     0000b3c2  __IQ22toF                          
0     0000b1ba  __IQ24atan2PU                      
0     0000b39b  __IQ24cosPU                        
0     0000b2e9  __IQ24div                          
0     0000b11d  __IQ24log                          
0     0000b242  __IQ24mag                          
0     0000b3ee  __IQ24mpyI32int                    
0     0000b372  __IQ24sinPU                        
0     0000b330  __IQ24sqrt                         
0     0000b3d8  __IQ24toF                          
1     00000700  __STACK_END                        
abs   00000300  __STACK_SIZE                       
abs   00000040  __SYSMEM_SIZE                      
1     0000d9bc  ___TI_cleanup_ptr                  
1     0000d9be  ___TI_dtors_ptr                    
abs   ffffffff  ___binit__                         
1     0000c000  ___bss__                           
abs   ffffffff  ___c_args__                        
0     0031907b  ___cinit__                         
1     0000c000  ___end__                           
0     0031907b  ___etext__                         
abs   ffffffff  ___pinit__                         
0     0031311e  ___text__                          
0     00318f89  __args_main                        
1     0000d43e  __lock                             
0     00318c3c  __log                              
0     00319072  __nop                              
0     0031906e  __register_lock                    
0     0031906a  __register_unlock                  
1     00000400  __stack                            
1     0000e320  __sys_memory                       
1     0000dee6  __unlock                           
0     00316b74  _a2dCalibrate                      
1     0000de40  _a2dHSList                         
0     00316b1d  _a2dInit                           
0     00316ac2  _a2dInitDCDC                       
1     0000cb65  _a2dReversePolarityHV              
0     00316abe  _a2dSetVoltageControlCB            
0     003168cc  _a2dUpdate_10ms                    
0     00318fa2  _abort                             
0     00008000  _afe3PhaseUpdatePwmReload          
0     00315608  _afeConfigAff                      
0     00315725  _afeGetCurrentOffset               
0     003156ff  _afeHandleRelayCmds                
0     00315650  _afeInit                           
1     0000c240  _afeParams                         
1     0000c004  _afePhaseRotationCmd               
0     00315602  _afeSetCurrentOffset               
0     003155db  _afeSetFreqMonLimits               
0     0031549f  _afeSetVFCmd                       
0     00009860  _afeSplitPhaseUpdatePwmReload      
0     00314cd6  _afeUpdate1ms                      
0     00318e7c  _affClearTable                     
1     0000c002  _affEnable                         
0     00318e71  _affInit                           
0     00318e6a  _affSetGain                        
0     00318e63  _affSetLimit                       
0     00318e5c  _affSetff                          
1     0000dec0  _allowClamping                     
1     0000d9c0  _appFaultConfiguration             
1     0000c040  _apparentPower                     
0     00316244  _applicationUpdate_1ms             
0     00316240  _application_getDeviceOvertempLimit
0     00316142  _application_init                  
0     003160b5  _application_setDeviceOvertempLimit
1     0000c090  _aveInputVdc                       
1     0000d7e0  _backgroundLoopAliveTimer          
0     00318d69  _c_int00                           
0     00318970  _calculateCrc16                    
0     00317927  _calloc                            
0     00316da3  _canCheckRx                        
1     0000cb81  _canEnable                         
0     00316c64  _canInit                           
0     00314c5a  _canInterfaceCheckRx               
0     003132d4  _canInterfaceInit                  
0     00314924  _canInterfaceTxHiSpeed             
0     003148fe  _canInterfaceTxInfoAtStartup       
0     0031475b  _canInterfaceTxLoSpeed             
1     0000cb84  _canModeMsgValid                   
0     00316c2d  _canTxHiSpeed                      
0     00316bf6  _canTxLoSpeed                      
0     00316bd8  _canTxSingle                       
0     00316ba2  _canTxTriggered                    
0     00316b8b  _canUpdateFaultStatus              
0     003188a8  _checkWriteTimeouts                
0     00317925  _chkheap                           
1     0000dec4  _clampWindowHalf                   
0     00318960  _crc16Update                       
1     0000ddd6  _dIdt_FAULT                        
1     0000ddd4  _dIdt_FAULT_ENABLE                 
1     0000c00c  _de1                               
1     0000d41c  _delta_elecTheta                   
1     0000c03a  _di1                               
1     0000d9cf  _digins                            
0     00318b0a  _digitalInputRead                  
0     00318b08  _digitalInputSetInvert             
0     00318afb  _digitalOutputRead                 
0     00318ad8  _digitalOutputSetCmd               
0     00318abe  _digitalOutputSetCtlSrc            
0     00318aa4  _digitalOutputSetInvert            
1     0000da23  _digouts                           
1     0000da40  _dlog                              
0     003180da  _eeHandlerGetSerialNumber          
0     0031801b  _eeHandlerInit                     
0     00318015  _eeHandlerSave                     
0     00318011  _eeHandlerSetSerialNumber          
0     00317fff  _eeHandlerUpdate_100ms             
0     00318502  _eeRead                            
0     00318540  _eeReadData                        
0     00318468  _eeWrite                           
0     003184e7  _eeWriteData                       
0     00319048  _epilog_c28x_1                     
0     0031904c  _epilog_c28x_2                     
1     0000dee8  _errno                             
0     00318fa4  _exit                              
0     00318b17  _exp                               
1     0000da56  _fan1                              
1     0000da80  _fan2                              
0     003174f4  _fanConfig                         
0     003174f1  _fanGetSpeedOverride               
0     003174e7  _fanSetFeedbackTemp                
0     003174dd  _fanSetOutputCurrent               
0     00317325  _fanSetSpeedOverride               
0     00317323  _fanSetTempSetpoint                
0     0000b0ad  _fastTaskISR                       
0     00319043  _faultHandlerInit                  
0     0031903c  _faultHandlerIsCfgdFaultActive     
1     0000debc  _faultStat                         
1     0000debe  _faultStatConfig                   
1     0000d446  _fnuts                             
0     0031775c  _free                              
0     00317907  _free_memory                       
1     0000c0cc  _freqMonLimits                     
1     0000c0c0  _freqMonLimitsRemoteSync           
0     00319004  _frexp                             
1     0000d444  _fwhat                             
0     00317c98  _getModbusCtlRequested             
0     0031607e  _getStateNumber                    
0     003182bd  _hardwareCalibrate                 
1     0000ddc2  _hardwareDCUVFaultTriggered        
0     003182b9  _hardwareGetLVDO                   
0     00317f3b  _hardwareInit                      
0     00317f0a  _hardwarePrechargeReset            
0     00317e2f  _hardwarePrechargeUpdate           
0     0031829b  _hardwareSetACOvercurrent          
0     0031827b  _hardwareSetACOvervoltage          
0     0031825d  _hardwareSetDCOvercurrent          
0     0031823d  _hardwareSetDCOvervoltage          
0     0031821d  _hardwareSetLVDO                   
0     00317e15  _hardwareUpdate_10ms               
1     0000d1e4  _hwDef                             
1     0000c06e  _iAC_filt                          
1     0000c080  _iDC_filt                          
1     0000ddcc  _iDCiqCalc                         
1     0000ddd2  _iac_trip                          
1     0000c800  _id_aff                            
1     0000c012  _id_cmd_3p                         
1     0000c00a  _id_cmd_Sp                         
1     0000c0a8  _id_cmd_filt                       
1     0000c118  _id_err_fir_filt                   
1     0000c056  _id_filt                           
1     0000c036  _id_offset                         
1     0000ddd8  _idc_trip                          
1     0000c480  _idns_aff                          
0     00317af7  _iee1547_getReconnectDelayTime     
0     00317af5  _iee1547_setReconnectDelayTime     
1     0000c0e8  _ieee1547FreqMonitor               
1     0000c0d8  _ieee1547FreqMonitor_remote        
1     0000c200  _ieee1547LVM                       
1     0000c1c0  _ieee1547LVM_remote                
0     00317abb  _ieee1547_FreqMonitorUpdate_1ms    
0     00317a97  _ieee1547_ReconnectDelayUpdate_1ms 
0     00317a09  _ieee1547_vlineUpdate_1ms          
1     0000d666  _igbtParams                        
1     0000d9d7  _ioParams                          
1     0000c9c0  _iq_aff                            
1     0000c010  _iq_cmd_3p                         
1     0000c00e  _iq_cmd_Sp                         
1     0000c0a0  _iq_cmd_filt                       
1     0000c140  _iq_err_fir_filt                   
1     0000c04e  _iq_filt                           
1     0000c048  _iq_offset                         
1     0000c640  _iqns_aff                          
1     0000d9cc  _j1939Interface                    
0     00318e28  _ldexp                             
1     0000da00  _lineMonitorParams                 
1     0000c008  _lineVoltageDetected               
1     0000c006  _lineVoltageDetected_remote        
1     0000cb7e  _lineVoltagePresentThreshold       
1     0000ddf2  _lineVoltages                      
0     00318b7f  _log                               
1     0000dddc  _lvdo                              
1     0000c028  _lvmBaseVoltage                    
0     003181d0  _main                              
0     003177c7  _malloc                            
1     0000d9c2  _masterSlaveParams                 
1     0000d7e8  _maxStackUsage                     
1     0000dde0  _maxVdc                            
0     003178e4  _max_free                          
1     0000cf56  _mcFreqScale                       
0     00318ee3  _memcpy                            
0     00319054  _memset                            
1     0000c01a  _minDC_volts                       
0     003177a2  _minit                             
0     00316847  _modbusBuildReadReply              
0     003167ef  _modbusBuildWriteReply             
0     003167ed  _modbusGetBaudRate                 
0     003167e5  _modbusGetName                     
0     003167e3  _modbusGetProtocol                 
0     003167e1  _modbusGetSlaveAddress             
0     00318441  _modbusHandlerArmSIOWatchdog       
0     0031843d  _modbusHandlerDisarmSIOWatchdog    
0     00318438  _modbusHandlerGetBaudRate          
0     00318433  _modbusHandlerGetName              
0     0031842e  _modbusHandlerGetProtocol          
0     00318429  _modbusHandlerGetSlaveAddress      
0     00318410  _modbusHandlerInit                 
0     00318408  _modbusHandlerSetBaudRate          
0     003183f8  _modbusHandlerSetName              
0     003183f3  _modbusHandlerSetProtocol          
0     003183ee  _modbusHandlerSetSlaveAddress      
0     003183e8  _modbusHandlerSetTimeout           
0     003183dc  _modbusHandlerUpdate_10ms          
0     0031833e  _modbusHandlerUpdate_1ms           
0     003167d3  _modbusInit                        
0     00316650  _modbusReceive                     
0     00316601  _modbusSendExceptionResponse       
0     003165fe  _modbusSetBaudRate                 
0     003165f0  _modbusSetName                     
0     003165ed  _modbusSetProtocol                 
0     003165eb  _modbusSetSlaveAddress             
0     00317b0b  _modeCommandsValid                 
0     00318f39  _modf                              
1     0000dec6  _modulatorParams                   
1     0000cf6e  _motorControlVHz                   
1     0000d640  _numberOfDevices                   
0     003185fa  _ozDspDisableDog                   
0     003185ef  _ozDspEnableDog                    
0     00318602  _ozDspForceWDReset                 
0     003185d4  _ozDspGetModRev                    
0     00318f70  _ozDspGpioInit                     
0     00318564  _ozDspInit                         
0     00315a30  _ozDspIntrEnable                   
0     00315a00  _ozDspIntrInit                     
0     00315a59  _ozDspIntrInitExt                  
0     00315df3  _ozDspIntrX13Isr                   
0     00315c87  _ozDspIntrX1Isr                    
0     00315cbb  _ozDspIntrX2Isr                    
0     00315cef  _ozDspIntrX3Isr                    
0     00315d23  _ozDspIntrX4Isr                    
0     00315d57  _ozDspIntrX5Isr                    
0     00315d8b  _ozDspIntrX6Isr                    
0     00315dbf  _ozDspIntrX7Isr                    
0     003185e5  _ozDspKickDog                      
1     00004000  _ozFpga                            
0     00317d14  _ozSpiGetModRev                    
0     00317ca0  _ozSpiInit                         
0     00317dd9  _ozSpiTransmit                     
0     0031892f  _packed_strncpy                    
1     0000ddf8  _phaseCurrents                     
1     0000c100  _phaseCurrents_filt                
1     0000dde6  _phaseDuties                       
1     0000de00  _phaseLegCurrents                  
1     0000db80  _pieVectTable                      
1     0000c300  _pll                               
1     0000c3c0  _pll_remote                        
1     0000d040  _portC                             
0     00318be1  _pow                               
1     0000cb85  _powerCmdSlave                     
1     0000c046  _powerFactor                       
0     00317b0f  _pqCommandsValid                   
0     00318fbb  _prolog_c28x_1                     
0     00318fbf  _prolog_c28x_2                     
0     00318fc7  _prolog_c28x_3                     
1     0000da10  _pumpDrive                         
1     0000d9ac  _pwm1                              
1     0000d99f  _pwmActiveIndex                    
0     003172dd  _pwmClearFaults                    
1     0000d9a9  _pwmDC                             
1     0000d99d  _pwmISRActive                      
0     003172bd  _pwmInit                           
0     00317284  _pwmInitIndependent                
1     0000d99c  _pwmPermissiveBoost                
1     0000d997  _pwmPermissivePhase                
1     0000d9b0  _pwmRegs                           
0     003171e2  _pwmReset                          
0     0031718c  _pwmResetIndependent               
0     003170ed  _pwmSetDCControlCallback           
0     003170d4  _pwmSetDeadband                    
0     003170bb  _pwmSetMinPulseTime                
0     003170b7  _pwmSetModulatorCallback           
1     0000d9a4  _pwmSwitchingFrequency             
1     0000c03e  _qe1                               
1     0000c04a  _qi1                               
1     0000d410  _radianScaler                      
1     0000d420  _rdcData                           
1     0000c042  _reactivePower                     
1     0000c04c  _realPower                         
0     00317828  _realloc                           
0     0000b02b  _relayControl                      
0     00318d64  _relayInit                         
1     0000de7c  _relayList                         
0     00318d22  _relaySetForceClose                
0     0000aac9  _reloadISR                         
0     0000a68e  _reloadISRIndependent              
1     0000ddec  _remoteLineVoltages                
1     0000d442  _remote_offset                     
0     003186f2  _resetPumpFaults                   
0     00318339  _resetWatchdog                     
0     003159f6  _rsvd_ISR                          
1     0000d7ee  _schedulerAppPwmIsrLoop            
0     00318107  _schedulerBusyWait                 
0     00318100  _schedulerGetISR_Freq_Hz           
0     003180fc  _schedulerGetTime_ms               
0     003180f7  _schedulerSetISR_Freq_kHz          
1     0000decc  _simGridPresent                    
1     0000ded6  _simVAC                            
1     0000ded0  _simVACFreq                        
1     0000ded4  _simVACStepAngle                   
1     0000dece  _simVACTsw                         
1     0000ded2  _simVACiq                          
1     0000d480  _sogi_Ialpha                       
1     0000d496  _sogi_Ibeta                        
0     003186d4  _startPump                         
0     00315ef2  _stateFault                        
0     00315eb5  _stateFaultInit                    
0     00315311  _stateFollowing                    
0     003152f1  _stateFollowingInit                
0     003151d7  _stateForming                      
0     003151ba  _stateFormingInit                  
0     00315e23  _statePOR                          
0     003150f0  _stateReady                        
0     0031509c  _stateReadyInit                    
0     003186b7  _stopPump                          
0     003188f2  _sunspecGetStartAddress            
0     003188e3  _sunspecInit                       
1     0000d240  _sunspecInterface                  
0     003165c0  _sunspecModel103Init               
0     003165bf  _sunspecModel103UpdateIn           
0     00316292  _sunspecModel103UpdateOut          
0     0031876a  _sunspecModel17Init                
0     0031874b  _sunspecModel17UpdateIn            
0     00318715  _sunspecModel17UpdateOut           
0     00318cf6  _sunspecModel1Init                 
0     00318ce3  _sunspecModel1SetAppInfo           
0     00318cdd  _sunspecModel1UpdateIn             
0     00318cd7  _sunspecModel1UpdateOut            
0     00317c6f  _sunspecModel65534Init             
0     00317b21  _sunspecModel65534UpdateIn         
0     00317b05  _sunspecModel65534UpdateOut        
1     0000d200  _sunspecModelList                  
1     0000d300  _sunspecRwRegs                     
0     003188bc  _sunspecUpdate_1ms                 
0     00318868  _sunspecValidateWriteData          
0     00318e02  _supervisorCheckHwEnable           
0     00318dfe  _supervisorGetHardwareEnable       
0     00318dfa  _supervisorGetHwEnableLogic        
0     00318df5  _supervisorInit                    
0     00318df1  _supervisorSetHwEnableLogic        
1     0000d652  _switchingFreq                     
1     0000d654  _switchingPeriod                   
0     003180ef  _systemIsCanControlActive          
0     003180e7  _systemIsModbusControlActive       
0     003180e3  _systemSetCanControlActive         
0     003180de  _systemSetModbusControlActive      
1     0000d992  _tMPHalf                           
1     0000d993  _tMPQuarter                        
1     0000dec2  _tMV                               
1     00100000  _testOzExpBus                      
1     0000d642  _thermalModelDissipation           
0     00319029  _thermalModelGetDissipation        
0     00319024  _thermalModelGetHottest_Diode      
0     0031901f  _thermalModelGetHottest_IGBT       
0     0031901a  _thermalModelGetTsense             
1     0000d648  _thermalModelHottest_Diode         
1     0000d650  _thermalModelHottest_IGBT          
0     00318daf  _thermalModelInit                  
1     0000d64c  _thermalModelTsense                
0     0000ad0a  _thermalModelUpdate                
1     0000db00  _tolList                           
0     00318ec5  _tolUpdate                         
0     00318900  _u32ToStr                          
0     0031774e  _uartGetBaudEnumeration            
0     00317745  _uartGetBpsFromEnumeration         
0     003176e0  _uartInit                          
0     003176cf  _uartIsMasterTxDone                
0     003176a8  _uartRead                          
0     00317679  _uartSetBaud                       
0     00317669  _uartSetName                       
0     0031763f  _uartSetProtocol                   
0     00317557  _uartWrite                         
0     00314090  _updateCommandModeControl          
0     0031408b  _updateCommandModeControlAPU2      
0     00313f99  _updateCommandPower                
0     00313f94  _updateCommandPowerAPU2            
0     0031336d  _updateCommandSetNVParam           
0     0031319a  _updateCommandVF                   
0     00313176  _updateCommandVFAPU2               
0     00313171  _updateMasterMeasuredPower         
0     0031316c  _updateMasterMeasuredPowerAPU2     
0     00318658  _updatePumpStatus1mS               
1     0000ddc3  _useThermalModel                   
1     0000c088  _vAC_filt                          
1     0000c076  _vAcRemote_filt                    
[...]
0     00318dfe  _supervisorGetHardwareEnable       
0     00318e02  _supervisorCheckHwEnable           
0     00318e28  _ldexp                             
0     00318e5c  _affSetff                          
0     00318e63  _affSetLimit                       
0     00318e6a  _affSetGain                        
0     00318e71  _affInit                           
0     00318e7c  _affClearTable                     
0     00318e84  I$$DIV                             
0     00318e95  I$$MOD                             
0     00318ea6  FD$$TOL                            
0     00318ec5  _tolUpdate                         
0     00318ee3  _memcpy                            
0     00318f01  FS$$TOFD                           
0     00318f1d  L$$TOFD                            
0     00318f39  _modf                              
0     00318f55  FD$$TOUL                           
0     00318f70  _ozDspGpioInit                     
0     00318f89  __args_main                        
0     00318fa2  C$$EXIT                            
0     00318fa2  _abort                             
0     00318fa4  _exit                              
0     00318fbb  _prolog_c28x_1                     
0     00318fbf  _prolog_c28x_2                     
0     00318fc7  _prolog_c28x_3                     
0     00318fd4  FS$$DIV                            
0     00318fed  U$$TOFD                            
0     00319004  _frexp                             
0     0031901a  _thermalModelGetTsense             
0     0031901f  _thermalModelGetHottest_IGBT       
0     00319024  _thermalModelGetHottest_Diode      
0     00319029  _thermalModelGetDissipation        
0     0031902e  FD$$SUB                            
0     0031903c  _faultHandlerIsCfgdFaultActive     
0     00319043  _faultHandlerInit                  
0     00319048  _epilog_c28x_1                     
0     0031904c  _epilog_c28x_2                     
0     00319054  _memset                            
0     00319060  _ISR_ILLEGAL                       
0     0031906a  __register_unlock                  
0     0031906e  __register_lock                    
0     00319072  __nop                              
0     0031907b  ___cinit__                         
0     0031907b  ___etext__                         
0     0031907b  cinit                              
0     0031907b  etext                              
0     00338000  _IQfuncsLoadStart                  
0     003382e2  _IQfuncsLoadEnd                    
0     0033fff6  code_start                         
0     00380080  _ADC_cal                           
0     003fe000  _IQsinTable                        
0     003fe100  _IQcosTable                        
0     003fe400  _IQsinTableEnd                     
0     003fe502  _IQcosTableEnd                     
0     003fe502  _IQdivRoundSatTable                
0     003fe510  _IQdivTable                        
0     003fe712  _IQdivTableEnd                     
0     003fe712  _IQisqrtRoundSatTable              
0     003fe712  _IQsqrtRoundSatTable               
0     003fe722  _IQisqrtTable                      
0     003fe722  _IQsqrtTable                       
0     003fe824  _IQatan2HalfPITable                
0     003fe824  _IQisqrtTableEnd                   
0     003fe824  _IQsqrtTableEnd                    
0     003fe862  _IQatan2Table                      
0     003fe9e8  _IQ30mpyRndSatTable                
0     003fe9e8  _IQatan2TableEnd                   
0     003fe9e8  _IQmpyRndSatTable                  
0     003fe9f4  _IQ29mpyRndSatTable                
0     003fea00  _IQ28mpyRndSatTable                
0     003fea0c  _IQ27mpyRndSatTable                
0     003fea18  _IQ26mpyRndSatTable                
0     003fea24  _IQ25mpyRndSatTable                
0     003fea30  _IQ24mpyRndSatTable                
0     003fea3c  _IQ23mpyRndSatTable                
0     003fea48  _IQ22mpyRndSatTable                
0     003fea54  _IQ21mpyRndSatTable                
0     003fea60  _IQ20mpyRndSatTable                
0     003fea6c  _IQ19mpyRndSatTable                
0     003fea78  _IQ18mpyRndSatTable                
0     003fea84  _IQ17mpyRndSatTable                
0     003fea90  _IQ16mpyRndSatTable                
0     003fea9c  _IQ15mpyRndSatTable                
0     003feaa8  _IQ14mpyRndSatTable                
0     003feab4  _IQ13mpyRndSatTable                
0     003feac0  _IQ12mpyRndSatTable                
0     003feacc  _IQ11mpyRndSatTable                
0     003fead8  _IQ10mpyRndSatTable                
0     003feae4  _IQ9mpyRndSatTable                 
0     003feaf0  _IQ8mpyRndSatTable                 
0     003feafc  _IQ7mpyRndSatTable                 
0     003feb08  _IQ6mpyRndSatTable                 
0     003feb14  _IQ5mpyRndSatTable                 
0     003feb20  _IQ4mpyRndSatTable                 
0     003feb2c  _IQ3mpyRndSatTable                 
0     003feb38  _IQ2mpyRndSatTable                 
0     003feb44  _IQ1mpyRndSatTable                 
0     003feb50  _IQmpyRndSatTableEnd               
1     00000400  __stack                            
1     00000700  __STACK_END                        
1     00000880  _DevEmuRegs                        
1     00000a80  _FlashRegs                         
1     00000ae0  _CsmRegs                           
1     00000b00  _AdcMirror                         
1     00000b20  _XintfRegs                         
1     00000c00  _CpuTimer0Regs                     
1     00000c08  _CpuTimer1Regs                     
1     00000c10  _CpuTimer2Regs                     
1     00000ce0  _PieCtrlRegs                       
1     00000d00  _PieVectTable                      
1     00001000  _DmaRegs                           
1     00004000  _ozFpga                            
1     00005000  _McbspaRegs                        
1     00005040  _McbspbRegs                        
1     00006000  _ECanaRegs                         
1     00006040  _ECanaLAMRegs                      
1     00006080  _ECanaMOTSRegs                     
1     000060c0  _ECanaMOTORegs                     
1     00006100  _ECanaMboxes                       
1     00006200  _ECanbRegs                         
1     00006240  _ECanbLAMRegs                      
1     00006280  _ECanbMOTSRegs                     
1     000062c0  _ECanbMOTORegs                     
1     00006300  _ECanbMboxes                       
1     00006800  _EPwm1Regs                         
1     00006840  _EPwm2Regs                         
1     00006880  _EPwm3Regs                         
1     000068c0  _EPwm4Regs                         
1     00006900  _EPwm5Regs                         
1     00006940  _EPwm6Regs                         
1     00006a00  _ECap1Regs                         
1     00006a20  _ECap2Regs                         
1     00006a40  _ECap3Regs                         
1     00006a60  _ECap4Regs                         
1     00006a80  _ECap5Regs                         
1     00006aa0  _ECap6Regs                         
1     00006b00  _EQep1Regs                         
1     00006b40  _EQep2Regs                         
1     00006f80  _GpioCtrlRegs                      
1     00006fc0  _GpioDataRegs                      
1     00006fe0  _GpioIntRegs                       
1     00007010  _SysCtrlRegs                       
1     00007040  _SpiaRegs                          
1     00007050  _SciaRegs                          
1     00007070  _XIntruptRegs                      
1     00007100  _AdcRegs                           
1     00007750  _ScibRegs                          
1     00007770  _ScicRegs                          
1     00007900  _I2caRegs                          
1     0000c000  .bss                               
1     0000c000  _EnableSplitPhase                  
1     0000c000  ___bss__                           
1     0000c000  ___end__                           
1     0000c000  end                                
1     0000c001  _EnableUPSMode                     
1     0000c002  _affEnable                         
1     0000c003  _SlaveBit                          
1     0000c004  _afePhaseRotationCmd               
1     0000c005  _ACpwrAvail_remote                 
1     0000c006  _lineVoltageDetected_remote        
1     0000c007  _ACpwrAvail                        
1     0000c008  _lineVoltageDetected               
1     0000c00a  _id_cmd_Sp                         
1     0000c00c  _de1                               
1     0000c00e  _iq_cmd_Sp                         
1     0000c010  _iq_cmd_3p                         
1     0000c012  _id_cmd_3p                         
1     0000c014  _Vdc_full                          
1     0000c016  _Vtarget_set                       
1     0000c018  _Vtarget_min                       
1     0000c01a  _minDC_volts                       
1     0000c01c  _Vtarget_iq                        
1     0000c01e  _Vq_transfer                       
1     0000c020  _Vdc_set                           
1     0000c022  _Vtarget                           
1     0000c024  _Qcmd                              
1     0000c026  _vDCin                             
1     0000c028  _lvmBaseVoltage                    
1     0000c02a  _Pcmd                              
1     0000c02c  _Vll_request                       
1     0000c02e  _Vd_transfer                       
1     0000c030  _Vd                                
1     0000c032  _Vq_form                           
1     0000c034  _Vd_form                           
1     0000c036  _id_offset                         
1     0000c038  _Vsoftstart                        
1     0000c03a  _di1                               
1     0000c03c  _Vq                                
1     0000c03e  _qe1                               
1     0000c040  _apparentPower                     
1     0000c042  _reactivePower                     
1     0000c046  _powerFactor                       
1     0000c048  _iq_offset                         
1     0000c04a  _qi1                               
1     0000c04c  _realPower                         
1     0000c04e  _iq_filt                           
1     0000c056  _id_filt                           
1     0000c05e  _Q_filt                            
1     0000c066  _P_filt                            
1     0000c06e  _iAC_filt                          
1     0000c076  _vAcRemote_filt                    
1     0000c080  _iDC_filt                          
1     0000c088  _vAC_filt                          
1     0000c090  _aveInputVdc                       
1     0000c098  _vDC_filt                          
1     0000c0a0  _iq_cmd_filt                       
1     0000c0a8  _id_cmd_filt                       
1     0000c0c0  _freqMonLimitsRemoteSync           
1     0000c0cc  _freqMonLimits                     
1     0000c0d8  _ieee1547FreqMonitor_remote        
1     0000c0e8  _ieee1547FreqMonitor               
1     0000c100  _phaseCurrents_filt                
1     0000c118  _id_err_fir_filt                   
1     0000c140  _iq_err_fir_filt                   
1     0000c1c0  _ieee1547LVM_remote                
1     0000c200  _ieee1547LVM                       
1     0000c240  _afeParams                         
1     0000c280  _Current_Fbk_SOGI                  
1     0000c300  _pll                               
1     0000c3c0  _pll_remote                        
1     0000c480  _idns_aff                          
1     0000c640  _iqns_aff                          
1     0000c800  _id_aff                            
1     0000c9c0  _iq_aff                            
1     0000cb64  _OzMuxSelect                       
1     0000cb65  _a2dReversePolarityHV              
1     0000cb66  _TempD                             
1     0000cb68  _Voltsn15V                         
1     0000cb6a  _Volts3p3V                         
1     0000cb6c  _TempB                             
1     0000cb6e  _TempA                             
1     0000cb70  _Volts24V                          
1     0000cb72  _TempC                             
1     0000cb74  _Volts5V                           
1     0000cb76  _Volts15V                          
1     0000cb78  _TempE                             
1     0000cb7c  _Main_adcresult                    
1     0000cb7e  _lineVoltagePresentThreshold       
1     0000cb80  _SyncToRemote                      
1     0000cb81  _canEnable                         
1     0000cb84  _canModeMsgValid                   
1     0000cb85  _powerCmdSlave                     
1     0000cb86  _UseVoltageRemote                  
1     0000cb90  _Hzcmd_rec                         
1     0000cb92  _Vcmd_rec                          
1     0000cf56  _mcFreqScale                       
1     0000cf6e  _motorControlVHz                   
1     0000d040  _portC                             
1     0000d1e4  _hwDef                             
1     0000d200  _sunspecModelList                  
1     0000d240  _sunspecInterface                  
1     0000d300  _sunspecRwRegs                     
1     0000d408  _ResFltTotal                       
1     0000d409  _ResFltLast                        
1     0000d40c  _Res_elecTheta                     
1     0000d410  _radianScaler                      
1     0000d412  _Res_speed                         
1     0000d414  _BackEMF                           
1     0000d416  _Res_elecTheta_next                
1     0000d41c  _delta_elecTheta                   
1     0000d420  _rdcData                           
1     0000d43e  __lock                             
1     0000d442  _remote_offset                     
1     0000d444  _fwhat                             
1     0000d446  _fnuts                             
1     0000d480  _sogi_Ialpha                       
1     0000d496  _sogi_Ibeta                        
1     0000d640  _numberOfDevices                   
1     0000d642  _thermalModelDissipation           
1     0000d646  _CoolantTemp                       
1     0000d648  _thermalModelHottest_Diode         
1     0000d64a  _Tsense_previous                   
1     0000d64c  _thermalModelTsense                
1     0000d64e  _DCVoltage                         
1     0000d650  _thermalModelHottest_IGBT          
1     0000d652  _switchingFreq                     
1     0000d654  _switchingPeriod                   
1     0000d656  _Diode_TCi                         
1     0000d65e  _IGBT_TCi                          
1     0000d666  _igbtParams                        
1     0000d680  _T_Diode                           
1     0000d698  _T_IGBT                            
1     0000d6c0  _I                                 
1     0000d6d8  _D                                 
1     0000d7e0  _backgroundLoopAliveTimer          
1     0000d7e8  _maxStackUsage                     
1     0000d7ec  _A_Task_Ptr                        
1     0000d7ee  _schedulerAppPwmIsrLoop            
1     0000d7f2  _B_Task_Ptr                        
1     0000d7f4  _C_Task_Ptr                        
1     0000d7f6  _CPU_RATE                          
1     0000d7f8  _CPU_FREQ                          
1     0000d7fa  _LSPCLK                            
1     0000d7fc  _HSPCLK                            
1     0000d7fe  _SYSCLKOUT                         
1     0000d800  _Angle_index                       
1     0000d992  _tMPHalf                           
1     0000d993  _tMPQuarter                        
1     0000d997  _pwmPermissivePhase                
1     0000d998  _PWM_Boost                         
1     0000d999  _TimeRemaining                     
1     0000d99b  _TimeRemainingMin                  
1     0000d99c  _pwmPermissiveBoost                
1     0000d99d  _pwmISRActive                      
1     0000d99f  _pwmActiveIndex                    
1     0000d9a4  _pwmSwitchingFrequency             
1     0000d9a9  _pwmDC                             
1     0000d9ac  _pwm1                              
1     0000d9b0  _pwmRegs                           
1     0000d9bc  ___TI_cleanup_ptr                  
1     0000d9be  ___TI_dtors_ptr                    
1     0000d9c0  _appFaultConfiguration             
1     0000d9c2  _masterSlaveParams                 
1     0000d9c3  _FaultClr                          
1     0000d9c4  _DlogCh1                           
1     0000d9c5  _DlogCh4                           
1     0000d9c6  _DlogCh2                           
1     0000d9c8  _DlogCh3                           
1     0000d9cc  _j1939Interface                    
1     0000d9cf  _digins                            
1     0000d9d7  _ioParams                          
1     0000da00  _lineMonitorParams                 
1     0000da10  _pumpDrive                         
1     0000da23  _digouts                           
1     0000da40  _dlog                              
1     0000da56  _fan1                              
1     0000da80  _fan2                              
1     0000db00  _tolList                           
1     0000db80  _pieVectTable                      
1     0000ddc0  _DCpwrAvail                        
1     0000ddc1  _BS_ThisPhase                      
1     0000ddc2  _hardwareDCUVFaultTriggered        
1     0000ddc3  _useThermalModel                   
1     0000ddc4  _vDCiq                             
1     0000ddc6  _vDCinv                            
1     0000ddc8  _BigBalls                          
1     0000ddca  _BS_leg1                           
1     0000ddcc  _iDCiqCalc                         
1     0000ddce  _vac_trip                          
1     0000ddd0  _vdc_trip                          
1     0000ddd2  _iac_trip                          
1     0000ddd4  _dIdt_FAULT_ENABLE                 
1     0000ddd6  _dIdt_FAULT                        
1     0000ddd8  _idc_trip                          
1     0000ddda  _BS_prevleg1                       
1     0000dddc  _lvdo                              
1     0000ddde  _BS_leg2                           
1     0000dde0  _maxVdc                            
1     0000dde2  _vDCiq_temp                        
1     0000dde4  _BS_prevleg2                       
1     0000dde6  _phaseDuties                       
1     0000ddec  _remoteLineVoltages                
1     0000ddf2  _lineVoltages                      
1     0000ddf8  _phaseCurrents                     
1     0000de00  _phaseLegCurrents                  
1     0000de0c  _PrevLegCurrents                   
1     0000de40  _a2dHSList                         
1     0000de7c  _relayList                         
1     0000deba  _warningStat                       
1     0000debc  _faultStat                         
1     0000debe  _faultStatConfig                   
1     0000dec0  _allowClamping                     
1     0000dec2  _tMV                               
1     0000dec4  _clampWindowHalf                   
1     0000dec6  _modulatorParams                   
1     0000decc  _simGridPresent                    
1     0000dece  _simVACTsw                         
1     0000ded0  _simVACFreq                        
1     0000ded2  _simVACiq                          
1     0000ded4  _simVACStepAngle                   
1     0000ded6  _simVAC                            
1     0000dee6  __unlock                           
1     0000dee8  _errno                             
1     0000e320  __sys_memory                       
1     00100000  _testOzExpBus                      
1     0033fff8  _CsmPwl                            
1     00380090  _PartIdRegs                        
abs   00000040  __SYSMEM_SIZE                      
abs   00000300  __STACK_SIZE                       
abs   ffffffff  ___binit__                         
abs   ffffffff  ___c_args__                        
abs   ffffffff  ___pinit__                         
abs   ffffffff  binit                              
abs   ffffffff  pinit                              

[707 symbols]
