





                                                                                 
                                                                                 
                                                                                 

 Apr 03, 2018     14:35:58


 ------------------------------------------------------------------------------
 ALL INFORMATION PRESENTED IS FOR REVIEW, APPROVAL, INTERPRETATION 
 AND APPLICATION BY A REGISTERED ENGINEER ONLY
 SKM DISCLAIMS ANY RESPONSIBILITY AND LIABILITY RESULTING
 FROM THE USE AND INTERPRETATION OF THIS SOFTWARE.
 ------------------------------------------------------------------------------
 SKM POWER*TOOLS FOR WINDOWS
 DEMAND LOAD ANALYSIS REPORT 
 COPYRIGHT SKM SYSTEMS ANALYSIS, INC. 1995-2008
 ------------------------------------------------------------------------------

          *** SOLUTION COMMENTS ***
          =========================

     LOAD ANALYSIS INCLUDES ALL LOADS.
Apr 03, 2018     14:35:58                                                     PAGE 2
                                                                                 
                                                                                 
                                                                                 


                                 LOAD SUMMARY
 ******************************************************************************

 LOAD SCHEDULE FOR  BUS-0031                            208. VOLTS LINE TO LINE
 SOURCE OF PWR      BUS204        
 ===================================================================================
 ITEM DESCRIPTION * CONNECTED MAX PH *  DEMAND  MAX PH  *  DESIGN  MAX PH * % 
                      KVA      AMPS      KVA     AMPS       KVA     AMPS   P F
 ===================================================================================
 END USE LOADS
 ENERGY AUDIT KVA   300.0    832.7     300.0    832.7     300.0    832.7  90.00 LAG  
 BRANCH LOADS
 ===================================================================================
      TOTALS        300.0    832.7     300.0    832.7     300.0    832.7  90.00 LAG  

 
 LOAD SCHEDULE FOR  BUS-0032                            480. VOLTS LINE TO LINE
 SOURCE OF PWR      BUS208        
 ===================================================================================
 ITEM DESCRIPTION * CONNECTED MAX PH *  DEMAND  MAX PH  *  DESIGN  MAX PH * % 
                      KVA      AMPS      KVA     AMPS       KVA     AMPS   P F
 ===================================================================================
 END USE LOADS
 ENERGY AUDIT KVA   600.0    721.7     600.0    721.7     600.0    721.7  90.00 LAG  
 BRANCH LOADS
 ===================================================================================
      TOTALS        600.0    721.7     600.0    721.7     600.0    721.7  90.00 LAG  

 
 LOAD SCHEDULE FOR  BUS-0033                            480. VOLTS LINE TO LINE
 SOURCE OF PWR      BUS208        
 ===================================================================================
 ITEM DESCRIPTION * CONNECTED MAX PH *  DEMAND  MAX PH  *  DESIGN  MAX PH * % 
                      KVA      AMPS      KVA     AMPS       KVA     AMPS   P F
 ===================================================================================
 END USE LOADS
 ENERGY AUDIT KVA  1000.0   1202.8    1000.0   1202.8    1000.0   1202.8  90.00 LAG  
 BRANCH LOADS
 ===================================================================================
      TOTALS       1000.0   1202.8    1000.0   1202.8    1000.0   1202.8  90.00 LAG  

 
 LOAD SCHEDULE FOR  BUS-0036                            480. VOLTS LINE TO LINE
 SOURCE OF PWR      BUS106        
 ===================================================================================
 ITEM DESCRIPTION * CONNECTED MAX PH *  DEMAND  MAX PH  *  DESIGN  MAX PH * % 
                      KVA      AMPS      KVA     AMPS       KVA     AMPS   P F
 ===================================================================================
 END USE LOADS
 ENERGY AUDIT KVA  1500.0   1804.2    1500.0   1804.2    1500.0   1804.2  90.00 LAG  
 BRANCH LOADS
 ===================================================================================
      TOTALS       1500.0   1804.2    1500.0   1804.2    1500.0   1804.2  90.00 LAG  


Apr 03, 2018     14:35:58                                                     PAGE 3
                                                                                 
                                                                                 
                                                                                 


                                 LOAD SUMMARY
 ******************************************************************************
 
 LOAD SCHEDULE FOR  BUS-0051                          13800. VOLTS LINE TO LINE
 SOURCE OF PWR      BUS103        
 ===================================================================================
 ITEM DESCRIPTION * CONNECTED MAX PH *  DEMAND  MAX PH  *  DESIGN  MAX PH * % 
                      KVA      AMPS      KVA     AMPS       KVA     AMPS   P F
 ===================================================================================
 END USE LOADS
 BRANCH LOADS
  BUS-0059            0.0      0.0       0.0      0.0     WARNING: LOAD IS ZERO
 ===================================================================================
 ***  WARNING  ***  DESIGN LOAD IS ZERO KVA

 
 LOAD SCHEDULE FOR  BUS-0053                          13800. VOLTS LINE TO LINE
 SOURCE OF PWR      BUS104        
 ===================================================================================
 ITEM DESCRIPTION * CONNECTED MAX PH *  DEMAND  MAX PH  *  DESIGN  MAX PH * % 
                      KVA      AMPS      KVA     AMPS       KVA     AMPS   P F
 ===================================================================================
 END USE LOADS
 BRANCH LOADS
  BUS106           2500.0    104.6    2500.0    104.6    2500.0    104.6  90.00 LAG  
 ===================================================================================
      TOTALS       2500.0    104.6    2500.0    104.6    2500.0    104.6  90.00 LAG  

 
 LOAD SCHEDULE FOR  BUS-0057                            480. VOLTS LINE TO LINE
 SOURCE OF PWR      BUS102        
 ===================================================================================
 ITEM DESCRIPTION * CONNECTED MAX PH *  DEMAND  MAX PH  *  DESIGN  MAX PH * % 
                      KVA      AMPS      KVA     AMPS       KVA     AMPS   P F
 ===================================================================================
 END USE LOADS
 ENERGY AUDIT KVA   300.0    360.8     300.0    360.8     300.0    360.8  90.00 LAG  
 BRANCH LOADS
 ===================================================================================
      TOTALS        300.0    360.8     300.0    360.8     300.0    360.8  90.00 LAG  

 
 LOAD SCHEDULE FOR  BUS-0058                            208. VOLTS LINE TO LINE
 SOURCE OF PWR      BUS104        
 ===================================================================================
 ITEM DESCRIPTION * CONNECTED MAX PH *  DEMAND  MAX PH  *  DESIGN  MAX PH * % 
                      KVA      AMPS      KVA     AMPS       KVA     AMPS   P F
 ===================================================================================
 END USE LOADS
 ENERGY AUDIT KVA   250.0    693.9     250.0    693.9     250.0    693.9  90.00 LAG  
 BRANCH LOADS
 ===================================================================================
      TOTALS        250.0    693.9     250.0    693.9     250.0    693.9  90.00 LAG  


Apr 03, 2018     14:35:58                                                     PAGE 4
                                                                                 
                                                                                 
                                                                                 


                                 LOAD SUMMARY
 ******************************************************************************
 
 LOAD SCHEDULE FOR  BUS-0059                            480. VOLTS LINE TO LINE
 SOURCE OF PWR      BUS-0051      
 ===================================================================================
 ITEM DESCRIPTION * CONNECTED MAX PH *  DEMAND  MAX PH  *  DESIGN  MAX PH * % 
                      KVA      AMPS      KVA     AMPS       KVA     AMPS   P F
 ===================================================================================
 END USE LOADS
 BRANCH LOADS
 ===================================================================================
 ***  WARNING  ***  DESIGN LOAD IS ZERO KVA

 
 LOAD SCHEDULE FOR  BUS-0060                          13800. VOLTS LINE TO LINE
 SOURCE OF PWR      BUS103        
 ===================================================================================
 ITEM DESCRIPTION * CONNECTED MAX PH *  DEMAND  MAX PH  *  DESIGN  MAX PH * % 
                      KVA      AMPS      KVA     AMPS       KVA     AMPS   P F
 ===================================================================================
 END USE LOADS
 BRANCH LOADS
 ===================================================================================
 ***  WARNING  ***  DESIGN LOAD IS ZERO KVA

 
 LOAD SCHEDULE FOR  BUS-0069                          13800. VOLTS LINE TO LINE
 SOURCE OF PWR      SOURCE BUS    
 ===================================================================================
 ITEM DESCRIPTION * CONNECTED MAX PH *  DEMAND  MAX PH  *  DESIGN  MAX PH * % 
                      KVA      AMPS      KVA     AMPS       KVA     AMPS   P F
 ===================================================================================
 END USE LOADS
 BRANCH LOADS
  BUS101           4250.0    177.8    4250.0    177.8    4250.0    177.8  90.00 LAG  
 ===================================================================================
      TOTALS       4250.0    177.8    4250.0    177.8    4250.0    177.8  90.00 LAG  

 
 LOAD SCHEDULE FOR  BUS-0070                          13800. VOLTS LINE TO LINE
 SOURCE OF PWR      SOURCE BUS    
 ===================================================================================
 ITEM DESCRIPTION * CONNECTED MAX PH *  DEMAND  MAX PH  *  DESIGN  MAX PH * % 
                      KVA      AMPS      KVA     AMPS       KVA     AMPS   P F
 ===================================================================================
 END USE LOADS
 BRANCH LOADS
  BUS201           6000.0    251.0    6000.0    251.0    6000.0    251.0  90.00 LAG  
 ===================================================================================
      TOTALS       6000.0    251.0    6000.0    251.0    6000.0    251.0  90.00 LAG  


Apr 03, 2018     14:35:58                                                     PAGE 5
                                                                                 
                                                                                 
                                                                                 


                                 LOAD SUMMARY
 ******************************************************************************
 
 LOAD SCHEDULE FOR  BUS-0071                          13800. VOLTS LINE TO LINE
 SOURCE OF PWR      SOURCE BUS    
 ===================================================================================
 ITEM DESCRIPTION * CONNECTED MAX PH *  DEMAND  MAX PH  *  DESIGN  MAX PH * % 
                      KVA      AMPS      KVA     AMPS       KVA     AMPS   P F
 ===================================================================================
 END USE LOADS
 BRANCH LOADS
  BUS301           4000.0    167.3    4000.0    167.3    4000.0    167.3  90.00 LAG  
 ===================================================================================
      TOTALS       4000.0    167.3    4000.0    167.3    4000.0    167.3  90.00 LAG  

 
 LOAD SCHEDULE FOR  BUS101                            13800. VOLTS LINE TO LINE
 SOURCE OF PWR      BUS-0069      
 ===================================================================================
 ITEM DESCRIPTION * CONNECTED MAX PH *  DEMAND  MAX PH  *  DESIGN  MAX PH * % 
                      KVA      AMPS      KVA     AMPS       KVA     AMPS   P F
 ===================================================================================
 END USE LOADS
 BRANCH LOADS
  BUS104           2750.0    115.1    2750.0    115.1    2750.0    115.1  90.00 LAG  
  BUS102           1500.0     62.8    1500.0     62.8    1500.0     62.8  90.00 LAG  
  BUS103              0.0      0.0       0.0      0.0     WARNING: LOAD IS ZERO
 ===================================================================================
      TOTALS       4250.0    177.8    4250.0    177.8    4250.0    177.8  90.00 LAG  

 
 LOAD SCHEDULE FOR  BUS102                            13800. VOLTS LINE TO LINE
 SOURCE OF PWR      BUS101        
 ===================================================================================
 ITEM DESCRIPTION * CONNECTED MAX PH *  DEMAND  MAX PH  *  DESIGN  MAX PH * % 
                      KVA      AMPS      KVA     AMPS       KVA     AMPS   P F
 ===================================================================================
 END USE LOADS
 BRANCH LOADS
  BUS-0057          300.0     12.6     300.0     12.6     300.0     12.6  90.00 LAG  
  BUS105           1200.0     50.2    1200.0     50.2    1200.0     50.2  90.00 LAG  
 ===================================================================================
      TOTALS       1500.0     62.8    1500.0     62.8    1500.0     62.8  90.00 LAG  

 
 LOAD SCHEDULE FOR  BUS103                            13800. VOLTS LINE TO LINE
 SOURCE OF PWR      BUS101        
 ===================================================================================
 ITEM DESCRIPTION * CONNECTED MAX PH *  DEMAND  MAX PH  *  DESIGN  MAX PH * % 
                      KVA      AMPS      KVA     AMPS       KVA     AMPS   P F
 ===================================================================================
 END USE LOADS
 BRANCH LOADS
  BUS-0060            0.0      0.0       0.0      0.0     WARNING: LOAD IS ZERO
  BUS-0051            0.0      0.0       0.0      0.0     WARNING: LOAD IS ZERO
 ===================================================================================
 ***  WARNING  ***  DESIGN LOAD IS ZERO KVA


Apr 03, 2018     14:35:58                                                     PAGE 6
                                                                                 
                                                                                 
                                                                                 


                                 LOAD SUMMARY
 ******************************************************************************
 
 LOAD SCHEDULE FOR  BUS104                            13800. VOLTS LINE TO LINE
 SOURCE OF PWR      BUS101        
 ===================================================================================
 ITEM DESCRIPTION * CONNECTED MAX PH *  DEMAND  MAX PH  *  DESIGN  MAX PH * % 
                      KVA      AMPS      KVA     AMPS       KVA     AMPS   P F
 ===================================================================================
 END USE LOADS
 BRANCH LOADS
  BUS-0058          250.0     10.5     250.0     10.5     250.0     10.5  90.00 LAG  
  BUS-0053         2500.0    104.6    2500.0    104.6    2500.0    104.6  90.00 LAG  
 ===================================================================================
      TOTALS       2750.0    115.1    2750.0    115.1    2750.0    115.1  90.00 LAG  

 
 LOAD SCHEDULE FOR  BUS105                              480. VOLTS LINE TO LINE
 SOURCE OF PWR      BUS102        
 ===================================================================================
 ITEM DESCRIPTION * CONNECTED MAX PH *  DEMAND  MAX PH  *  DESIGN  MAX PH * % 
                      KVA      AMPS      KVA     AMPS       KVA     AMPS   P F
 ===================================================================================
 END USE LOADS
 ENERGY AUDIT KVA  1200.0   1443.4    1200.0   1443.4    1200.0   1443.4  90.00 LAG  
 BRANCH LOADS
 ===================================================================================
      TOTALS       1200.0   1443.4    1200.0   1443.4    1200.0   1443.4  90.00 LAG  

 
 LOAD SCHEDULE FOR  BUS106                             4160. VOLTS LINE TO LINE
 SOURCE OF PWR      BUS-0053      
 ===================================================================================
 ITEM DESCRIPTION * CONNECTED MAX PH *  DEMAND  MAX PH  *  DESIGN  MAX PH * % 
                      KVA      AMPS      KVA     AMPS       KVA     AMPS   P F
 ===================================================================================
 END USE LOADS
 BRANCH LOADS
  BUS107           1000.0    138.8    1000.0    138.8    1000.0    138.8  90.00 LAG  
  BUS-0036         1500.0    208.2    1500.0    208.2    1500.0    208.2  90.00 LAG  
 ===================================================================================
      TOTALS       2500.0    347.0    2500.0    347.0    2500.0    347.0  90.00 LAG  

 
 LOAD SCHEDULE FOR  BUS107                              480. VOLTS LINE TO LINE
 SOURCE OF PWR      BUS106        
 ===================================================================================
 ITEM DESCRIPTION * CONNECTED MAX PH *  DEMAND  MAX PH  *  DESIGN  MAX PH * % 
                      KVA      AMPS      KVA     AMPS       KVA     AMPS   P F
 ===================================================================================
 END USE LOADS
 ENERGY AUDIT KVA  1000.0   1202.8    1000.0   1202.8    1000.0   1202.8  90.00 LAG  
 BRANCH LOADS
 ===================================================================================
      TOTALS       1000.0   1202.8    1000.0   1202.8    1000.0   1202.8  90.00 LAG  


Apr 03, 2018     14:35:58                                                     PAGE 7
                                                                                 
                                                                                 
                                                                                 


                                 LOAD SUMMARY
 ******************************************************************************
 
 LOAD SCHEDULE FOR  BUS201                            13800. VOLTS LINE TO LINE
 SOURCE OF PWR      BUS-0070      
 ===================================================================================
 ITEM DESCRIPTION * CONNECTED MAX PH *  DEMAND  MAX PH  *  DESIGN  MAX PH * % 
                      KVA      AMPS      KVA     AMPS       KVA     AMPS   P F
 ===================================================================================
 END USE LOADS
 BRANCH LOADS
  BUS204           2900.0    121.3    2900.0    121.3    2900.0    121.3  90.00 LAG  
  BUS205           1400.0     58.6    1400.0     58.6    1400.0     58.6  90.00 LAG  
  BUS203           1700.0     71.1    1700.0     71.1    1700.0     71.1  90.00 LAG  
 ===================================================================================
      TOTALS       6000.0    251.0    6000.0    251.0    6000.0    251.0  90.00 LAG  

 
 LOAD SCHEDULE FOR  BUS202                              480. VOLTS LINE TO LINE
 SOURCE OF PWR      BUS204        
 ===================================================================================
 ITEM DESCRIPTION * CONNECTED MAX PH *  DEMAND  MAX PH  *  DESIGN  MAX PH * % 
                      KVA      AMPS      KVA     AMPS       KVA     AMPS   P F
 ===================================================================================
 END USE LOADS
 ENERGY AUDIT KVA  1000.0   1202.8    1000.0   1202.8    1000.0   1202.8  90.00 LAG  
 BRANCH LOADS
 ===================================================================================
      TOTALS       1000.0   1202.8    1000.0   1202.8    1000.0   1202.8  90.00 LAG  

 
 LOAD SCHEDULE FOR  BUS203                            13800. VOLTS LINE TO LINE
 SOURCE OF PWR      BUS201        
 ===================================================================================
 ITEM DESCRIPTION * CONNECTED MAX PH *  DEMAND  MAX PH  *  DESIGN  MAX PH * % 
                      KVA      AMPS      KVA     AMPS       KVA     AMPS   P F
 ===================================================================================
 END USE LOADS
 BRANCH LOADS
  BUS206           1000.0     41.8    1000.0     41.8    1000.0     41.8  90.00 LAG  
  BUS207            700.0     29.3     700.0     29.3     700.0     29.3  90.00 LAG  
 ===================================================================================
      TOTALS       1700.0     71.1    1700.0     71.1    1700.0     71.1  90.00 LAG  

 
 LOAD SCHEDULE FOR  BUS204                            13800. VOLTS LINE TO LINE
 SOURCE OF PWR      BUS201        
 ===================================================================================
 ITEM DESCRIPTION * CONNECTED MAX PH *  DEMAND  MAX PH  *  DESIGN  MAX PH * % 
                      KVA      AMPS      KVA     AMPS       KVA     AMPS   P F
 ===================================================================================
 END USE LOADS
 BRANCH LOADS
  BUS-0031          300.0     12.6     300.0     12.6     300.0     12.6  90.00 LAG  
  BUS208           1600.0     66.9    1600.0     66.9    1600.0     66.9  90.00 LAG  
  BUS202           1000.0     41.8    1000.0     41.8    1000.0     41.8  90.00 LAG  
 ===================================================================================
      TOTALS       2900.0    121.3    2900.0    121.3    2900.0    121.3  90.00 LAG  


Apr 03, 2018     14:35:58                                                     PAGE 8
                                                                                 
                                                                                 
                                                                                 


                                 LOAD SUMMARY
 ******************************************************************************
 
 LOAD SCHEDULE FOR  BUS205                            13800. VOLTS LINE TO LINE
 SOURCE OF PWR      BUS201        
 ===================================================================================
 ITEM DESCRIPTION * CONNECTED MAX PH *  DEMAND  MAX PH  *  DESIGN  MAX PH * % 
                      KVA      AMPS      KVA     AMPS       KVA     AMPS   P F
 ===================================================================================
 END USE LOADS
 BRANCH LOADS
  BUS209           1000.0     41.8    1000.0     41.8    1000.0     41.8  90.00 LAG  
  BUS210            400.0     16.7     400.0     16.7     400.0     16.7  90.00 LAG  
  BUS-PV              0.0      0.0       0.0      0.0     WARNING: LOAD IS ZERO
 ===================================================================================
      TOTALS       1400.0     58.6    1400.0     58.6    1400.0     58.6  90.00 LAG  

 
 LOAD SCHEDULE FOR  BUS206                              480. VOLTS LINE TO LINE
 SOURCE OF PWR      BUS203        
 ===================================================================================
 ITEM DESCRIPTION * CONNECTED MAX PH *  DEMAND  MAX PH  *  DESIGN  MAX PH * % 
                      KVA      AMPS      KVA     AMPS       KVA     AMPS   P F
 ===================================================================================
 END USE LOADS
 ENERGY AUDIT KVA  1000.0   1202.8    1000.0   1202.8    1000.0   1202.8  90.00 LAG  
 BRANCH LOADS
 ===================================================================================
      TOTALS       1000.0   1202.8    1000.0   1202.8    1000.0   1202.8  90.00 LAG  

 
 LOAD SCHEDULE FOR  BUS207                              480. VOLTS LINE TO LINE
 SOURCE OF PWR      BUS203        
 ===================================================================================
 ITEM DESCRIPTION * CONNECTED MAX PH *  DEMAND  MAX PH  *  DESIGN  MAX PH * % 
                      KVA      AMPS      KVA     AMPS       KVA     AMPS   P F
 ===================================================================================
 END USE LOADS
 ENERGY AUDIT KVA   700.0    842.0     700.0    842.0     700.0    842.0  90.00 LAG  
 BRANCH LOADS
 ===================================================================================
      TOTALS        700.0    842.0     700.0    842.0     700.0    842.0  90.00 LAG  

 
 LOAD SCHEDULE FOR  BUS208                             4160. VOLTS LINE TO LINE
 SOURCE OF PWR      BUS204        
 ===================================================================================
 ITEM DESCRIPTION * CONNECTED MAX PH *  DEMAND  MAX PH  *  DESIGN  MAX PH * % 
                      KVA      AMPS      KVA     AMPS       KVA     AMPS   P F
 ===================================================================================
 END USE LOADS
 BRANCH LOADS
  BUS-0032          600.0     83.3     600.0     83.3     600.0     83.3  90.00 LAG  
  BUS-0033         1000.0    138.8    1000.0    138.8    1000.0    138.8  90.00 LAG  
 ===================================================================================
      TOTALS       1600.0    222.1    1600.0    222.1    1600.0    222.1  90.00 LAG  


Apr 03, 2018     14:35:58                                                     PAGE 9
                                                                                 
                                                                                 
                                                                                 


                                 LOAD SUMMARY
 ******************************************************************************
 
 LOAD SCHEDULE FOR  BUS209                              480. VOLTS LINE TO LINE
 SOURCE OF PWR      BUS205        
 ===================================================================================
 ITEM DESCRIPTION * CONNECTED MAX PH *  DEMAND  MAX PH  *  DESIGN  MAX PH * % 
                      KVA      AMPS      KVA     AMPS       KVA     AMPS   P F
 ===================================================================================
 END USE LOADS
 ENERGY AUDIT KVA  1000.0   1202.8    1000.0   1202.8    1000.0   1202.8  90.00 LAG  
 BRANCH LOADS
 ===================================================================================
      TOTALS       1000.0   1202.8    1000.0   1202.8    1000.0   1202.8  90.00 LAG  

 
 LOAD SCHEDULE FOR  BUS210                              480. VOLTS LINE TO LINE
 SOURCE OF PWR      BUS205        
 ===================================================================================
 ITEM DESCRIPTION * CONNECTED MAX PH *  DEMAND  MAX PH  *  DESIGN  MAX PH * % 
                      KVA      AMPS      KVA     AMPS       KVA     AMPS   P F
 ===================================================================================
 END USE LOADS
 ENERGY AUDIT KVA   400.0    481.1     400.0    481.1     400.0    481.1  90.00 LAG  
 BRANCH LOADS
 ===================================================================================
      TOTALS        400.0    481.1     400.0    481.1     400.0    481.1  90.00 LAG  

 
 LOAD SCHEDULE FOR  BUS301                            13800. VOLTS LINE TO LINE
 SOURCE OF PWR      BUS-0071      
 ===================================================================================
 ITEM DESCRIPTION * CONNECTED MAX PH *  DEMAND  MAX PH  *  DESIGN  MAX PH * % 
                      KVA      AMPS      KVA     AMPS       KVA     AMPS   P F
 ===================================================================================
 END USE LOADS
 BRANCH LOADS
  BUS302           1600.0     66.9    1600.0     66.9    1600.0     66.9  90.00 LAG  
  BUS303            800.0     33.5     800.0     33.5     800.0     33.5  90.00 LAG  
  BUS-T304         1000.0     41.8    1000.0     41.8    1000.0     41.8  90.00 LAG  
  BUS-T305          600.0     25.1     600.0     25.1     600.0     25.1  90.00 LAG  
 ===================================================================================
      TOTALS       4000.0    167.3    4000.0    167.3    4000.0    167.3  90.00 LAG  

 
 LOAD SCHEDULE FOR  BUS302                            13800. VOLTS LINE TO LINE
 SOURCE OF PWR      BUS301        
 ===================================================================================
 ITEM DESCRIPTION * CONNECTED MAX PH *  DEMAND  MAX PH  *  DESIGN  MAX PH * % 
                      KVA      AMPS      KVA     AMPS       KVA     AMPS   P F
 ===================================================================================
 END USE LOADS
 BRANCH LOADS
  BUS304           1000.0     41.8    1000.0     41.8    1000.0     41.8  90.00 LAG  
  BUS305            600.0     25.1     600.0     25.1     600.0     25.1  90.00 LAG  
 ===================================================================================
      TOTALS       1600.0     66.9    1600.0     66.9    1600.0     66.9  90.00 LAG  


Apr 03, 2018     14:35:58                                                    PAGE 10
                                                                                 
                                                                                 
                                                                                 


                                 LOAD SUMMARY
 ******************************************************************************
 
 LOAD SCHEDULE FOR  BUS303                            13800. VOLTS LINE TO LINE
 SOURCE OF PWR      BUS301        
 ===================================================================================
 ITEM DESCRIPTION * CONNECTED MAX PH *  DEMAND  MAX PH  *  DESIGN  MAX PH * % 
                      KVA      AMPS      KVA     AMPS       KVA     AMPS   P F
 ===================================================================================
 END USE LOADS
 BRANCH LOADS
  BUS-C6            800.0     33.5     800.0     33.5     800.0     33.5  90.00 LAG  
 ===================================================================================
      TOTALS        800.0     33.5     800.0     33.5     800.0     33.5  90.00 LAG  

 
 LOAD SCHEDULE FOR  BUS304                              480. VOLTS LINE TO LINE
 SOURCE OF PWR      BUS302        
 ===================================================================================
 ITEM DESCRIPTION * CONNECTED MAX PH *  DEMAND  MAX PH  *  DESIGN  MAX PH * % 
                      KVA      AMPS      KVA     AMPS       KVA     AMPS   P F
 ===================================================================================
 END USE LOADS
 ENERGY AUDIT KVA  1000.0   1202.8    1000.0   1202.8    1000.0   1202.8  90.00 LAG  
 BRANCH LOADS
 ===================================================================================
      TOTALS       1000.0   1202.8    1000.0   1202.8    1000.0   1202.8  90.00 LAG  

 
 LOAD SCHEDULE FOR  BUS305                              480. VOLTS LINE TO LINE
 SOURCE OF PWR      BUS302        
 ===================================================================================
 ITEM DESCRIPTION * CONNECTED MAX PH *  DEMAND  MAX PH  *  DESIGN  MAX PH * % 
                      KVA      AMPS      KVA     AMPS       KVA     AMPS   P F
 ===================================================================================
 END USE LOADS
 ENERGY AUDIT KVA   600.0    721.7     600.0    721.7     600.0    721.7  90.00 LAG  
 BRANCH LOADS
 ===================================================================================
      TOTALS        600.0    721.7     600.0    721.7     600.0    721.7  90.00 LAG  

 
 LOAD SCHEDULE FOR  BUS306                              480. VOLTS LINE TO LINE
 SOURCE OF PWR      BUS-T305      
 ===================================================================================
 ITEM DESCRIPTION * CONNECTED MAX PH *  DEMAND  MAX PH  *  DESIGN  MAX PH * % 
                      KVA      AMPS      KVA     AMPS       KVA     AMPS   P F
 ===================================================================================
 END USE LOADS
 ENERGY AUDIT KVA   600.0    721.7     600.0    721.7     600.0    721.7  90.00 LAG  
 BRANCH LOADS
 ===================================================================================
      TOTALS        600.0    721.7     600.0    721.7     600.0    721.7  90.00 LAG  


Apr 03, 2018     14:35:58                                                    PAGE 11
                                                                                 
                                                                                 
                                                                                 


                                 LOAD SUMMARY
 ******************************************************************************
 
 LOAD SCHEDULE FOR  BUS307                              480. VOLTS LINE TO LINE
 SOURCE OF PWR      BUS-T304      
 ===================================================================================
 ITEM DESCRIPTION * CONNECTED MAX PH *  DEMAND  MAX PH  *  DESIGN  MAX PH * % 
                      KVA      AMPS      KVA     AMPS       KVA     AMPS   P F
 ===================================================================================
 END USE LOADS
 ENERGY AUDIT KVA  1000.0   1202.8    1000.0   1202.8    1000.0   1202.8  90.00 LAG  
 BRANCH LOADS
 ===================================================================================
      TOTALS       1000.0   1202.8    1000.0   1202.8    1000.0   1202.8  90.00 LAG  

 
 LOAD SCHEDULE FOR  BUS-C6                              480. VOLTS LINE TO LINE
 SOURCE OF PWR      BUS303        
 ===================================================================================
 ITEM DESCRIPTION * CONNECTED MAX PH *  DEMAND  MAX PH  *  DESIGN  MAX PH * % 
                      KVA      AMPS      KVA     AMPS       KVA     AMPS   P F
 ===================================================================================
 END USE LOADS
 ENERGY AUDIT KVA   800.0    962.3     800.0    962.3     800.0    962.3  90.00 LAG  
 BRANCH LOADS
 ===================================================================================
      TOTALS        800.0    962.3     800.0    962.3     800.0    962.3  90.00 LAG  

 
 LOAD SCHEDULE FOR  BUS-PV                              480. VOLTS LINE TO LINE
 SOURCE OF PWR      BUS205        
 ===================================================================================
 ITEM DESCRIPTION * CONNECTED MAX PH *  DEMAND  MAX PH  *  DESIGN  MAX PH * % 
                      KVA      AMPS      KVA     AMPS       KVA     AMPS   P F
 ===================================================================================
 END USE LOADS
 BRANCH LOADS
 ===================================================================================
 ***  WARNING  ***  DESIGN LOAD IS ZERO KVA

 
 LOAD SCHEDULE FOR  BUS-T304                          13800. VOLTS LINE TO LINE
 SOURCE OF PWR      BUS301        
 ===================================================================================
 ITEM DESCRIPTION * CONNECTED MAX PH *  DEMAND  MAX PH  *  DESIGN  MAX PH * % 
                      KVA      AMPS      KVA     AMPS       KVA     AMPS   P F
 ===================================================================================
 END USE LOADS
 BRANCH LOADS
  BUS307           1000.0     41.8    1000.0     41.8    1000.0     41.8  90.00 LAG  
 ===================================================================================
      TOTALS       1000.0     41.8    1000.0     41.8    1000.0     41.8  90.00 LAG  


Apr 03, 2018     14:35:58                                                    PAGE 12
                                                                                 
                                                                                 
                                                                                 


                                 LOAD SUMMARY
 ******************************************************************************
 
 LOAD SCHEDULE FOR  BUS-T305                          13800. VOLTS LINE TO LINE
 SOURCE OF PWR      BUS301        
 ===================================================================================
 ITEM DESCRIPTION * CONNECTED MAX PH *  DEMAND  MAX PH  *  DESIGN  MAX PH * % 
                      KVA      AMPS      KVA     AMPS       KVA     AMPS   P F
 ===================================================================================
 END USE LOADS
 BRANCH LOADS
  BUS306            600.0     25.1     600.0     25.1     600.0     25.1  90.00 LAG  
 ===================================================================================
      TOTALS        600.0     25.1     600.0     25.1     600.0     25.1  90.00 LAG  

 


Apr 03, 2018     14:35:58                                                    PAGE 13
                                                                                 
                                                                                 
                                                                                 

                              SOURCE LOAD SUMMARY
 ******************************************************************************
 ==============================================================================
 LOAD DESCRIPTION   UNITS    CONNECTED    DEMAND     DESIGN       POWER FACTOR 
 TYPE                          LOAD        LOAD       LOAD           %
 ==============================================================================
 SOURCE NAME: FDR_1
 ==============================================================================
 ENERGY AUDIT KVA    KW         3825.0     3825.0     3825.0
                     KVAR       1852.5     1852.5     1852.5
                     KVA        4250.0     4250.0     4250.0      90.00 LAGGING

 ------------------------------------------------------------------------------
 TOTAL LOADS         KW         3825.0     3825.0     3825.0
                     KVAR       1852.5     1852.5     1852.5
                     KVA        4250.0     4250.0     4250.0
                     % PF         90.0       90.0       90.0
                               LAGGING    LAGGING    LAGGING

 SOURCE NAME: FDR_2
 ==============================================================================
 ENERGY AUDIT KVA    KW         5400.0     5400.0     5400.0
                     KVAR       2615.3     2615.3     2615.3
                     KVA        6000.0     6000.0     6000.0      90.00 LAGGING

 ------------------------------------------------------------------------------
 TOTAL LOADS         KW         5400.0     5400.0     5400.0
                     KVAR       2615.3     2615.3     2615.3
                     KVA        6000.0     6000.0     6000.0
                     % PF         90.0       90.0       90.0
                               LAGGING    LAGGING    LAGGING

 SOURCE NAME: FDR_3
 ==============================================================================
 ENERGY AUDIT KVA    KW         3600.0     3600.0     3600.0
                     KVAR       1743.6     1743.6     1743.6
                     KVA        4000.0     4000.0     4000.0      90.00 LAGGING

 ------------------------------------------------------------------------------
 TOTAL LOADS         KW         3600.0     3600.0     3600.0
                     KVAR       1743.6     1743.6     1743.6
                     KVA        4000.0     4000.0     4000.0
                     % PF         90.0       90.0       90.0
                               LAGGING    LAGGING    LAGGING

Apr 03, 2018     14:35:58                                                    PAGE 14
                                                                                 
                                                                                 
                                                                                 

                        TOTAL SOURCE LOAD SUMMARY
 ******************************************************************************
 ==============================================================================
 LOAD DESCRIPTION   UNITS    CONNECTED    DEMAND     DESIGN       POWER FACTOR 
 TYPE                          LOAD        LOAD       LOAD           %
 ==============================================================================
 ENERGY AUDIT KVA    KW        12825.0    12825.0    12825.0
                     KVAR       6211.4     6211.4     6211.4
                     KVA       14250.0    14250.0    14250.0      90.00 LAGGING

 ------------------------------------------------------------------------------
 TOTAL LOADS         KW        12825.0    12825.0    12825.0
                     KVAR       6211.4     6211.4     6211.4
                     KVA       14250.0    14250.0    14250.0
                     % PF         90.0       90.0       90.0
                               LAGGING    LAGGING    LAGGING

Apr 03, 2018     14:35:58                                                    PAGE 15
                                                                                 
                                                                                 
                                                                                 




 LOAD DEMAND TABLE
 ==============================================================================
 LOAD DESCRIPTION  LOAD   FIRST DEMAND SECOND DEMAND THIRD DEMAND        DESIGN
                   TYPE     KVA   %       KVA   %      KVA   %            FACT
 ==============================================================================
 GEN                 K      100 100       ALL  50       ALL 100            1.00
 LTS                 K      ALL 100       ALL 100       ALL 100            1.25
 REC                 Z       10 100       ALL  50       ALL 100            1.00
 OFF EQ              K      ALL 100       ALL 100       ALL 100            1.00
 HEAT                Z      ALL 100       ALL 100       ALL 100            1.25
 CAP                 Z      ALL 100       ALL 100       ALL 100            1.35
 SPARE               K      ALL 100       ALL 100       ALL 100            1.00
 GENERAL LOADS       K      100 100       ALL  50       ALL 100            1.00
 LIGHTING            K      ALL 100       ALL 100       ALL 100            1.25
 RECEPTACLES         Z       10 100       ALL  50       ALL 100            1.00
 OFFICE EQUIPMENT    K      ALL 100       ALL 100       ALL 100            1.00
 HEATING             Z      ALL 100       ALL 100       ALL 100            1.25
 CAPACITORS          Z      ALL 100       ALL 100       ALL 100            1.35
 SPACE               K      ALL 100       ALL 100       ALL 100            1.00
 SPARE               K      ALL 100       ALL 100       ALL 100            1.00
 SPARE               K      ALL 100       ALL 100       ALL 100            1.00
 SPARE               K      ALL 100       ALL 100       ALL 100            1.00
 SPARE               K      ALL 100       ALL 100       ALL 100            1.00
 SPARE               K      ALL 100       ALL 100       ALL 100            1.00
 SPARE               K      ALL 100       ALL 100       ALL 100            1.00


 NOTES:
     1) LARGEST MOTOR CIRCUIT IDENTIFIED AND USED TO CALCULATE DESIGN LOAD BASED ON NEC ART 430.
     2) MULTI-LEVEL DEMAND AND DESIGN FACTORS APPLIED AT EACH LOAD BUS.
     3) LOAD TOTALS CALCULATED USING COMPLEX ADDITION BASED ON POWER FACTOR.
