
 
 
 
 
 
 

 
 
 
 
 
 Sep 22, 2016     15:56:19                                                Page 1
 ------------------------------------------------------------------------------
  ALL INFORMATION PRESENTED IS FOR REVIEW, APPROVAL
  INTERPRETATION AND APPLICATION BY A REGISTERED ENGINEER ONLY
  SKM DISCLAIMS ANY RESPONSIBILITY AND LIABILITY RESULTING
  FROM THE USE AND INTERPRETATION OF THIS SOFTWARE.
 ------------------------------------------------------------------------------
  SKM POWER*TOOLS FOR WINDOWS 
  OUTPUT DATA REPORT 
  COPYRIGHT SKM SYSTEMS ANALYSIS, INC. 1995-2012
 ------------------------------------------------------------------------------
 
 
 
 
 
 
 
 
 

 
 
 
 
 Sep 22, 2016     15:56:20                                                Page 2
 
 
 
 
 зддддддддддддддддддддддддддддддддддддддддддддддддддддддддддддддддддддддддддддддддддддддд© 
 Ё                           S T U D Y    C R I T E R I A                                Ё 
 юддддддддддддддддддддддддддддддддддддддддддддддддддддддддддддддддддддддддддддддддддддддды 
 
  Studies Selected To Run:
    Load Flow:                                     Yes
    Frequency Scan:                                Yes
    Harmonic Distortion:                           Yes
 
  Load Flow Study Setup Options
    Utility Impedance:                             Yes
    Transformer Phase Shift:                       Yes
    Solution Method:                               Exact
    Load Specification:                            Connected Load
    Generation Acceleration Factor:                1.00
    Load Acceleration Factor:                      1.00
    Bus Voltage Drop:                              5.00
    Branch Voltage Drop:                           3.00
 
  HI_WAVE Study Setup Options
    Fundamental Frequency:                         60 Hz
    Max. Harmonic Order:                           50
    Include Triplet Harmonics Path (Static Load):  No
    Include Triplet Harmonics Path (Ind. Motor):   No
    Modify Motor Z by Load Factor (Ind. Motor):    Yes
    Modify Load Z by Load Factor (Static Load):    Yes
 
  HI_WAVE Study Setup Options for Frequency Scan
    Scan Impedance Option:                         Scan Self Impedance
    Use Positive Sequence Network:                 Yes
    Use Negative Sequence Network:                 Yes
    Use Zero Sequence Network:                     No
    Model Transformer Tap:                         Yes
    Model Transformer Phase Shift:                 Yes
    Report Bus Equivalent Impedance:               No
    Number of Scan Steps Per Order:                1
 
  HI_WAVE Study Setup Options for Distortion
    Use Positive Sequence Network:                 Yes
    Use Negative Sequence Network:                 Yes
    Use Zero Sequence Network:                     Yes
    Model Transformer Tap:                         Yes
    Model Transformer Phase Shift:                 Yes
    Fundamental Solution:                          Use Load Flow Result
    Report Option:                                 All Distortions and Violations
    Current Limits:                                IEEE 519-1992 Std, Current Distortion Limit Table 10.4 & 10.5, All utility/generator buses and harmonic source buses as PCC

 
 
 
 
 Sep 22, 2016     15:56:21                                                Page 3
 
 
 
 
  здддддддддддддддддддддддддддддддддддддддддддддддддддддддддддд© 
  Ё    H A R M O N I C   S O U R C E   I N D E X   T A B L E   Ё 
  фмммммммммммммммммммммммммммммммммммммммммммммммммммммммммммм╣ 
  Ё HARMONIC SOURCES HAVE BEEN FOUND AND INJECTED FOR EACH OF  Ё 
  Ё THE FOLLOWING HARMONIC ORDERS                              Ё 
  цдддддддддддддддддддддддддддддддддддддддддддддддддддддддддддд╢ 
  юдддддддддддддддддддддддддддддддддддддддддддддддддддддддддддды 
 
 

 
 
 
 
 Sep 22, 2016     15:56:21                                                Page 4
 
 
 
 
  здддддддддддддддддддддддддддддддддддддддддддддддддддддддддддддддддддддддддддддддддддддддддддддддддддддддддддддддддддддддддддд© 
  Ё                                           P A S S I V E  F I L T E R  D A T A                                              Ё 
  фммммммммммммммммяммммммммммммммммямммммммммямммммммммямммммммямммммммммммямммммммммямммммямммямммкммммммммяммммммммямммммммм╣ 
  Ё    Filter      Ё      Bus       Ё   Bus   Ё  Rated  ЁConnectЁ   Filter  ЁCapacitorЁTunedЁ   Ё   ╨    R   Ё    L   Ё   C    Ё 
  Ё     Name       Ё      Name      Ё Voltage Ё Voltage Ё       Ё   Type    Ё   KVAR  ЁOrderЁ Q Ё M ╨   (Й)  Ё   (H)  Ё  (ФF)  Ё 
  цддддддддддддддддеддддддддддддддддедддддддддедддддддддедддддддедддддддддддедддддддддедддддедддедддвддддддддеддддддддедддддддд╢ 
  Ё   NO  FILTER   Ё                Ё         Ё         Ё       Ё           Ё         Ё     Ё   Ё   ╨        Ё        Ё        Ё
  юддддддддддддддддаддддддддддддддддадддддддддадддддддддадддддддадддддддддддадддддддддадддддадддадддпддддддддаддддддддадддддддды 
 
 

 
 
 
 
 Sep 22, 2016     15:56:21                                                Page 5
 
 
 
 
  зддддддддддддддддддддддддддддддддддддддддддддддддддддддддддддддддддддддддддддддддддддддддддддддддддддддддд© 
  Ё                 U L T I L I T Y ,  G E N E R A T O R   A N D   M O T O R   D A T A                      Ё 
  фммммммммммммммммямммммммммммммммяммммммммммммммммямммммммммямммммммммямммммммммкммммммммммммямммммммммммм╣ 
  Ё    Component   Ё   Component   Ё      Bus       Ё   Bus   Ё   Base  Ё  Base   ╨     R1(pu) Ё     X1(pu) Ё 
  Ё     Name       Ё      Type     Ё      Name      Ё Voltage Ё Voltage Ё   KVA   ╨     R2     Ё     X2     Ё 
  Ё                Ё               Ё                Ё         Ё         Ё         ╨     R0     Ё     X0     Ё 
  цддддддддддддддддедддддддддддддддеддддддддддддддддедддддддддедддддддддедддддддддвддддддддддддедддддддддддд╢ 
  ЁUTIL-0002       ЁUTILITY        ЁSUBTRANSMISSION_Ё   115000Ё   115000Ё   100000╨      0.0002Ё      0.0024Ё 
  Ё                Ё               Ё                Ё         Ё         Ё         ╨      0.0002Ё      0.0024Ё
  Ё                Ё               Ё                Ё         Ё         Ё         ╨      0.0014Ё      0.0054Ё
  юддддддддддддддддадддддддддддддддаддддддддддддддддадддддддддадддддддддадддддддддпддддддддддддадддддддддддды 
 
 

 
 
 
 
 Sep 22, 2016     15:56:23                                                Page 6
 
 
 
 
  здддддддддддддддддддддддддддддддддддддддддддддддддддддддддддддддддддддддддддддддддддддд© 
  Ё                        T O T A L  V O L T A G E  D I S T O R T I O N                 Ё 
  фммммммммммммммммямммммммммяммммммммммммммямммммммммммммямммммммммммммммямммммммммммммм╣ 
  Ё    Bus Name    Ё Voltage Ё    V_RMS(V)  Ё    V_TIF    Ё    V_THD(%)   Ё   IEEE-519   Ё 
  цддддддддддддддддедддддддддеддддддддддддддедддддддддддддедддддддддддддддедддддддддддддд╢ 
  ЁBUS-0031        Ё      208Ё        215.52Ё       0.5000Ё        0.0000 Ё              Ё
  ЁBUS-0032        Ё      480Ё        488.63Ё       0.5000Ё        0.0000 Ё              Ё
  ЁBUS-0033        Ё      480Ё        490.20Ё       0.5000Ё        0.0000 Ё              Ё
  ЁBUS-0036        Ё      480Ё        486.15Ё       0.5000Ё        0.0000 Ё              Ё
  ЁBUS-0051        Ё    13800Ё      14787.30Ё       0.5000Ё        0.0000 Ё              Ё
  ЁBUS-0053        Ё    13800Ё      14722.04Ё       0.5000Ё        0.0000 Ё              Ё
  ЁBUS-0057        Ё      480Ё        503.69Ё       0.5000Ё        0.0000 Ё              Ё
  ЁBUS-0058        Ё      208Ё        218.36Ё       0.5000Ё        0.0000 Ё              Ё
  ЁBUS-0059        Ё      480Ё        514.34Ё       0.5000Ё        0.0000 Ё              Ё
  ЁBUS-0060        Ё    13800Ё      14787.30Ё       0.5000Ё        0.0000 Ё              Ё
  ЁBUS-0066        Ё    13800Ё      14866.31Ё       0.5000Ё        0.0000 Ё              Ё
  ЁBUS-C6          Ё      480Ё        494.63Ё       0.5000Ё        0.0000 Ё              Ё
  ЁBUS-PV          Ё      480Ё        510.60Ё       0.5000Ё        0.0000 Ё              Ё
  ЁBUS-T304        Ё    13800Ё      14701.57Ё       0.5000Ё        0.0000 Ё              Ё
  ЁBUS-T305        Ё    13800Ё      14705.75Ё       0.5000Ё        0.0000 Ё              Ё
  ЁBUS101          Ё    13800Ё      14787.30Ё       0.5000Ё        0.0000 Ё              Ё
  ЁBUS102          Ё    13800Ё      14778.32Ё       0.5000Ё        0.0000 Ё              Ё
  ЁBUS103          Ё    13800Ё      14787.30Ё       0.5000Ё        0.0000 Ё              Ё
  ЁBUS104          Ё    13800Ё      14735.04Ё       0.5000Ё        0.0000 Ё              Ё
  ЁBUS105          Ё      480Ё        504.97Ё       0.5000Ё        0.0000 Ё              Ё
  ЁBUS106          Ё     4160Ё       4348.28Ё       0.5000Ё        0.0000 Ё              Ё
  ЁBUS107          Ё      480Ё        491.49Ё       0.5000Ё        0.0000 Ё              Ё
  ЁBUS201          Ё    13800Ё      14689.20Ё       0.5000Ё        0.0000 Ё              Ё
  ЁBUS202          Ё      480Ё        500.23Ё       0.5000Ё        0.0000 Ё              Ё
  ЁBUS203          Ё    13800Ё      14672.14Ё       0.5000Ё        0.0000 Ё              Ё
  ЁBUS204          Ё    13800Ё      14600.38Ё       0.5000Ё        0.0000 Ё              Ё
  ЁBUS205          Ё    13800Ё      14679.86Ё       0.5000Ё        0.0000 Ё              Ё
  ЁBUS206          Ё      480Ё        500.29Ё       0.5000Ё        0.0000 Ё              Ё
  ЁBUS207          Ё      480Ё        503.36Ё       0.5000Ё        0.0000 Ё              Ё
  ЁBUS208          Ё     4160Ё       4344.12Ё       0.5000Ё        0.0000 Ё              Ё
  ЁBUS209          Ё      480Ё        503.04Ё       0.5000Ё        0.0000 Ё              Ё
  ЁBUS210          Ё      480Ё        502.45Ё       0.5000Ё        0.0000 Ё              Ё
  ЁBUS301          Ё    13800Ё      14708.23Ё       0.5000Ё        0.0000 Ё              Ё
  ЁBUS302          Ё    13800Ё      14694.88Ё       0.5000Ё        0.0000 Ё              Ё
  ЁBUS303          Ё    13800Ё      14699.33Ё       0.5000Ё        0.0000 Ё              Ё
  ЁBUS304          Ё      480Ё        501.09Ё       0.5000Ё        0.0000 Ё              Ё
  ЁBUS305          Ё      480Ё        505.17Ё       0.5000Ё        0.0000 Ё              Ё
  ЁBUS306          Ё      480Ё        499.16Ё       0.5000Ё        0.0000 Ё              Ё
  ЁBUS307          Ё      480Ё        503.81Ё       0.5000Ё        0.0000 Ё              Ё
  ЁSUB-BUS2        Ё    13800Ё      14781.34Ё       0.5000Ё        0.0000 Ё              Ё
  юддддддддддддддддадддддддддаддддддддддддддадддддддддддддадддддддддддддддадддддддддддддды 

 
 
 
 
 Sep 22, 2016     15:56:23                                                Page 7
 
 
 
 
  здддддддддддддддддддддддддддддддддддддддддддддддддддддддддддддддддддддддддддддддддддддд© 
  Ё                        T O T A L  V O L T A G E  D I S T O R T I O N                 Ё 
  фммммммммммммммммямммммммммяммммммммммммммямммммммммммммямммммммммммммммямммммммммммммм╣ 
  Ё    Bus Name    Ё Voltage Ё    V_RMS(V)  Ё    V_TIF    Ё    V_THD(%)   Ё   IEEE-519   Ё 
  цддддддддддддддддедддддддддеддддддддддддддедддддддддддддедддддддддддддддедддддддддддддд╢ 
  ЁSUB-BUS3        Ё    13800Ё      14866.31Ё       0.5000Ё        0.0000 Ё              Ё
  ЁSUBTRANSMISSION_Ё   115000Ё     118421.96Ё       0.5000Ё        0.0000 Ё           2.5Ё
  юддддддддддддддддадддддддддаддддддддддддддадддддддддддддадддддддддддддддадддддддддддддды 
 
 

 
 
 
 
 Sep 22, 2016     15:56:23                                                Page 8
 
 
 
 
  здддддддддддддддддддддддддддддддддддддддддддддддддддддддддддддддддддддддддддддддддддддд© 
  Ё                      V O L T A G E  D I S T O R T I O N  S U M M A R Y               Ё 
  фммммммммммммммммямммммммммяммммммммммммммямммммммммммммямммммммммммммммямммммммммммммм╣ 
  Ё    Bus Name    Ё Voltage Ё    V_RMS(V)  Ё    V_TIF    Ё    V_THD(%)   Ё   IEEE-519   Ё 
  цддддддддддддддддедддддддддеддддддддддддддедддддддддддддедддддддддддддддедддддддддддддд╢ 
  Ё  NO VIOLATION  Ё         Ё              Ё             Ё               Ё              Ё 
  юддддддддддддддддадддддддддаддддддддддддддадддддддддддддадддддддддддддддадддддддддддддды 
 
 

 
 
 
 
 Sep 22, 2016     15:56:23                                                Page 9
 
 
 
 
  здддддддддддддддддддддддддддддддддддддддддддддддддддддддддддддддддддддддддддддддддддддддддддддддддддддддддддддддддддддддд© 
  Ё                                T O T A L  C U R R E N T  D I S T O R T I O N                                           Ё 
  фммммммммммммммммяммммммммммммммммямммммммммяммммммммммяммммммммммяммммммммммяммммммммммяммммммммммяммммммммммямммммммммм╣ 
  Ё  Device Name   Ё  Bus Name      Ё Voltage Ё I_RMS(A) Ё  kWLoss  Ё kVARLoss Ё    IT    Ё     K    Ё I_THD(%) Ё IEEE-519 Ё 
  Ё                Ё  From/To       Ё From/To Ё          Ё Tot/Harm Ё Tot/Harm Ё          Ё          Ё          Ё          Ё 
  цддддддддддддддддеддддддддддддддддедддддддддеддддддддддеддддддддддеддддддддддеддддддддддеддддддддддеддддддддддедддддддддд╢ 
  ЁC101            ЁBUS101          Ё    13800Ё     59.68Ё     0.546Ё     0.810Ё     29.84Ё      1.00Ё     0.00 Ё          Ё
  Ё                ЁBUS102          Ё    13800Ё          Ё     0.000Ё     0.000Ё          Ё          Ё          Ё          Ё
  цддддддддддддддддеддддддддддддддддедддддддддеддддддддддеддддддддддеддддддддддеддддддддддеддддддддддеддддддддддедддддддддд╢ 
  ЁC102            ЁBUS101          Ё    13800Ё    112.78Ё     5.960Ё     8.835Ё     56.39Ё      1.00Ё     0.00 Ё          Ё
  Ё                ЁBUS104          Ё    13800Ё          Ё     0.000Ё     0.000Ё          Ё          Ё          Ё          Ё
  цддддддддддддддддеддддддддддддддддедддддддддеддддддддддеддддддддддеддддддддддеддддддддддеддддддддддеддддддддддедддддддддд╢ 
  ЁC103            ЁBUS103          Ё    13800Ё      0.00Ё     0.000Ё     0.000Ё      0.00Ё      0.00Ё     0.00 Ё          Ё
  Ё                ЁBUS-0060        Ё    13800Ё          Ё     0.000Ё     0.000Ё          Ё          Ё          Ё          Ё
  цддддддддддддддддеддддддддддддддддедддддддддеддддддддддеддддддддддеддддддддддеддддддддддеддддддддддеддддддддддедддддддддд╢ 
  ЁC104            ЁBUS103          Ё    13800Ё      0.00Ё     0.000Ё     0.000Ё      0.00Ё      0.00Ё     0.00 Ё          Ё
  Ё                ЁBUS-0051        Ё    13800Ё          Ё     0.000Ё     0.000Ё          Ё          Ё          Ё          Ё
  цддддддддддддддддеддддддддддддддддедддддддддеддддддддддеддддддддддеддддддддддеддддддддддеддддддддддеддддддддддедддддддддд╢ 
  ЁC106            ЁBUS104          Ё    13800Ё    102.82Ё     1.351Ё     2.003Ё     51.41Ё      1.00Ё     0.00 Ё          Ё
  Ё                ЁBUS-0053        Ё    13800Ё          Ё     0.000Ё     0.000Ё          Ё          Ё          Ё          Ё
  цддддддддддддддддеддддддддддддддддедддддддддеддддддддддеддддддддддеддддддддддеддддддддддеддддддддддеддддддддддедддддддддд╢ 
  ЁC201            ЁBUS201          Ё    13800Ё    117.87Ё    14.672Ё    10.683Ё     58.94Ё      1.00Ё     0.00 Ё          Ё
  Ё                ЁBUS204          Ё    13800Ё          Ё     0.000Ё     0.000Ё          Ё          Ё          Ё          Ё
  цддддддддддддддддеддддддддддддддддедддддддддеддддддддддеддддддддддеддддддддддеддддддддддеддддддддддеддддддддддедддддддддд╢ 
  ЁC202            ЁBUS201          Ё    13800Ё     55.91Ё     0.533Ё     0.790Ё     27.95Ё      1.00Ё     0.00 Ё          Ё
  Ё                ЁBUS205          Ё    13800Ё          Ё     0.000Ё     0.000Ё          Ё          Ё          Ё          Ё
  цддддддддддддддддеддддддддддддддддедддддддддеддддддддддеддддддддддеддддддддддеддддддддддеддддддддддеддддддддддедддддддддд╢ 
  ЁC203            ЁBUS201          Ё    13800Ё     68.07Ё     1.184Ё     1.755Ё     34.03Ё      1.00Ё     0.00 Ё          Ё
  Ё                ЁBUS203          Ё    13800Ё          Ё     0.000Ё     0.000Ё          Ё          Ё          Ё          Ё
  цддддддддддддддддеддддддддддддддддедддддддддеддддддддддеддддддддддеддддддддддеддддддддддеддддддддддеддддддддддедддддддддд╢ 
  ЁC301            ЁBUS301          Ё    13800Ё     63.93Ё     0.870Ё     1.290Ё     31.96Ё      1.00Ё     0.00 Ё          Ё
  Ё                ЁBUS302          Ё    13800Ё          Ё     0.000Ё     0.000Ё          Ё          Ё          Ё          Ё
  цддддддддддддддддеддддддддддддддддедддддддддеддддддддддеддддддддддеддддддддддеддддддддддеддддддддддеддддддддддедддддддддд╢ 
  ЁC302            ЁBUS301          Ё    13800Ё     32.48Ё     0.405Ё     0.295Ё     16.24Ё      1.00Ё     0.00 Ё          Ё
  Ё                ЁBUS303          Ё    13800Ё          Ё     0.000Ё     0.000Ё          Ё          Ё          Ё          Ё
  цддддддддддддддддеддддддддддддддддедддддддддеддддддддддеддддддддддеддддддддддеддддддддддеддддддддддеддддддддддедддддддддд╢ 
  ЁC303            ЁBUS301          Ё    13800Ё     39.86Ё     0.271Ё     0.401Ё     19.93Ё      1.00Ё     0.00 Ё          Ё
  Ё                ЁBUS-T304        Ё    13800Ё          Ё     0.000Ё     0.000Ё          Ё          Ё          Ё          Ё
  цддддддддддддддддеддддддддддддддддедддддддддеддддддддддеддддддддддеддддддддддеддддддддддеддддддддддеддддддддддедддддддддд╢ 
  ЁC304            ЁBUS301          Ё    13800Ё     24.14Ё     0.084Ё     0.061Ё     12.07Ё      1.00Ё     0.00 Ё          Ё
  Ё                ЁBUS-T305        Ё    13800Ё          Ё     0.000Ё     0.000Ё          Ё          Ё          Ё          Ё
  цддддддддддддддддеддддддддддддддддедддддддддеддддддддддеддддддддддеддддддддддеддддддддддеддддддддддеддддддддддедддддддддд╢ 
  ЁCBL-SHRT-01     ЁBUS101          Ё    13800Ё      0.00Ё     0.000Ё     0.000Ё      0.00Ё      0.00Ё     0.00 Ё          Ё
  Ё                ЁBUS103          Ё    13800Ё          Ё     0.000Ё     0.000Ё          Ё          Ё          Ё          Ё
  цддддддддддддддддеддддддддддддддддедддддддддеддддддддддеддддддддддеддддддддддеддддддддддеддддддддддеддддддддддедддддддддд╢ 
  цддддддддддддддддеддддддддддддддддедддддддддеддддддддддеддддддддддеддддддддддеддддддддддеддддддддддеддддддддддедддддддддд╢ 

 
 
 
 
 Sep 22, 2016     15:56:23                                                Page 10
 
 
 
 
  здддддддддддддддддддддддддддддддддддддддддддддддддддддддддддддддддддддддддддддддддддддддддддддддддддддддддддддддддддддддд© 
  Ё                                T O T A L  C U R R E N T  D I S T O R T I O N                                           Ё 
  фммммммммммммммммяммммммммммммммммямммммммммяммммммммммяммммммммммяммммммммммяммммммммммяммммммммммяммммммммммямммммммммм╣ 
  Ё  Device Name   Ё  Bus Name      Ё Voltage Ё I_RMS(A) Ё  kWLoss  Ё kVARLoss Ё    IT    Ё     K    Ё I_THD(%) Ё IEEE-519 Ё 
  Ё                Ё  From/To       Ё From/To Ё          Ё Tot/Harm Ё Tot/Harm Ё          Ё          Ё          Ё          Ё 
  цддддддддддддддддеддддддддддддддддедддддддддеддддддддддеддддддддддеддддддддддеддддддддддеддддддддддеддддддддддедддддддддд╢ 
  ЁFEEDER-01       ЁSUB-BUS3        Ё    13800Ё    172.45Ё    13.809Ё    20.470Ё     86.22Ё      1.00Ё     0.00 Ё          Ё
  Ё                ЁBUS101          Ё    13800Ё          Ё     0.000Ё     0.000Ё          Ё          Ё          Ё          Ё
  цддддддддддддддддеддддддддддддддддедддддддддеддддддддддеддддддддддеддддддддддеддддддддддеддддддддддеддддддддддедддддддддд╢ 
  ЁFEEDER-02       ЁSUB-BUS2        Ё    13800Ё    241.84Ё    22.674Ё    33.611Ё    120.92Ё      1.00Ё     0.00 Ё          Ё
  Ё                ЁBUS201          Ё    13800Ё          Ё     0.000Ё     0.000Ё          Ё          Ё          Ё          Ё
  цддддддддддддддддеддддддддддддддддедддддддддеддддддддддеддддддддддеддддддддддеддддддддддеддддддддддеддддддддддедддддддддд╢ 
  ЁFEEDER-03       ЁSUB-BUS2        Ё    13800Ё    160.40Ё    11.947Ё    17.710Ё     80.20Ё      1.00Ё     0.00 Ё          Ё
  Ё                ЁBUS301          Ё    13800Ё          Ё     0.000Ё     0.000Ё          Ё          Ё          Ё          Ё
  цддддддддддддддддеддддддддддддддддедддддддддеддддддддддеддддддддддеддддддддддеддддддддддеддддддддддеддддддддддедддддддддд╢ 
  ЁFEEDER-05       ЁSUB-BUS3        Ё    13800Ё      0.00Ё     0.000Ё     0.000Ё      0.00Ё      0.00Ё     0.00 Ё          Ё
  Ё                ЁBUS-0066        Ё    13800Ё          Ё     0.000Ё     0.000Ё          Ё          Ё          Ё          Ё
  цддддддддддддддддеддддддддддддддддедддддддддеддддддддддеддддддддддеддддддддддеддддддддддеддддддддддеддддддддддедддддддддд╢ 
  ЁSUB-XF2         ЁSUBTRANSMISSION_Ё   115000Ё     50.72Ё     5.213Ё   161.574Ё     25.36Ё      1.00Ё     0.00 Ё      10.0Ё
  Ё                ЁSUB-BUS2        Ё    13800Ё          Ё     0.000Ё     0.000Ё          Ё          Ё          Ё          Ё
  цддддддддддддддддеддддддддддддддддедддддддддеддддддддддеддддддддддеддддддддддеддддддддддеддддддддддеддддддддддедддддддддд╢ 
  ЁSUB-XF3         ЁSUBTRANSMISSION_Ё   115000Ё     21.74Ё     0.958Ё    29.696Ё     10.87Ё      1.00Ё     0.00 Ё      10.0Ё
  Ё                ЁSUB-BUS3        Ё    13800Ё          Ё     0.000Ё     0.000Ё          Ё          Ё          Ё          Ё
  цддддддддддддддддеддддддддддддддддедддддддддеддддддддддеддддддддддеддддддддддеддддддддддеддддддддддеддддддддддедддддддддд╢ 
  ЁT101            ЁBUS102          Ё    13800Ё     11.96Ё     1.634Ё     8.008Ё      5.98Ё      1.00Ё     0.00 Ё          Ё
  Ё                ЁBUS-0057        Ё      480Ё          Ё     0.000Ё     0.000Ё          Ё          Ё          Ё          Ё
  цддддддддддддддддеддддддддддддддддедддддддддеддддддддддеддддддддддеддддддддддеддддддддддеддддддддддеддддддддддедддддддддд╢ 
  ЁT102            ЁBUS102          Ё    13800Ё     47.72Ё     4.483Ё    29.587Ё     23.86Ё      1.00Ё     0.00 Ё          Ё
  Ё                ЁBUS105          Ё      480Ё          Ё     0.000Ё     0.000Ё          Ё          Ё          Ё          Ё
  цддддддддддддддддеддддддддддддддддедддддддддеддддддддддеддддддддддеддддддддддеддддддддддеддддддддддеддддддддддедддддддддд╢ 
  ЁT103            ЁBUS104          Ё    13800Ё      9.96Ё     1.134Ё     5.556Ё      4.98Ё      1.00Ё     0.00 Ё          Ё
  Ё                ЁBUS-0058        Ё      208Ё          Ё     0.000Ё     0.000Ё          Ё          Ё          Ё          Ё
  цддддддддддддддддеддддддддддддддддедддддддддеддддддддддеддддддддддеддддддддддеддддддддддеддддддддддеддддддддддедддддддддд╢ 
  ЁT104            ЁBUS-0053        Ё    13800Ё    102.82Ё     6.686Ё    76.212Ё     51.41Ё      1.00Ё     0.00 Ё          Ё
  Ё                ЁBUS106          Ё     4160Ё          Ё     0.000Ё     0.000Ё          Ё          Ё          Ё          Ё
  цддддддддддддддддеддддддддддддддддедддддддддеддддддддддеддддддддддеддддддддддеддддддддддеддддддддддеддддддддддедддддддддд╢ 
  ЁT105            ЁBUS106          Ё     4160Ё    135.54Ё     5.706Ё    26.821Ё     67.77Ё      1.00Ё     0.00 Ё          Ё
  Ё                ЁBUS107          Ё      480Ё          Ё     0.000Ё     0.000Ё          Ё          Ё          Ё          Ё
  цддддддддддддддддеддддддддддддддддедддддддддеддддддддддеддддддддддеддддддддддеддддддддддеддддддддддеддддддддддедддддддддд╢ 
  ЁT106            ЁBUS106          Ё     4160Ё    205.55Ё    13.123Ё    61.681Ё    102.77Ё      1.00Ё     0.00 Ё          Ё
  Ё                ЁBUS-0036        Ё      480Ё          Ё     0.000Ё     0.000Ё          Ё          Ё          Ё          Ё
  цддддддддддддддддеддддддддддддддддедддддддддеддддддддддеддддддддддеддддддддддеддддддддддеддддддддддеддддддддддедддддддддд╢ 
  ЁT201            ЁBUS204          Ё    13800Ё     40.14Ё     3.173Ё    20.938Ё     20.07Ё      1.00Ё     0.00 Ё          Ё
  Ё                ЁBUS202          Ё      480Ё          Ё     0.000Ё     0.000Ё          Ё          Ё          Ё          Ё
  цддддддддддддддддеддддддддддддддддедддддддддеддддддддддеддддддддддеддддддддддеддддддддддеддддддддддеддддддддддедддддддддд╢ 
  цддддддддддддддддеддддддддддддддддедддддддддеддддддддддеддддддддддеддддддддддеддддддддддеддддддддддеддддддддддедддддддддд╢ 

 
 
 
 
 Sep 22, 2016     15:56:23                                                Page 11
 
 
 
 
  здддддддддддддддддддддддддддддддддддддддддддддддддддддддддддддддддддддддддддддддддддддддддддддддддддддддддддддддддддддддд© 
  Ё                                T O T A L  C U R R E N T  D I S T O R T I O N                                           Ё 
  фммммммммммммммммяммммммммммммммммямммммммммяммммммммммяммммммммммяммммммммммяммммммммммяммммммммммяммммммммммямммммммммм╣ 
  Ё  Device Name   Ё  Bus Name      Ё Voltage Ё I_RMS(A) Ё  kWLoss  Ё kVARLoss Ё    IT    Ё     K    Ё I_THD(%) Ё IEEE-519 Ё 
  Ё                Ё  From/To       Ё From/To Ё          Ё Tot/Harm Ё Tot/Harm Ё          Ё          Ё          Ё          Ё 
  цддддддддддддддддеддддддддддддддддедддддддддеддддддддддеддддддддддеддддддддддеддддддддддеддддддддддеддддддддддедддддддддд╢ 
  ЁT202            ЁBUS205          Ё    13800Ё      0.00Ё     0.000Ё     0.000Ё      0.00Ё      0.00Ё     0.00 Ё          Ё
  Ё                ЁBUS-PV          Ё      480Ё          Ё     0.000Ё     0.000Ё          Ё          Ё          Ё          Ё
  цддддддддддддддддеддддддддддддддддедддддддддеддддддддддеддддддддддеддддддддддеддддддддддеддддддддддеддддддддддедддддддддд╢ 
  ЁT203            ЁBUS203          Ё    13800Ё     40.14Ё     5.508Ё    25.886Ё     20.07Ё      1.00Ё     0.00 Ё          Ё
  Ё                ЁBUS206          Ё      480Ё          Ё     0.000Ё     0.000Ё          Ё          Ё          Ё          Ё
  цддддддддддддддддеддддддддддддддддедддддддддеддддддддддеддддддддддеддддддддддеддддддддддеддддддддддеддддддддддедддддддддд╢ 
  ЁT204            ЁBUS203          Ё    13800Ё     27.93Ё     2.666Ё    12.530Ё     13.96Ё      1.00Ё     0.00 Ё          Ё
  Ё                ЁBUS207          Ё      480Ё          Ё     0.000Ё     0.000Ё          Ё          Ё          Ё          Ё
  цддддддддддддддддеддддддддддддддддедддддддддеддддддддддеддддддддддеддддддддддеддддддддддеддддддддддеддддддддддедддддддддд╢ 
  ЁT205            ЁBUS204          Ё    13800Ё     12.11Ё     1.676Ё     8.213Ё      6.06Ё      1.00Ё     0.00 Ё          Ё
  Ё                ЁBUS-0031        Ё      208Ё          Ё     0.000Ё     0.000Ё          Ё          Ё          Ё          Ё
  цддддддддддддддддеддддддддддддддддедддддддддеддддддддддеддддддддддеддддддддддеддддддддддеддддддддддеддддддддддедддддддддд╢ 
  ЁT206            ЁBUS204          Ё    13800Ё     65.62Ё     2.724Ё    31.046Ё     32.81Ё      1.00Ё     0.00 Ё          Ё
  Ё                ЁBUS208          Ё     4160Ё          Ё     0.000Ё     0.000Ё          Ё          Ё          Ё          Ё
  цддддддддддддддддеддддддддддддддддедддддддддеддддддддддеддддддддддеддддддддддеддддддддддеддддддддддеддддддддддедддддддддд╢ 
  ЁT207            ЁBUS208          Ё     4160Ё     81.80Ё     4.616Ё    19.434Ё     40.90Ё      1.00Ё     0.00 Ё          Ё
  Ё                ЁBUS-0032        Ё      480Ё          Ё     0.000Ё     0.000Ё          Ё          Ё          Ё          Ё
  цддддддддддддддддеддддддддддддддддедддддддддеддддддддддеддддддддддеддддддддддеддддддддддеддддддддддеддддддддддедддддддддд╢ 
  ЁT208            ЁBUS208          Ё     4160Ё    135.90Ё     0.077Ё    36.755Ё     67.95Ё      1.00Ё     0.00 Ё          Ё
  Ё                ЁBUS-0033        Ё      480Ё          Ё     0.000Ё     0.000Ё          Ё          Ё          Ё          Ё
  цддддддддддддддддеддддддддддддддддедддддддддеддддддддддеддддддддддеддддддддддеддддддддддеддддддддддеддддддддддедддддддддд╢ 
  ЁT209            ЁBUS205          Ё    13800Ё     39.92Ё     3.137Ё    20.705Ё     19.96Ё      1.00Ё     0.00 Ё          Ё
  Ё                ЁBUS209          Ё      480Ё          Ё     0.000Ё     0.000Ё          Ё          Ё          Ё          Ё
  цддддддддддддддддеддддддддддддддддедддддддддеддддддддддеддддддддддеддддддддддеддддддддддеддддддддддеддддддддддедддддддддд╢ 
  ЁT210            ЁBUS205          Ё    13800Ё     15.99Ё     1.940Ё     8.169Ё      7.99Ё      1.00Ё     0.00 Ё          Ё
  Ё                ЁBUS210          Ё      480Ё          Ё     0.000Ё     0.000Ё          Ё          Ё          Ё          Ё
  цддддддддддддддддеддддддддддддддддедддддддддеддддддддддеддддддддддеддддддддддеддддддддддеддддддддддеддддддддддедддддддддд╢ 
  ЁT217            ЁBUS-0051        Ё    13800Ё      0.00Ё     0.000Ё     0.000Ё      0.00Ё      0.00Ё     0.00 Ё          Ё
  Ё                ЁBUS-0059        Ё      480Ё          Ё     0.000Ё     0.000Ё          Ё          Ё          Ё          Ё
  цддддддддддддддддеддддддддддддддддедддддддддеддддддддддеддддддддддеддддддддддеддддддддддеддддддддддеддддддддддедддддддддд╢ 
  ЁT301            ЁBUS302          Ё    13800Ё     40.08Ё     5.490Ё    25.803Ё     20.04Ё      1.00Ё     0.00 Ё          Ё
  Ё                ЁBUS304          Ё      480Ё          Ё     0.000Ё     0.000Ё          Ё          Ё          Ё          Ё
  цддддддддддддддддеддддддддддддддддедддддддддеддддддддддеддддддддддеддддддддддеддддддддддеддддддддддеддддддддддедддддддддд╢ 
  ЁT302            ЁBUS302          Ё    13800Ё     23.85Ё     1.945Ё     9.140Ё     11.93Ё      1.00Ё     0.00 Ё          Ё
  Ё                ЁBUS305          Ё      480Ё          Ё     0.000Ё     0.000Ё          Ё          Ё          Ё          Ё
  цддддддддддддддддеддддддддддддддддедддддддддеддддддддддеддддддддддеддддддддддеддддддддддеддддддддддеддддддддддедддддддддд╢ 
  ЁT303            ЁBUS303          Ё    13800Ё     32.48Ё     8.009Ё    33.717Ё     16.24Ё      1.00Ё     0.00 Ё          Ё
  Ё                ЁBUS-C6          Ё      480Ё          Ё     0.000Ё     0.000Ё          Ё          Ё          Ё          Ё
  цддддддддддддддддеддддддддддддддддедддддддддеддддддддддеддддддддддеддддддддддеддддддддддеддддддддддеддддддддддедддддддддд╢ 
  цддддддддддддддддеддддддддддддддддедддддддддеддддддддддеддддддддддеддддддддддеддддддддддеддддддддддеддддддддддедддддддддд╢ 

 
 
 
 
 Sep 22, 2016     15:56:23                                                Page 12
 
 
 
 
  здддддддддддддддддддддддддддддддддддддддддддддддддддддддддддддддддддддддддддддддддддддддддддддддддддддддддддддддддддддддд© 
  Ё                                T O T A L  C U R R E N T  D I S T O R T I O N                                           Ё 
  фммммммммммммммммяммммммммммммммммямммммммммяммммммммммяммммммммммяммммммммммяммммммммммяммммммммммяммммммммммямммммммммм╣ 
  Ё  Device Name   Ё  Bus Name      Ё Voltage Ё I_RMS(A) Ё  kWLoss  Ё kVARLoss Ё    IT    Ё     K    Ё I_THD(%) Ё IEEE-519 Ё 
  Ё                Ё  From/To       Ё From/To Ё          Ё Tot/Harm Ё Tot/Harm Ё          Ё          Ё          Ё          Ё 
  цддддддддддддддддеддддддддддддддддедддддддддеддддддддддеддддддддддеддддддддддеддддддддддеддддддддддеддддддддддедддддддддд╢ 
  ЁT304            ЁBUS-T304        Ё    13800Ё     39.86Ё     3.128Ё    20.642Ё     19.93Ё      1.00Ё     0.00 Ё          Ё
  Ё                ЁBUS307          Ё      480Ё          Ё     0.000Ё     0.000Ё          Ё          Ё          Ё          Ё
  цддддддддддддддддеддддддддддддддддедддддддддеддддддддддеддддддддддеддддддддддеддддддддддеддддддддддеддддддддддедддддддддд╢ 
  ЁT305            ЁBUS-T305        Ё    13800Ё     24.14Ё     4.423Ё    18.623Ё     12.07Ё      1.00Ё     0.00 Ё          Ё
  Ё                ЁBUS306          Ё      480Ё          Ё     0.000Ё     0.000Ё          Ё          Ё          Ё          Ё
  цддддддддддддддддеддддддддддддддддедддддддддеддддддддддеддддддддддеддддддддддеддддддддддеддддддддддеддддддддддедддддддддд╢ 
  ЁUTIL-0002       ЁSUBTRANSMISSION_Ё   115000Ё     72.46Ё     0.000Ё     0.000Ё     36.23Ё      1.00Ё     0.00 Ё          Ё
  Ё                Ё                Ё   115000Ё          Ё     0.000Ё     0.000Ё          Ё          Ё          Ё          Ё
  юддддддддддддддддаддддддддддддддддадддддддддаддддддддддаддддддддддаддддддддддаддддддддддаддддддддддаддддддддддадддддддддды 
 
 
  здддддддддддддддддддддддддддддддддддддддддддддддддддддддддддддддддддддддддддддддддддддддддддддддддддддддд© 
  Ё                        T O T A L    S Y S T E M    P O W E R   L O S S E S                             Ё
  Ё          Harmonic Losses                                           Total RMS Losses                    Ё
  Ё         P(kW)       Q{kVAR)                                       P(kW)       Q(kVAR)                  Ё
  Ё          0.00          0.00                                      161.75        789.45                  Ё 
  юдддддддддддддддддддддддддддддддддддддддддддддддддддддддддддддддддддддддддддддддддддддддддддддддддддддддды 

 
 
 
 
 Sep 22, 2016     15:56:23                                                Page 13
 
 
 
 
  здддддддддддддддддддддддддддддддддддддддддддддддддддддддддддддддддддддддддддддддддддддддддддддддддддддддддддддддддддддддд© 
  Ё                              C U R R E N T  D I S T O R T I O N  S U M M A R Y                                         Ё 
  фммммммммммммммммяммммммммммммммммямммммммммяммммммммммяммммммммммяммммммммммяммммммммммяммммммммммяммммммммммямммммммммм╣ 
  Ё  Device Name   Ё  Bus Name      Ё Voltage Ё I_RMS(A) Ё  kWLoss  Ё kVARLoss Ё    IT    Ё     K    Ё I_THD(%) Ё IEEE-519 Ё 
  Ё                Ё  From/To       Ё From/To Ё          Ё Tot/Harm Ё Tot/Harm Ё          Ё          Ё          Ё          Ё 
  цддддддддддддддддеддддддддддддддддедддддддддеддддддддддеддддддддддеддддддддддеддддддддддеддддддддддеддддддддддедддддддддд╢ 
  Ё  NO VIOLATION  Ё                Ё         Ё          Ё          Ё          Ё          Ё          Ё          Ё          Ё 
  юддддддддддддддддаддддддддддддддддадддддддддаддддддддддаддддддддддаддддддддддаддддддддддаддддддддддаддддддддддадддддддддды 
 
 
  здддддддддддддддддддддддддддддддддддддддддддддддддддддддддддддддддддддддддддддддддддддддддддддддддддддддд© 
  Ё                        T O T A L    S Y S T E M    P O W E R   L O S S E S                             Ё
  Ё          Harmonic Losses                                           Total RMS Losses                    Ё
  Ё         P(kW)       Q{kVAR)                                       P(kW)       Q(kVAR)                  Ё
  Ё          0.00          0.00                                      161.75        789.45                  Ё 
  юдддддддддддддддддддддддддддддддддддддддддддддддддддддддддддддддддддддддддддддддддддддддддддддддддддддддды 

 
 
 
 
 Sep 22, 2016     15:56:23                                                Page 14
 
 
 
 
  зддддддддддддддддддддддддддддддддддддддддддддддддддддддддд© 
  Ё           HARMONIC  VOLTAGE  SPECTRUM  REPORT           Ё 
  фммммммммммммммммммммммммммммммммммммммммммммммммммммммммм╣ 
  Ё Bus:   BUS-0031 (208V)                                  Ё 
  цддддддддддбддддддддддддддбдддддддддбддддддддддбдддддддддд╢ 
  Ё Harmonic Ё   Harmonic   Ё  Phase  ЁDistortionЁ IEEE-519 Ё 
  Ё    Order Ё   Voltages   Ё  Angle  Ё   PercentЁ    Limit Ё 
  цддддддддддеддддддддддддддедддддддддеддддддддддедддддддддд╢ 
  Ё     1    Ё       215.524Ё   -61.84Ё          Ё          Ё
  цддддддддддаддддддддддддддадддддддддаддддддддддадддддддддд╢ 
  Ё Voltage: 208.0       V_RMS: 215.52     V_THD(%): 0.00   Ё
  Ё                           IEEE-519 LIMIT (THD%):        Ё
  юддддддддддддддддддддддддддддддддддддддддддддддддддддддддды 
 
 
