
 
 
 
 
 
 
 
 
 
 
 
  
 
 
 

 
 
 
 
 
 
 
 
 Sep 22, 2016     15:56:18                                              Page 1
 ------------------------------------------------------------------------------
  ALL INFORMATION PRESENTED IS FOR REVIEW, APPROVAL
  INTERPRETATION AND APPLICATION BY A REGISTERED ENGINEER ONLY
  SKM DISCLAIMS ANY RESPONSIBILITY AND LIABILITY RESULTING
  FROM THE USE AND INTERPRETATION OF THIS SOFTWARE.
  ------------------------------------------------------------------------------
  SKM POWER*TOOLS FOR WINDOWS 
  INPUT DATA REPORT 
  COPYRIGHT SKM SYSTEMS ANALYSIS, INC. 1995-2012
 ------------------------------------------------------------------------------
  ALL PU VALUES ARE EXPRESSED ON A 100 MVA BASE.

  Sep 22, 2016     15:56:18                                              Page 2
 
 
 

                                           FEEDER  INPUT  DATA   
 ===============================================================================================================
 CABLE         FEEDER FROM     FEEDER TO       QTY  VOLTS   LENGTH            FEEDER 
 NAME          NAME            NAME            /PH  L-L                   SIZE       TYPE 
 ===============================================================================================================
 C101          BUS101          BUS102           1  13800 1800.0  FEET     500     Copper
               Duct Material: Non-Magnetic     Insulation Type:        EPR     Insulation Class:         MV
               +/-  Impedance: 0.0284 + J  0.0421  Ohms/1000 ft      0.0268 + J  0.0398  PU
               Z0   Impedance: 0.0451 + J  0.1128  Ohms/1000 ft      0.0426 + J  0.1066  PU

 C102          BUS101          BUS104           1  13800 5500.0  FEET     500     Copper
               Duct Material: Non-Magnetic     Insulation Type:        EPR     Insulation Class:         MV
               +/-  Impedance: 0.0284 + J  0.0421  Ohms/1000 ft      0.0820 + J  0.1216  PU
               Z0   Impedance: 0.0451 + J  0.1128  Ohms/1000 ft      0.1303 + J  0.3258  PU

 C103          BUS103          BUS-0060         1  13800 1000.0  FEET     4/0     Copper
               Duct Material: Non-Magnetic     Insulation Type:        EPR     Insulation Class:         MV
               +/-  Impedance: 0.0640 + J  0.0466  Ohms/1000 ft      0.0336 + J  0.0245  PU
               Z0   Impedance: 0.1017 + J  0.1185  Ohms/1000 ft      0.0534 + J  0.0622  PU

 C104          BUS103          BUS-0051         1  13800 3000.0  FEET     500     Copper
               Duct Material: Non-Magnetic     Insulation Type:        EPR     Insulation Class:         MV
               +/-  Impedance: 0.0284 + J  0.0421  Ohms/1000 ft      0.0447 + J  0.0663  PU
               Z0   Impedance: 0.0451 + J  0.1128  Ohms/1000 ft      0.0710 + J  0.1777  PU

 C106          BUS104          BUS-0053         1  13800 1500.0  FEET     500     Copper
               Duct Material: Non-Magnetic     Insulation Type:        EPR     Insulation Class:         MV
               +/-  Impedance: 0.0284 + J  0.0421  Ohms/1000 ft      0.0224 + J  0.0332  PU
               Z0   Impedance: 0.0451 + J  0.1128  Ohms/1000 ft      0.0355 + J  0.0888  PU

 C201          BUS201          BUS204           1  13800 5500.0  FEET     4/0     Copper
               Duct Material: Non-Magnetic     Insulation Type:        EPR     Insulation Class:         MV
               +/-  Impedance: 0.0640 + J  0.0466  Ohms/1000 ft      0.1848 + J  0.1346  PU
               Z0   Impedance: 0.1017 + J  0.1185  Ohms/1000 ft      0.2937 + J  0.3422  PU

 C202          BUS201          BUS205           1  13800 2000.0  FEET     500     Copper
               Duct Material: Non-Magnetic     Insulation Type:        EPR     Insulation Class:         MV
               +/-  Impedance: 0.0284 + J  0.0421  Ohms/1000 ft      0.0298 + J  0.0442  PU
               Z0   Impedance: 0.0451 + J  0.1128  Ohms/1000 ft      0.0474 + J  0.1185  PU

 C203          BUS201          BUS203           1  13800 3000.0  FEET     500     Copper
               Duct Material: Non-Magnetic     Insulation Type:        EPR     Insulation Class:         MV
               +/-  Impedance: 0.0284 + J  0.0421  Ohms/1000 ft      0.0447 + J  0.0663  PU
               Z0   Impedance: 0.0451 + J  0.1128  Ohms/1000 ft      0.0710 + J  0.1777  PU

 C301          BUS301          BUS302           1  13800 2500.0  FEET     500     Copper
               Duct Material: Non-Magnetic     Insulation Type:        EPR     Insulation Class:         MV
               +/-  Impedance: 0.0284 + J  0.0421  Ohms/1000 ft      0.0373 + J  0.0553  PU
               Z0   Impedance: 0.0451 + J  0.1128  Ohms/1000 ft      0.0592 + J  0.1481  PU


  Sep 22, 2016     15:56:18                                              Page 3
 
 
 

                                           FEEDER  INPUT  DATA   
 ===============================================================================================================
 CABLE         FEEDER FROM     FEEDER TO       QTY  VOLTS   LENGTH            FEEDER 
 NAME          NAME            NAME            /PH  L-L                   SIZE       TYPE 
 ===============================================================================================================
 C302          BUS301          BUS303           1  13800 2000.0  FEET     4/0     Copper
               Duct Material: Non-Magnetic     Insulation Type:        EPR     Insulation Class:         MV
               +/-  Impedance: 0.0640 + J  0.0466  Ohms/1000 ft      0.0672 + J  0.0489  PU
               Z0   Impedance: 0.1017 + J  0.1185  Ohms/1000 ft      0.1068 + J  0.1244  PU

 C303          BUS301          BUS-T304         1  13800 2000.0  FEET     500     Copper
               Duct Material: Non-Magnetic     Insulation Type:        EPR     Insulation Class:         MV
               +/-  Impedance: 0.0284 + J  0.0421  Ohms/1000 ft      0.0298 + J  0.0442  PU
               Z0   Impedance: 0.0451 + J  0.1128  Ohms/1000 ft      0.0474 + J  0.1185  PU

 C304          BUS301          BUS-T305         2  13800 1500.0  FEET     4/0     Copper
               Duct Material: Non-Magnetic     Insulation Type:        EPR     Insulation Class:         MV
               +/-  Impedance: 0.0640 + J  0.0466  Ohms/1000 ft      0.0252 + J  0.0184  PU
               Z0   Impedance: 0.1017 + J  0.1185  Ohms/1000 ft      0.0401 + J  0.0467  PU

 CBL-SHRT-01   BUS101          BUS103           1  13800  100.0  FEET     500     Copper
               Duct Material: Non-Magnetic     Insulation Type:        EPR     Insulation Class:         MV
               +/-  Impedance: 0.0284 + J  0.0421  Ohms/1000 ft      0.0015 + J  0.0022  PU
               Z0   Impedance: 0.0451 + J  0.1128  Ohms/1000 ft      0.0024 + J  0.0059  PU

 FEEDER-01     SUB-BUS3        BUS101           1  13800 5450.0  FEET     500     Copper
               Duct Material: Non-Magnetic     Insulation Type:        EPR     Insulation Class:         MV
               +/-  Impedance: 0.0284 + J  0.0421  Ohms/1000 ft      0.0813 + J  0.1205  PU
               Z0   Impedance: 0.0451 + J  0.1128  Ohms/1000 ft      0.1291 + J  0.3228  PU

 FEEDER-02     SUB-BUS2        BUS201           1  13800 4550.0  FEET     500     Copper
               Duct Material: Non-Magnetic     Insulation Type:        EPR     Insulation Class:         MV
               +/-  Impedance: 0.0284 + J  0.0421  Ohms/1000 ft      0.0679 + J  0.1006  PU
               Z0   Impedance: 0.0451 + J  0.1128  Ohms/1000 ft      0.1078 + J  0.2695  PU

 FEEDER-03     SUB-BUS2        BUS301           1  13800 5450.0  FEET     500     Copper
               Duct Material: Non-Magnetic     Insulation Type:        EPR     Insulation Class:         MV
               +/-  Impedance: 0.0284 + J  0.0421  Ohms/1000 ft      0.0813 + J  0.1205  PU
               Z0   Impedance: 0.0451 + J  0.1128  Ohms/1000 ft      0.1291 + J  0.3228  PU

 FEEDER-05     SUB-BUS3        BUS-0066         1  13800 10000.  FEET     500     Copper
               Duct Material: Non-Magnetic     Insulation Type:        EPR     Insulation Class:         MV
               +/-  Impedance: 0.0284 + J  0.0421  Ohms/1000 ft      0.1491 + J  0.2211  PU
               Z0   Impedance: 0.0451 + J  0.1128  Ohms/1000 ft      0.2368 + J  0.5923  PU


  Sep 22, 2016     15:56:18                                              Page 4
 
 
 

                            TRANSFORMER  INPUT  DATA
 =============================================================================================
 TRANSFORMER    PRIMARY RECORD      VOLTS   * SECONDARY RECORD    VOLTS   FULL-LOAD    NOMINAL
 NAME           NO NAME             L-L       NO NAME             L-L     KVA          KVA   
 =============================================================================================
 SUB-XF2        SUBTRANSMISSIO D  115000.   SUB-BUS2       YG   14500.0 50000.0      50000.0
                Pos. Seq. Z%:    0.255 + J   7.92    (Zpu  0.005 + j  0.158 )    Shell Type
                Zero Seq. Z%:    0.255 + J   7.92    (Sec  0.005 + j  0.158 Pri  Open)
                Taps  Pri. 0.000 %  Sec. 0.000 %  Phase Shift (Pri. Leading Sec.):  30.00 Deg.

 SUB-XF3        SUBTRANSMISSIO D  115000.   SUB-BUS3       YG   14500.0 50000.0      50000.0
                Pos. Seq. Z%:    0.255 + J   7.92    (Zpu  0.005 + j  0.158 )    Shell Type
                Zero Seq. Z%:    0.255 + J   7.92    (Sec  0.005 + j  0.158 Pri  Open)
                Taps  Pri. 0.000 %  Sec. 0.000 %  Phase Shift (Pri. Leading Sec.):  30.00 Deg.

 T101           BUS102         D  13800.0   BUS-0057       YG    480.00  500.00       500.00
                Pos. Seq. Z%:    0.999 + J   4.90    (Zpu   2.00 + j   9.80 )    Shell Type
                Zero Seq. Z%:    0.999 + J   4.90    (Sec   2.00 + j   9.80 Pri  Open)
                Taps  Pri. 0.000 %  Sec. 0.000 %  Phase Shift (Pri. Leading Sec.):  30.00 Deg.

 T102           BUS102         D  13800.0   BUS105         YG    480.00 2500.00      2500.00
                Pos. Seq. Z%:    0.861 + J   5.69    (Zpu  0.344 + j   2.27 )    Shell Type
                Zero Seq. Z%:    0.861 + J   5.69    (Sec  0.344 + j   2.27 Pri  Open)
                Taps  Pri. 0.000 %  Sec. 0.000 %  Phase Shift (Pri. Leading Sec.):  30.00 Deg.

 T103           BUS104         D  13800.0   BUS-0058       YG    208.00  500.00       500.00
                Pos. Seq. Z%:    0.999 + J   4.90    (Zpu   2.00 + j   9.80 )    Shell Type
                Zero Seq. Z%:    0.999 + J   4.90    (Sec   2.00 + j   9.80 Pri  Open)
                Taps  Pri. 0.000 %  Sec. 0.000 %  Phase Shift (Pri. Leading Sec.):  30.00 Deg.

 T104           BUS-0053       D  13800.0   BUS106         YG   4160.00 3750.00      3750.00
                Pos. Seq. Z%:    0.415 + J   4.73    (Zpu  0.110 + j   1.26 )    Shell Type
                Zero Seq. Z%:    0.415 + J   4.73    (Sec  0.110 + j   1.26 Pri  Open)
                Taps  Pri. 0.000 %  Sec. 0.000 %  Phase Shift (Pri. Leading Sec.):  30.00 Deg.


  Sep 22, 2016     15:56:18                                              Page 5
 
 
 

                            TRANSFORMER  INPUT  DATA
 =============================================================================================
 TRANSFORMER    PRIMARY RECORD      VOLTS   * SECONDARY RECORD    VOLTS   FULL-LOAD    NOMINAL
 NAME           NO NAME             L-L       NO NAME             L-L     KVA          KVA   
 =============================================================================================
 T105           BUS106         D  4160.00   BUS107         YG    480.00 2000.00      2000.00
                Pos. Seq. Z%:     1.20 + J   5.62    (Zpu  0.598 + j   2.81 )    Shell Type
                Zero Seq. Z%:     1.20 + J   5.62    (Sec  0.598 + j   2.81 Pri  Open)
                Taps  Pri. 0.000 %  Sec. 0.000 %  Phase Shift (Pri. Leading Sec.):  30.00 Deg.

 T106           BUS106         D  4160.00   BUS-0036       YG    480.00 2000.00      2000.00
                Pos. Seq. Z%:     1.20 + J   5.62    (Zpu  0.598 + j   2.81 )    Shell Type
                Zero Seq. Z%:     1.20 + J   5.62    (Sec  0.598 + j   2.81 Pri  Open)
                Taps  Pri. 0.000 %  Sec. 0.000 %  Phase Shift (Pri. Leading Sec.):  30.00 Deg.

 T201           BUS204         D  13800.0   BUS202         YG    480.00 2500.00      2500.00
                Pos. Seq. Z%:    0.861 + J   5.69    (Zpu  0.344 + j   2.27 )    Shell Type
                Zero Seq. Z%:    0.861 + J   5.69    (Sec  0.344 + j   2.27 Pri  Open)
                Taps  Pri. 0.000 %  Sec. 0.000 %  Phase Shift (Pri. Leading Sec.):  30.00 Deg.

 T202           BUS205         D  13800.0   BUS-PV         YG    480.00 3000.00      3000.00
                Pos. Seq. Z%:    0.861 + J   5.69    (Zpu  0.287 + j   1.90 )    Shell Type
                Zero Seq. Z%:    0.861 + J   5.69    (Sec  0.287 + j   1.90 Pri  Open)
                Taps  Pri. 0.000 %  Sec. 0.000 %  Phase Shift (Pri. Leading Sec.):  30.00 Deg.

 T203           BUS203         D  13800.0   BUS206         YG    480.00 2000.00      2000.00
                Pos. Seq. Z%:     1.20 + J   5.62    (Zpu  0.598 + j   2.81 )    Shell Type
                Zero Seq. Z%:     1.20 + J   5.62    (Sec  0.598 + j   2.81 Pri  Open)
                Taps  Pri. 0.000 %  Sec. 0.000 %  Phase Shift (Pri. Leading Sec.):  30.00 Deg.

 T204           BUS203         D  13800.0   BUS207         YG    480.00 2000.00      2000.00
                Pos. Seq. Z%:     1.20 + J   5.62    (Zpu  0.598 + j   2.81 )    Shell Type
                Zero Seq. Z%:     1.20 + J   5.62    (Sec  0.598 + j   2.81 Pri  Open)
                Taps  Pri. 0.000 %  Sec. 0.000 %  Phase Shift (Pri. Leading Sec.):  30.00 Deg.


  Sep 22, 2016     15:56:18                                              Page 6
 
 
 

                            TRANSFORMER  INPUT  DATA
 =============================================================================================
 TRANSFORMER    PRIMARY RECORD      VOLTS   * SECONDARY RECORD    VOLTS   FULL-LOAD    NOMINAL
 NAME           NO NAME             L-L       NO NAME             L-L     KVA          KVA   
 =============================================================================================
 T205           BUS204         D  13800.0   BUS-0031       YG    208.00  500.00       500.00
                Pos. Seq. Z%:    0.999 + J   4.90    (Zpu   2.00 + j   9.80 )    Shell Type
                Zero Seq. Z%:    0.999 + J   4.90    (Sec   2.00 + j   9.80 Pri  Open)
                Taps  Pri. 0.000 %  Sec. 0.000 %  Phase Shift (Pri. Leading Sec.):  30.00 Deg.

 T206           BUS204         D  13800.0   BUS208         YG   4160.00 3750.00      3750.00
                Pos. Seq. Z%:    0.415 + J   4.73    (Zpu  0.110 + j   1.26 )    Shell Type
                Zero Seq. Z%:    0.415 + J   4.73    (Sec  0.110 + j   1.26 Pri  Open)
                Taps  Pri. 0.000 %  Sec. 0.000 %  Phase Shift (Pri. Leading Sec.):  30.00 Deg.

 T207           BUS208         D  4160.00   BUS-0032       YG    480.00 1000.00      1000.00
                Pos. Seq. Z%:     1.33 + J   5.59    (Zpu   1.33 + j   5.59 )    Shell Type
                Zero Seq. Z%:     1.33 + J   5.59    (Sec   1.33 + j   5.59 Pri  Open)
                Taps  Pri. 0.000 %  Sec. 0.000 %  Phase Shift (Pri. Leading Sec.):  30.00 Deg.

 T208           BUS208         D  4160.00   BUS-0033       YG    480.00 1500.00      1500.00
                Pos. Seq. Z%:    0.012 + J   5.75    (Zpu  0.008 + j   3.83 )    Shell Type
                Zero Seq. Z%:    0.012 + J   5.75    (Sec  0.008 + j   3.83 Pri  Open)
                Taps  Pri. 0.000 %  Sec. 0.000 %  Phase Shift (Pri. Leading Sec.):  30.00 Deg.

 T209           BUS205         D  13800.0   BUS209         YG    480.00 2500.00      2500.00
                Pos. Seq. Z%:    0.861 + J   5.69    (Zpu  0.344 + j   2.27 )    Shell Type
                Zero Seq. Z%:    0.861 + J   5.69    (Sec  0.344 + j   2.27 Pri  Open)
                Taps  Pri. 0.000 %  Sec. 0.000 %  Phase Shift (Pri. Leading Sec.):  30.00 Deg.

 T210           BUS205         D  13800.0   BUS210         YG    480.00 1000.00      1000.00
                Pos. Seq. Z%:     1.33 + J   5.59    (Zpu   1.33 + j   5.59 )    Shell Type
                Zero Seq. Z%:     1.33 + J   5.59    (Sec   1.33 + j   5.59 Pri  Open)
                Taps  Pri. 0.000 %  Sec. 0.000 %  Phase Shift (Pri. Leading Sec.):  30.00 Deg.


  Sep 22, 2016     15:56:18                                              Page 7
 
 
 

                            TRANSFORMER  INPUT  DATA
 =============================================================================================
 TRANSFORMER    PRIMARY RECORD      VOLTS   * SECONDARY RECORD    VOLTS   FULL-LOAD    NOMINAL
 NAME           NO NAME             L-L       NO NAME             L-L     KVA          KVA   
 =============================================================================================
 T217           BUS-0051       D  13800.0   BUS-0059       YG    480.00 2500.00      2500.00
                Pos. Seq. Z%:    0.861 + J   5.69    (Zpu  0.344 + j   2.27 )    Shell Type
                Zero Seq. Z%:    0.861 + J   5.69    (Sec  0.344 + j   2.27 Pri  Open)
                Taps  Pri. 0.000 %  Sec. 0.000 %  Phase Shift (Pri. Leading Sec.):  30.00 Deg.

 T301           BUS302         D  13800.0   BUS304         YG    480.00 2000.00      2000.00
                Pos. Seq. Z%:     1.20 + J   5.62    (Zpu  0.598 + j   2.81 )    Shell Type
                Zero Seq. Z%:     1.20 + J   5.62    (Sec  0.598 + j   2.81 Pri  Open)
                Taps  Pri. 0.000 %  Sec. 0.000 %  Phase Shift (Pri. Leading Sec.):  30.00 Deg.

 T302           BUS302         D  13800.0   BUS305         YG    480.00 2000.00      2000.00
                Pos. Seq. Z%:     1.20 + J   5.62    (Zpu  0.598 + j   2.81 )    Shell Type
                Zero Seq. Z%:     1.20 + J   5.62    (Sec  0.598 + j   2.81 Pri  Open)
                Taps  Pri. 0.000 %  Sec. 0.000 %  Phase Shift (Pri. Leading Sec.):  30.00 Deg.

 T303           BUS303         D  13800.0   BUS-C6         YG    480.00 1000.00      1000.00
                Pos. Seq. Z%:     1.33 + J   5.59    (Zpu   1.33 + j   5.59 )    Shell Type
                Zero Seq. Z%:     1.33 + J   5.59    (Sec   1.33 + j   5.59 Pri  Open)
                Taps  Pri. 0.000 %  Sec. 0.000 %  Phase Shift (Pri. Leading Sec.):  30.00 Deg.

 T304           BUS-T304       D  13800.0   BUS307         YG    480.00 2500.00      2500.00
                Pos. Seq. Z%:    0.861 + J   5.69    (Zpu  0.344 + j   2.27 )    Shell Type
                Zero Seq. Z%:    0.861 + J   5.69    (Sec  0.344 + j   2.27 Pri  Open)
                Taps  Pri. 0.000 %  Sec. 0.000 %  Phase Shift (Pri. Leading Sec.):  30.00 Deg.

 T305           BUS-T305       D  13800.0   BUS306         YG    480.00 1000.00      1000.00
                Pos. Seq. Z%:     1.33 + J   5.59    (Zpu   1.33 + j   5.59 )    Shell Type
                Zero Seq. Z%:     1.33 + J   5.59    (Sec   1.33 + j   5.59 Pri  Open)
                Taps  Pri. 0.000 %  Sec. 0.000 %  Phase Shift (Pri. Leading Sec.):  30.00 Deg.


  Sep 22, 2016     15:56:18                                              Page 8
 
 
 

                             GENERATION  DATA
 ------------------------------------------------------------------------------
 BUS NAME       GENERATION                VOLT    SIZE   InitKW  MaxKVAR   TYPE
 ------------------------------------------------------------------------------
 SUBTRANSMISSIO UTIL-0002           1.03 pu                                  SB 
                Three Phase   Contribution: 40846.6 MVA  X/R :   12.20
                Line to Earth Contribution: 9584.49 MVA  X/R :    5.58
                Pos  sequence impedance (100 MVA base)0.00020 + J  0.0024 PU 
                Zero sequence impedance (100 MVA base) 0.0014 + J  0.0054 PU 


  Sep 22, 2016     15:56:18                                              Page 9
 
 
 


                              ENERGY  AUDIT  LOADS
 ------------------------------------------------------------------------------
 BUS  NAME      LOAD NAME      VOLTS    SIZE        LOADTYPE    PF     LAG/LEAD
 ------------------------------------------------------------------------------
 BUS-0031       I3                208   300.0*1.00kVA   KVA     0.80         LAG
 BUS-0032       I4                480   600.0*1.00kVA   KVA     0.80         LAG
 BUS-0033       P3                480  1000.0*1.00kVA   KVA     0.80         LAG
 BUS-0036       C2                480  1500.0*1.00kVA   KVA     0.80         LAG
 BUS-0057       I1                480   300.0*1.00kVA   KVA     0.80         LAG
 BUS-0058       I2                208   250.0*1.00kVA   KVA     0.80         LAG
 BUS105         C1                480  1200.0*1.00kVA   KVA     0.80         LAG
 BUS107         P1                480  1000.0*1.00kVA   KVA     0.80         LAG
 BUS202         C3                480  1000.0*1.00kVA   KVA     0.80         LAG
 BUS206         C4                480  1000.0*1.00kVA   KVA     0.80         LAG
 BUS207         P5                480   700.0*1.00kVA   KVA     0.80         LAG
 BUS209         P2                480  1000.0*1.00kVA   KVA     0.80         LAG
 BUS210         I5                480   400.0*1.00kVA   KVA     0.80         LAG
 BUS304         C5                480  1000.0*1.00kVA   KVA     0.80         LAG
 BUS305         I6                480   600.0*1.00kVA   KVA     0.80         LAG
 BUS306         P4                480   600.0*1.00kVA   KVA     0.80         LAG
 BUS307         P6                480  1000.0*1.00kVA   KVA     0.80         LAG
 BUS-C6         C6                480   800.0*1.00kVA   KVA     0.80         LAG
