





 
 
 
 Sep 22, 2016     15:56:19


 ------------------------------------------------------------------------------
 ALL INFORMATION PRESENTED IS FOR REVIEW, APPROVAL
 INTERPRETATION AND APPLICATION BY A REGISTERED ENGINEER ONLY
 SKM DISCLAIMS ANY RESPONSIBILITY AND LIABILITY RESULTING
 FROM THE USE AND INTERPRETATION OF THIS SOFTWARE.
 ------------------------------------------------------------------------------
 SKM POWER*TOOLS FOR WINDOWS
 LOAD FLOW AND VOLTAGE DROP ANALYSIS REPORT
 COPYRIGHT SKM SYSTEMS ANALYSIS, INC. 1995-2012
 ------------------------------------------------------------------------------



Sep 22, 2016     15:56:19                                                     PAGE 2
 
 
 



           *** SOLUTION COMMENTS ***
           =========================

      SOLUTION PARAMETERS

      BRANCH VOLTAGE CRITERIA                   :  3.00 %
      BUS VOLTAGE CRITERIA                      :  5.00 %

      UTILITY IMPEDANCE                         : YES
      TRANSFORMER PHASE SHIFT                   : YES
      LTC TRANSFORMER                           : NO 
      CALCULATION NETHOD                        : Newton Method
      SOLUTION METHOD                           : EXACT        
      ALL PU VALUES ARE EXPRESSED ON A 100 MVA BASE
      LOAD FLOW IS BASED ON CONNECTED LOADS.
      LOAD ANALYSIS INCLUDES ALL LOADS.
      <<PERCENT VOLTAGE DROPS ARE BASED ON NOMINAL DESIGN VOLTAGES>>



        SWING GENERATORS
 SOURCE NAME       VOLTAGE  ANGLE
 ================================
 UTIL-0002       1.030    0.00  


                          PV GENERATORS
 SOURCE NAME       VOLTAGE   kW     kVARMIN  kVARMAX  PARTICIPATION
 ==================================================================



 BUS VOLTAGE CONVERGENCY CRITERIA:   0.00001000  PU

 LARGEST BUS VOLTAGE MISMATCH BUS-0036       -1.21768069  PU
 LARGEST BUS VOLTAGE MISMATCH BUS-0036        0.16258456  PU
 LARGEST BUS VOLTAGE MISMATCH BUS-0036       -0.00191471  PU
 LARGEST BUS VOLTAGE MISMATCH BUS-0036       -0.00000033  PU



Sep 22, 2016     15:56:19                                                     PAGE 3
 
 
 




 BALANCED VOLTAGE DROP AND LOAD FLOW ANALYSIS (SWING GENERATORS)
 ***********************************************************************************
 SOURCE          VOLTAGE  ANGLE        KW       KVAR      VD%  (UTILITY IMPEDANCE)

 UTIL-0002       1.030    0.00    11561.75   9339.45    -6.06     0.00200  +j   0.02440 



Sep 22, 2016     15:56:19                                                     PAGE 4
 
 
 

 BALANCED VOLTAGE DROP AND LOAD FLOW ANALYSIS (PV GENERATOR SCHEDULE REPORT)
 ***********************************************************************************
                          ---VOLTAGE---     -KVAR LIMITS-         ---ACTUAL----
 PV SOURCE NAME           SCHED. ACTUAL     MIN       MAX         KW       KVAR





Sep 22, 2016     15:56:19                                                     PAGE 5
 
 
 

                 BALANCED VOLTAGE DROP AND LOAD FLOW ANALYSIS 
 ************************************************************************************************
 VOLTAGE EFFECT ON LOADS MODELED
 VOLTAGE DROP CRITERIA: BRANCH =  3.00%   BUS =  5.00%


 ==== BUS: BUS-0031       DESIGN VOLTS:      208 BUS VOLTS:      216 %VD: -3.62 
 ======================== PU BUS VOLTAGE:  1.036 ANGLE: -61.8  DEGREES

  LOAD FROM: BUS204         T205           TRANSF AMPS:   803.6 VOLTAGE DROP:      5.  %VD:  2.18
  PROJECTED POWER FLOW:    240.0  KW    180.0  KVAR    300.0  KVA     0.80  LAGGING
  LOSSES THRU TRANSF:        1.7  KW      8.2  KVAR      8.4  KVA

  BRANCH DIVERSITY LOAD:   240.0  KW    180.0  KVAR

 ==== BUS: BUS-0032       DESIGN VOLTS:      480 BUS VOLTS:      489 %VD: -1.80 
 ======================== PU BUS VOLTAGE:  1.018 ANGLE: -92.8  DEGREES

  LOAD FROM: BUS208         T207           TRANSF AMPS:   708.9 VOLTAGE DROP:     13.  %VD:  2.63
  PROJECTED POWER FLOW:    480.0  KW    360.0  KVAR    600.0  KVA     0.80  LAGGING
  LOSSES THRU TRANSF:        4.6  KW     19.4  KVAR     20.0  KVA

  BRANCH DIVERSITY LOAD:   480.0  KW    360.0  KVAR

 ==== BUS: BUS-0033       DESIGN VOLTS:      480 BUS VOLTS:      490 %VD: -2.12 
 ======================== PU BUS VOLTAGE:  1.021 ANGLE: -93.2  DEGREES

  LOAD FROM: BUS208         T208           TRANSF AMPS:  1177.8 VOLTAGE DROP:     11.  %VD:  2.30
  PROJECTED POWER FLOW:    800.0  KW    600.0  KVAR   1000.0  KVA     0.80  LAGGING
  LOSSES THRU TRANSF:        0.1  KW     36.8  KVAR     36.8  KVA

  BRANCH DIVERSITY LOAD:   800.0  KW    600.0  KVAR

 ==== BUS: BUS-0036       DESIGN VOLTS:      480 BUS VOLTS:      486 %VD: -1.28 
 ======================== PU BUS VOLTAGE:  1.013 ANGLE: -93.2  DEGREES

  LOAD FROM: BUS106         T106           TRANSF AMPS:  1781.4 VOLTAGE DROP:     16.  %VD:  3.25$
  PROJECTED POWER FLOW:   1200.0  KW    900.0  KVAR   1500.0  KVA     0.80  LAGGING
  LOSSES THRU TRANSF:       13.1  KW     61.7  KVAR     63.1  KVA

  BRANCH DIVERSITY LOAD:  1200.0  KW    900.0  KVAR

 ==== BUS: BUS-0060       DESIGN VOLTS:    13800 BUS VOLTS:    14787 %VD: -7.15 $
 ======================== PU BUS VOLTAGE:  1.072 ANGLE: -30.4  DEGREES

 **** NO LOAD SPECIFIED ****





Sep 22, 2016     15:56:19                                                     PAGE 6
 
 
 

                 BALANCED VOLTAGE DROP AND LOAD FLOW ANALYSIS 
 ************************************************************************************************
 VOLTAGE EFFECT ON LOADS MODELED
 VOLTAGE DROP CRITERIA: BRANCH =  3.00%   BUS =  5.00%


 ==== BUS: BUS-0066       DESIGN VOLTS:    13800 BUS VOLTS:    14866 %VD: -7.73 $
 ======================== PU BUS VOLTAGE:  1.077 ANGLE: -30.3  DEGREES

 **** NO LOAD SPECIFIED ****

 ==== BUS: BUS101         DESIGN VOLTS:    13800 BUS VOLTS:    14787 %VD: -7.15 $
 ======================== PU BUS VOLTAGE:  1.072 ANGLE: -30.4  DEGREES

  LOAD   TO: BUS104         C102           FEEDER AMPS:   112.8 VOLTAGE DROP:     52.  %VD:  0.38
  PROJECTED POWER FLOW:   2234.0  KW   1831.1  KVAR   2888.5  KVA     0.77  LAGGING
  LOSSES THRU FEEDER:        6.0  KW      8.8  KVAR     10.7  KVA

  LOAD   TO: BUS102         C101           FEEDER AMPS:    59.7 VOLTAGE DROP:      9.  %VD:  0.07
  PROJECTED POWER FLOW:   1206.7  KW    938.4  KVAR   1528.6  KVA     0.79  LAGGING
  LOSSES THRU FEEDER:        0.5  KW      0.8  KVAR      1.0  KVA

  LOAD FROM: SUB-BUS3       FEEDER-01      FEEDER AMPS:   172.4 VOLTAGE DROP:     79.  %VD:  0.57
  PROJECTED POWER FLOW:   3440.6  KW   2769.5  KVAR   4416.8  KVA     0.78  LAGGING
  LOSSES THRU FEEDER:       13.8  KW     20.5  KVAR     24.7  KVA

  LOAD   TO: BUS103         CBL-SHRT-01    FEEDER AMPS:     0.0 VOLTAGE DROP:      0.  %VD:  0.00
  PROJECTED POWER FLOW:      0.0  KW      0.0  KVAR      0.0  KVA     0.00  LAGGING
  LOSSES THRU FEEDER:        0.0  KW      0.0  KVAR      0.0  KVA


 ==== BUS: BUS102         DESIGN VOLTS:    13800 BUS VOLTS:    14778 %VD: -7.09 $
 ======================== PU BUS VOLTAGE:  1.071 ANGLE: -30.4  DEGREES

  LOAD FROM: BUS101         C101           FEEDER AMPS:    59.7 VOLTAGE DROP:      9.  %VD:  0.07
  PROJECTED POWER FLOW:   1206.1  KW    937.6  KVAR   1527.7  KVA     0.79  LAGGING
  LOSSES THRU FEEDER:        0.5  KW      0.8  KVAR      1.0  KVA

  LOAD   TO: BUS-0057       T101           TRANSF AMPS:    12.0 VOLTAGE DROP:    297.  %VD:  2.15
  PROJECTED POWER FLOW:    241.6  KW    188.0  KVAR    306.2  KVA     0.79  LAGGING
  LOSSES THRU TRANSF:        1.6  KW      8.0  KVAR      8.2  KVA





Sep 22, 2016     15:56:19                                                     PAGE 7
 
 
 

                 BALANCED VOLTAGE DROP AND LOAD FLOW ANALYSIS 
 ************************************************************************************************
 VOLTAGE EFFECT ON LOADS MODELED
 VOLTAGE DROP CRITERIA: BRANCH =  3.00%   BUS =  5.00%


  LOAD   TO: BUS105         T102           TRANSF AMPS:    47.7 VOLTAGE DROP:    260.  %VD:  1.89
  PROJECTED POWER FLOW:    964.5  KW    749.6  KVAR   1221.5  KVA     0.79  LAGGING
  LOSSES THRU TRANSF:        4.5  KW     29.6  KVAR     29.9  KVA


 ==== BUS: BUS103         DESIGN VOLTS:    13800 BUS VOLTS:    14787 %VD: -7.15 $
 ======================== PU BUS VOLTAGE:  1.072 ANGLE: -30.4  DEGREES

 **** NO LOAD SPECIFIED ****

 ==== BUS: BUS104         DESIGN VOLTS:    13800 BUS VOLTS:    14735 %VD: -6.78 $
 ======================== PU BUS VOLTAGE:  1.068 ANGLE: -30.5  DEGREES

  LOAD FROM: BUS101         C102           FEEDER AMPS:   112.8 VOLTAGE DROP:     52.  %VD:  0.38
  PROJECTED POWER FLOW:   2228.0  KW   1822.3  KVAR   2878.3  KVA     0.77  LAGGING
  LOSSES THRU FEEDER:        6.0  KW      8.8  KVAR     10.7  KVA

  LOAD   TO: BUS-0053       C106           FEEDER AMPS:   102.8 VOLTAGE DROP:     13.  %VD:  0.09
  PROJECTED POWER FLOW:   2026.9  KW   1666.7  KVAR   2624.1  KVA     0.77  LAGGING
  LOSSES THRU FEEDER:        1.4  KW      2.0  KVAR      2.4  KVA

  LOAD   TO: BUS-0058       T103           TRANSF AMPS:    10.0 VOLTAGE DROP:    247.  %VD:  1.79
  PROJECTED POWER FLOW:    201.1  KW    155.6  KVAR    254.3  KVA     0.79  LAGGING
  LOSSES THRU TRANSF:        1.1  KW      5.6  KVAR      5.7  KVA


 ==== BUS: BUS105         DESIGN VOLTS:      480 BUS VOLTS:      505 %VD: -5.20 $
 ======================== PU BUS VOLTAGE:  1.052 ANGLE: -61.4  DEGREES

  LOAD FROM: BUS102         T102           TRANSF AMPS:  1372.0 VOLTAGE DROP:      9.  %VD:  1.89
  PROJECTED POWER FLOW:    960.0  KW    720.0  KVAR   1200.0  KVA     0.80  LAGGING
  LOSSES THRU TRANSF:        4.5  KW     29.6  KVAR     29.9  KVA

  BRANCH DIVERSITY LOAD:   960.0  KW    720.0  KVAR

 ==== BUS: BUS106         DESIGN VOLTS:     4160 BUS VOLTS:     4348 %VD: -4.53 
 ======================== PU BUS VOLTAGE:  1.045 ANGLE: -61.7  DEGREES





Sep 22, 2016     15:56:19                                                     PAGE 8
 
 
 

                 BALANCED VOLTAGE DROP AND LOAD FLOW ANALYSIS 
 ************************************************************************************************
 VOLTAGE EFFECT ON LOADS MODELED
 VOLTAGE DROP CRITERIA: BRANCH =  3.00%   BUS =  5.00%


  LOAD FROM: BUS-0053       T104           TRANSF AMPS:   341.1 VOLTAGE DROP:     90.  %VD:  2.16
  PROJECTED POWER FLOW:   2018.8  KW   1588.5  KVAR   2568.9  KVA     0.79  LAGGING
  LOSSES THRU TRANSF:        6.7  KW     76.2  KVAR     76.5  KVA

  LOAD   TO: BUS107         T105           TRANSF AMPS:   135.5 VOLTAGE DROP:     89.  %VD:  2.13
  PROJECTED POWER FLOW:    805.7  KW    626.8  KVAR   1020.8  KVA     0.79  LAGGING
  LOSSES THRU TRANSF:        5.7  KW     26.8  KVAR     27.4  KVA

  LOAD   TO: BUS-0036       T106           TRANSF AMPS:   205.5 VOLTAGE DROP:    135.  %VD:  3.25$
  PROJECTED POWER FLOW:   1213.1  KW    961.7  KVAR   1548.1  KVA     0.78  LAGGING
  LOSSES THRU TRANSF:       13.1  KW     61.7  KVAR     63.1  KVA


 ==== BUS: BUS107         DESIGN VOLTS:      480 BUS VOLTS:      491 %VD: -2.39 
 ======================== PU BUS VOLTAGE:  1.024 ANGLE: -92.7  DEGREES

  LOAD FROM: BUS106         T105           TRANSF AMPS:  1174.7 VOLTAGE DROP:     10.  %VD:  2.13
  PROJECTED POWER FLOW:    800.0  KW    600.0  KVAR   1000.0  KVA     0.80  LAGGING
  LOSSES THRU TRANSF:        5.7  KW     26.8  KVAR     27.4  KVA

  BRANCH DIVERSITY LOAD:   800.0  KW    600.0  KVAR

 ==== BUS: BUS201         DESIGN VOLTS:    13800 BUS VOLTS:    14689 %VD: -6.44 $
 ======================== PU BUS VOLTAGE:  1.064 ANGLE: -30.8  DEGREES

  LOAD   TO: BUS204         C201           FEEDER AMPS:   117.9 VOLTAGE DROP:     89.  %VD:  0.64
  PROJECTED POWER FLOW:   2346.9  KW   1867.1  KVAR   2999.0  KVA     0.78  LAGGING
  LOSSES THRU FEEDER:       14.7  KW     10.7  KVAR     18.1  KVA

  LOAD   TO: BUS205         C202           FEEDER AMPS:    55.9 VOLTAGE DROP:      9.  %VD:  0.07
  PROJECTED POWER FLOW:   1125.6  KW    869.7  KVAR   1422.4  KVA     0.79  LAGGING
  LOSSES THRU FEEDER:        0.5  KW      0.8  KVAR      1.0  KVA

  LOAD   TO: BUS203         C203           FEEDER AMPS:    68.1 VOLTAGE DROP:     17.  %VD:  0.12
  PROJECTED POWER FLOW:   1369.4  KW   1060.2  KVAR   1731.8  KVA     0.79  LAGGING
  LOSSES THRU FEEDER:        1.2  KW      1.8  KVAR      2.1  KVA





Sep 22, 2016     15:56:19                                                     PAGE 9
 
 
 

                 BALANCED VOLTAGE DROP AND LOAD FLOW ANALYSIS 
 ************************************************************************************************
 VOLTAGE EFFECT ON LOADS MODELED
 VOLTAGE DROP CRITERIA: BRANCH =  3.00%   BUS =  5.00%


  LOAD FROM: SUB-BUS2       FEEDER-02      FEEDER AMPS:   241.8 VOLTAGE DROP:     92.  %VD:  0.67
  PROJECTED POWER FLOW:   4841.9  KW   3796.9  KVAR   6153.1  KVA     0.79  LAGGING
  LOSSES THRU FEEDER:       22.7  KW     33.6  KVAR     40.5  KVA


 ==== BUS: BUS202         DESIGN VOLTS:      480 BUS VOLTS:      500 %VD: -4.21 
 ======================== PU BUS VOLTAGE:  1.042 ANGLE: -61.6  DEGREES

  LOAD FROM: BUS204         T201           TRANSF AMPS:  1154.2 VOLTAGE DROP:      8.  %VD:  1.59
  PROJECTED POWER FLOW:    800.0  KW    600.0  KVAR   1000.0  KVA     0.80  LAGGING
  LOSSES THRU TRANSF:        3.2  KW     20.9  KVAR     21.2  KVA

  BRANCH DIVERSITY LOAD:   800.0  KW    600.0  KVAR

 ==== BUS: BUS203         DESIGN VOLTS:    13800 BUS VOLTS:    14672 %VD: -6.32 $
 ======================== PU BUS VOLTAGE:  1.063 ANGLE: -30.8  DEGREES

  LOAD FROM: BUS201         C203           FEEDER AMPS:    68.1 VOLTAGE DROP:     17.  %VD:  0.12
  PROJECTED POWER FLOW:   1368.2  KW   1058.4  KVAR   1729.8  KVA     0.79  LAGGING
  LOSSES THRU FEEDER:        1.2  KW      1.8  KVAR      2.1  KVA

  LOAD   TO: BUS206         T203           TRANSF AMPS:    40.1 VOLTAGE DROP:    289.  %VD:  2.09
  PROJECTED POWER FLOW:    805.5  KW    625.9  KVAR   1020.1  KVA     0.79  LAGGING
  LOSSES THRU TRANSF:        5.5  KW     25.9  KVAR     26.5  KVA

  LOAD   TO: BUS207         T204           TRANSF AMPS:    27.9 VOLTAGE DROP:    201.  %VD:  1.45
  PROJECTED POWER FLOW:    562.7  KW    432.5  KVAR    709.7  KVA     0.79  LAGGING
  LOSSES THRU TRANSF:        2.7  KW     12.5  KVAR     12.8  KVA


 ==== BUS: BUS204         DESIGN VOLTS:    13800 BUS VOLTS:    14600 %VD: -5.80 $
 ======================== PU BUS VOLTAGE:  1.058 ANGLE: -30.8  DEGREES

  LOAD FROM: BUS201         C201           FEEDER AMPS:   117.9 VOLTAGE DROP:     89.  %VD:  0.64
  PROJECTED POWER FLOW:   2332.3  KW   1856.4  KVAR   2980.9  KVA     0.78  LAGGING
  LOSSES THRU FEEDER:       14.7  KW     10.7  KVAR     18.1  KVA





Sep 22, 2016     15:56:19                                                    PAGE 10
 
 
 

                 BALANCED VOLTAGE DROP AND LOAD FLOW ANALYSIS 
 ************************************************************************************************
 VOLTAGE EFFECT ON LOADS MODELED
 VOLTAGE DROP CRITERIA: BRANCH =  3.00%   BUS =  5.00%


  LOAD   TO: BUS202         T201           TRANSF AMPS:    40.1 VOLTAGE DROP:    219.  %VD:  1.59
  PROJECTED POWER FLOW:    803.2  KW    620.9  KVAR   1015.2  KVA     0.79  LAGGING
  LOSSES THRU TRANSF:        3.2  KW     20.9  KVAR     21.2  KVA

  LOAD   TO: BUS-0031       T205           TRANSF AMPS:    12.1 VOLTAGE DROP:    301.  %VD:  2.18
  PROJECTED POWER FLOW:    241.7  KW    188.2  KVAR    306.3  KVA     0.79  LAGGING
  LOSSES THRU TRANSF:        1.7  KW      8.2  KVAR      8.4  KVA

  LOAD   TO: BUS208         T206           TRANSF AMPS:    65.6 VOLTAGE DROP:    190.  %VD:  1.37
  PROJECTED POWER FLOW:   1287.4  KW   1047.2  KVAR   1659.6  KVA     0.78  LAGGING
  LOSSES THRU TRANSF:        2.7  KW     31.0  KVAR     31.2  KVA


 ==== BUS: BUS205         DESIGN VOLTS:    13800 BUS VOLTS:    14680 %VD: -6.38 $
 ======================== PU BUS VOLTAGE:  1.064 ANGLE: -30.8  DEGREES

  LOAD FROM: BUS201         C202           FEEDER AMPS:    55.9 VOLTAGE DROP:      9.  %VD:  0.07
  PROJECTED POWER FLOW:   1125.1  KW    868.9  KVAR   1421.5  KVA     0.79  LAGGING
  LOSSES THRU FEEDER:        0.5  KW      0.8  KVAR      1.0  KVA

  LOAD   TO: BUS209         T209           TRANSF AMPS:    39.9 VOLTAGE DROP:    217.  %VD:  1.58
  PROJECTED POWER FLOW:    803.1  KW    620.7  KVAR   1015.0  KVA     0.79  LAGGING
  LOSSES THRU TRANSF:        3.1  KW     20.7  KVAR     20.9  KVA

  LOAD   TO: BUS210         T210           TRANSF AMPS:    16.0 VOLTAGE DROP:    234.  %VD:  1.70
  PROJECTED POWER FLOW:    321.9  KW    248.2  KVAR    406.5  KVA     0.79  LAGGING
  LOSSES THRU TRANSF:        1.9  KW      8.2  KVAR      8.4  KVA

  LOAD   TO: BUS-PV         T202           TRANSF AMPS:     0.0 VOLTAGE DROP:      0.  %VD:  0.00
  PROJECTED POWER FLOW:      0.0  KW      0.0  KVAR      0.0  KVA     0.00  LAGGING
  LOSSES THRU TRANSF:        0.0  KW      0.0  KVAR      0.0  KVA


 ==== BUS: BUS206         DESIGN VOLTS:      480 BUS VOLTS:      500 %VD: -4.23 
 ======================== PU BUS VOLTAGE:  1.042 ANGLE: -61.8  DEGREES





Sep 22, 2016     15:56:19                                                    PAGE 11
 
 
 

                 BALANCED VOLTAGE DROP AND LOAD FLOW ANALYSIS 
 ************************************************************************************************
 VOLTAGE EFFECT ON LOADS MODELED
 VOLTAGE DROP CRITERIA: BRANCH =  3.00%   BUS =  5.00%


  LOAD FROM: BUS203         T203           TRANSF AMPS:  1154.0 VOLTAGE DROP:     10.  %VD:  2.09
  PROJECTED POWER FLOW:    800.0  KW    600.0  KVAR   1000.0  KVA     0.80  LAGGING
  LOSSES THRU TRANSF:        5.5  KW     25.9  KVAR     26.5  KVA

  BRANCH DIVERSITY LOAD:   800.0  KW    600.0  KVAR

 ==== BUS: BUS207         DESIGN VOLTS:      480 BUS VOLTS:      503 %VD: -4.87 
 ======================== PU BUS VOLTAGE:  1.049 ANGLE: -61.5  DEGREES

  LOAD FROM: BUS203         T204           TRANSF AMPS:   802.9 VOLTAGE DROP:      7.  %VD:  1.45
  PROJECTED POWER FLOW:    560.0  KW    420.0  KVAR    700.0  KVA     0.80  LAGGING
  LOSSES THRU TRANSF:        2.7  KW     12.5  KVAR     12.8  KVA

  BRANCH DIVERSITY LOAD:   560.0  KW    420.0  KVAR

 ==== BUS: BUS208         DESIGN VOLTS:     4160 BUS VOLTS:     4344 %VD: -4.43 
 ======================== PU BUS VOLTAGE:  1.044 ANGLE: -61.6  DEGREES

  LOAD FROM: BUS204         T206           TRANSF AMPS:   217.7 VOLTAGE DROP:     57.  %VD:  1.37
  PROJECTED POWER FLOW:   1284.7  KW   1016.2  KVAR   1638.0  KVA     0.78  LAGGING
  LOSSES THRU TRANSF:        2.7  KW     31.0  KVAR     31.2  KVA

  LOAD   TO: BUS-0032       T207           TRANSF AMPS:    81.8 VOLTAGE DROP:    109.  %VD:  2.63
  PROJECTED POWER FLOW:    484.6  KW    379.4  KVAR    615.5  KVA     0.79  LAGGING
  LOSSES THRU TRANSF:        4.6  KW     19.4  KVAR     20.0  KVA

  LOAD   TO: BUS-0033       T208           TRANSF AMPS:   135.9 VOLTAGE DROP:     96.  %VD:  2.30
  PROJECTED POWER FLOW:    800.1  KW    636.8  KVAR   1022.5  KVA     0.78  LAGGING
  LOSSES THRU TRANSF:        0.1  KW     36.8  KVAR     36.8  KVA


 ==== BUS: BUS209         DESIGN VOLTS:      480 BUS VOLTS:      503 %VD: -4.80 
 ======================== PU BUS VOLTAGE:  1.048 ANGLE: -61.7  DEGREES





Sep 22, 2016     15:56:19                                                    PAGE 12
 
 
 

                 BALANCED VOLTAGE DROP AND LOAD FLOW ANALYSIS 
 ************************************************************************************************
 VOLTAGE EFFECT ON LOADS MODELED
 VOLTAGE DROP CRITERIA: BRANCH =  3.00%   BUS =  5.00%


  LOAD FROM: BUS205         T209           TRANSF AMPS:  1147.7 VOLTAGE DROP:      8.  %VD:  1.58
  PROJECTED POWER FLOW:    800.0  KW    600.0  KVAR   1000.0  KVA     0.80  LAGGING
  LOSSES THRU TRANSF:        3.1  KW     20.7  KVAR     20.9  KVA

  BRANCH DIVERSITY LOAD:   800.0  KW    600.0  KVAR

 ==== BUS: BUS210         DESIGN VOLTS:      480 BUS VOLTS:      502 %VD: -4.68 
 ======================== PU BUS VOLTAGE:  1.047 ANGLE: -61.6  DEGREES

  LOAD FROM: BUS205         T210           TRANSF AMPS:   459.6 VOLTAGE DROP:      8.  %VD:  1.70
  PROJECTED POWER FLOW:    320.0  KW    240.0  KVAR    400.0  KVA     0.80  LAGGING
  LOSSES THRU TRANSF:        1.9  KW      8.2  KVAR      8.4  KVA

  BRANCH DIVERSITY LOAD:   320.0  KW    240.0  KVAR

 ==== BUS: BUS301         DESIGN VOLTS:    13800 BUS VOLTS:    14708 %VD: -6.58 $
 ======================== PU BUS VOLTAGE:  1.066 ANGLE: -30.8  DEGREES

  LOAD   TO: BUS302         C301           FEEDER AMPS:    63.9 VOLTAGE DROP:     13.  %VD:  0.10
  PROJECTED POWER FLOW:   1288.3  KW    996.2  KVAR   1628.6  KVA     0.79  LAGGING
  LOSSES THRU FEEDER:        0.9  KW      1.3  KVAR      1.6  KVA

  LOAD   TO: BUS-T305       C304           FEEDER AMPS:    24.1 VOLTAGE DROP:      2.  %VD:  0.02
  PROJECTED POWER FLOW:    484.5  KW    378.7  KVAR    614.9  KVA     0.79  LAGGING
  LOSSES THRU FEEDER:        0.1  KW      0.1  KVAR      0.1  KVA

  LOAD   TO: BUS303         C302           FEEDER AMPS:    32.5 VOLTAGE DROP:      9.  %VD:  0.06
  PROJECTED POWER FLOW:    648.4  KW    514.0  KVAR    827.4  KVA     0.78  LAGGING
  LOSSES THRU FEEDER:        0.4  KW      0.3  KVAR      0.5  KVA

  LOAD   TO: BUS-T304       C303           FEEDER AMPS:    39.9 VOLTAGE DROP:      7.  %VD:  0.05
  PROJECTED POWER FLOW:    803.4  KW    621.0  KVAR   1015.5  KVA     0.79  LAGGING
  LOSSES THRU FEEDER:        0.3  KW      0.4  KVAR      0.5  KVA

  LOAD FROM: SUB-BUS2       FEEDER-03      FEEDER AMPS:   160.4 VOLTAGE DROP:     73.  %VD:  0.53
  PROJECTED POWER FLOW:   3224.6  KW   2510.0  KVAR   4086.3  KVA     0.79  LAGGING
  LOSSES THRU FEEDER:       11.9  KW     17.7  KVAR     21.4  KVA






Sep 22, 2016     15:56:19                                                    PAGE 13
 
 
 

                 BALANCED VOLTAGE DROP AND LOAD FLOW ANALYSIS 
 ************************************************************************************************
 VOLTAGE EFFECT ON LOADS MODELED
 VOLTAGE DROP CRITERIA: BRANCH =  3.00%   BUS =  5.00%


 ==== BUS: BUS302         DESIGN VOLTS:    13800 BUS VOLTS:    14695 %VD: -6.48 $
 ======================== PU BUS VOLTAGE:  1.065 ANGLE: -30.8  DEGREES

  LOAD FROM: BUS301         C301           FEEDER AMPS:    63.9 VOLTAGE DROP:     13.  %VD:  0.10
  PROJECTED POWER FLOW:   1287.4  KW    994.9  KVAR   1627.1  KVA     0.79  LAGGING
  LOSSES THRU FEEDER:        0.9  KW      1.3  KVAR      1.6  KVA

  LOAD   TO: BUS304         T301           TRANSF AMPS:    40.1 VOLTAGE DROP:    288.  %VD:  2.09
  PROJECTED POWER FLOW:    805.5  KW    625.8  KVAR   1020.0  KVA     0.79  LAGGING
  LOSSES THRU TRANSF:        5.5  KW     25.8  KVAR     26.4  KVA

  LOAD   TO: BUS305         T302           TRANSF AMPS:    23.9 VOLTAGE DROP:    171.  %VD:  1.24
  PROJECTED POWER FLOW:    481.9  KW    369.1  KVAR    607.1  KVA     0.79  LAGGING
  LOSSES THRU TRANSF:        1.9  KW      9.1  KVAR      9.3  KVA


 ==== BUS: BUS303         DESIGN VOLTS:    13800 BUS VOLTS:    14699 %VD: -6.52 $
 ======================== PU BUS VOLTAGE:  1.065 ANGLE: -30.8  DEGREES

  LOAD FROM: BUS301         C302           FEEDER AMPS:    32.5 VOLTAGE DROP:      9.  %VD:  0.06
  PROJECTED POWER FLOW:    648.0  KW    513.7  KVAR    826.9  KVA     0.78  LAGGING
  LOSSES THRU FEEDER:        0.4  KW      0.3  KVAR      0.5  KVA

  LOAD   TO: BUS-C6         T303           TRANSF AMPS:    32.5 VOLTAGE DROP:    479.  %VD:  3.47$
  PROJECTED POWER FLOW:    648.0  KW    513.7  KVAR    826.9  KVA     0.78  LAGGING
  LOSSES THRU TRANSF:        8.0  KW     33.7  KVAR     34.7  KVA


 ==== BUS: BUS304         DESIGN VOLTS:      480 BUS VOLTS:      501 %VD: -4.39 
 ======================== PU BUS VOLTAGE:  1.044 ANGLE: -61.8  DEGREES

  LOAD FROM: BUS302         T301           TRANSF AMPS:  1152.2 VOLTAGE DROP:     10.  %VD:  2.09
  PROJECTED POWER FLOW:    800.0  KW    600.0  KVAR   1000.0  KVA     0.80  LAGGING
  LOSSES THRU TRANSF:        5.5  KW     25.8  KVAR     26.4  KVA

  BRANCH DIVERSITY LOAD:   800.0  KW    600.0  KVAR

 ==== BUS: BUS305         DESIGN VOLTS:      480 BUS VOLTS:      505 %VD: -5.24 $
 ======================== PU BUS VOLTAGE:  1.052 ANGLE: -61.4  DEGREES





Sep 22, 2016     15:56:19                                                    PAGE 14
 
 
 

                 BALANCED VOLTAGE DROP AND LOAD FLOW ANALYSIS 
 ************************************************************************************************
 VOLTAGE EFFECT ON LOADS MODELED
 VOLTAGE DROP CRITERIA: BRANCH =  3.00%   BUS =  5.00%


  LOAD FROM: BUS302         T302           TRANSF AMPS:   685.7 VOLTAGE DROP:      6.  %VD:  1.24
  PROJECTED POWER FLOW:    480.0  KW    360.0  KVAR    600.0  KVA     0.80  LAGGING
  LOSSES THRU TRANSF:        1.9  KW      9.1  KVAR      9.3  KVA

  BRANCH DIVERSITY LOAD:   480.0  KW    360.0  KVAR

 ==== BUS: BUS306         DESIGN VOLTS:      480 BUS VOLTS:      499 %VD: -3.99 
 ======================== PU BUS VOLTAGE:  1.040 ANGLE: -61.9  DEGREES

  LOAD FROM: BUS-T305       T305           TRANSF AMPS:   694.0 VOLTAGE DROP:     12.  %VD:  2.57
  PROJECTED POWER FLOW:    480.0  KW    360.0  KVAR    600.0  KVA     0.80  LAGGING
  LOSSES THRU TRANSF:        4.4  KW     18.6  KVAR     19.1  KVA

  BRANCH DIVERSITY LOAD:   480.0  KW    360.0  KVAR

 ==== BUS: BUS307         DESIGN VOLTS:      480 BUS VOLTS:      504 %VD: -4.96 
 ======================== PU BUS VOLTAGE:  1.050 ANGLE: -61.6  DEGREES

  LOAD FROM: BUS-T304       T304           TRANSF AMPS:  1146.0 VOLTAGE DROP:      8.  %VD:  1.57
  PROJECTED POWER FLOW:    800.0  KW    600.0  KVAR   1000.0  KVA     0.80  LAGGING
  LOSSES THRU TRANSF:        3.1  KW     20.6  KVAR     20.9  KVA

  BRANCH DIVERSITY LOAD:   800.0  KW    600.0  KVAR

 ==== BUS: BUS-C6         DESIGN VOLTS:      480 BUS VOLTS:      495 %VD: -3.05 
 ======================== PU BUS VOLTAGE:  1.030 ANGLE: -62.3  DEGREES

  LOAD FROM: BUS303         T303           TRANSF AMPS:   933.8 VOLTAGE DROP:     17.  %VD:  3.47$
  PROJECTED POWER FLOW:    640.0  KW    480.0  KVAR    800.0  KVA     0.80  LAGGING
  LOSSES THRU TRANSF:        8.0  KW     33.7  KVAR     34.7  KVA

  BRANCH DIVERSITY LOAD:   640.0  KW    480.0  KVAR

 ==== BUS: BUS-PV         DESIGN VOLTS:      480 BUS VOLTS:      511 %VD: -6.38 $
 ======================== PU BUS VOLTAGE:  1.064 ANGLE: -60.8  DEGREES

 **** NO LOAD SPECIFIED ****

 ==== BUS: BUS-T304       DESIGN VOLTS:    13800 BUS VOLTS:    14702 %VD: -6.53 $
 ======================== PU BUS VOLTAGE:  1.065 ANGLE: -30.8  DEGREES





Sep 22, 2016     15:56:19                                                    PAGE 15
 
 
 

                 BALANCED VOLTAGE DROP AND LOAD FLOW ANALYSIS 
 ************************************************************************************************
 VOLTAGE EFFECT ON LOADS MODELED
 VOLTAGE DROP CRITERIA: BRANCH =  3.00%   BUS =  5.00%


  LOAD FROM: BUS301         C303           FEEDER AMPS:    39.9 VOLTAGE DROP:      7.  %VD:  0.05
  PROJECTED POWER FLOW:    803.1  KW    620.6  KVAR   1015.0  KVA     0.79  LAGGING
  LOSSES THRU FEEDER:        0.3  KW      0.4  KVAR      0.5  KVA

  LOAD   TO: BUS307         T304           TRANSF AMPS:    39.9 VOLTAGE DROP:    217.  %VD:  1.57
  PROJECTED POWER FLOW:    803.1  KW    620.6  KVAR   1015.0  KVA     0.79  LAGGING
  LOSSES THRU TRANSF:        3.1  KW     20.6  KVAR     20.9  KVA


 ==== BUS: BUS-T305       DESIGN VOLTS:    13800 BUS VOLTS:    14706 %VD: -6.56 $
 ======================== PU BUS VOLTAGE:  1.066 ANGLE: -30.8  DEGREES

  LOAD FROM: BUS301         C304           FEEDER AMPS:    24.1 VOLTAGE DROP:      2.  %VD:  0.02
  PROJECTED POWER FLOW:    484.4  KW    378.6  KVAR    614.8  KVA     0.79  LAGGING
  LOSSES THRU FEEDER:        0.1  KW      0.1  KVAR      0.1  KVA

  LOAD   TO: BUS306         T305           TRANSF AMPS:    24.1 VOLTAGE DROP:    355.  %VD:  2.57
  PROJECTED POWER FLOW:    484.4  KW    378.6  KVAR    614.8  KVA     0.79  LAGGING
  LOSSES THRU TRANSF:        4.4  KW     18.6  KVAR     19.1  KVA


 ==== BUS: SUB-BUS2       DESIGN VOLTS:    13800 BUS VOLTS:    14781 %VD: -7.11 $
 ======================== PU BUS VOLTAGE:  1.071 ANGLE: -30.7  DEGREES

  LOAD   TO: BUS301         FEEDER-03      FEEDER AMPS:   160.4 VOLTAGE DROP:     73.  %VD:  0.53
  PROJECTED POWER FLOW:   3236.6  KW   2527.7  KVAR   4106.6  KVA     0.79  LAGGING
  LOSSES THRU FEEDER:       11.9  KW     17.7  KVAR     21.4  KVA

  LOAD   TO: BUS201         FEEDER-02      FEEDER AMPS:   241.8 VOLTAGE DROP:     92.  %VD:  0.67
  PROJECTED POWER FLOW:   4864.6  KW   3830.5  KVAR   6191.7  KVA     0.79  LAGGING
  LOSSES THRU FEEDER:       22.7  KW     33.6  KVAR     40.5  KVA

  LOAD FROM: SUBTRANSMISSIO SUB-XF2        TRANSF AMPS:   402.2 VOLTAGE DROP:   -571.  %VD: -4.14$
  PROJECTED POWER FLOW:   8101.2  KW   6358.2  KVAR  10298.3  KVA     0.79  LAGGING
  LOSSES THRU TRANSF:        5.2  KW    161.6  KVAR    161.7  KVA
  Primary Fixed Tap:      0.000%    Sec. Fixed Tap:   5.072%


 ==== BUS: SUB-BUS3       DESIGN VOLTS:    13800 BUS VOLTS:    14866 %VD: -7.73 $
 ======================== PU BUS VOLTAGE:  1.077 ANGLE: -30.3  DEGREES





Sep 22, 2016     15:56:19                                                    PAGE 16
 
 
 

                 BALANCED VOLTAGE DROP AND LOAD FLOW ANALYSIS 
 ************************************************************************************************
 VOLTAGE EFFECT ON LOADS MODELED
 VOLTAGE DROP CRITERIA: BRANCH =  3.00%   BUS =  5.00%


  LOAD   TO: BUS101         FEEDER-01      FEEDER AMPS:   172.4 VOLTAGE DROP:     79.  %VD:  0.57
  PROJECTED POWER FLOW:   3454.4  KW   2790.0  KVAR   4440.4  KVA     0.78  LAGGING
  LOSSES THRU FEEDER:       13.8  KW     20.5  KVAR     24.7  KVA

  LOAD FROM: SUBTRANSMISSIO SUB-XF3        TRANSF AMPS:   172.4 VOLTAGE DROP:   -656.  %VD: -4.75$
  PROJECTED POWER FLOW:   3454.4  KW   2790.0  KVAR   4440.4  KVA     0.78  LAGGING
  LOSSES THRU TRANSF:        1.0  KW     29.7  KVAR     29.7  KVA
  Primary Fixed Tap:      0.000%    Sec. Fixed Tap:   5.072%


 ==== BUS: SUBTRANSMISSIO DESIGN VOLTS:   115000 BUS VOLTS:   118422 %VD: -2.98 
 ======================== PU BUS VOLTAGE:  1.030 ANGLE:  -0.0  DEGREES
              *** SWING GENERATOR:UTIL-0002      11561.75  KW  9339.45  KVAR

  LOAD   TO: SUB-BUS2       SUB-XF2        TRANSF AMPS:    50.7 VOLTAGE DROP:  -4756.  %VD: -4.14$
  PROJECTED POWER FLOW:   8106.4  KW   6519.8  KVAR  10402.9  KVA     0.78  LAGGING
  LOSSES THRU TRANSF:        5.2  KW    161.6  KVAR    161.7  KVA
  Primary Fixed Tap:      0.000%    Sec. Fixed Tap:   5.072%

  LOAD   TO: SUB-BUS3       SUB-XF3        TRANSF AMPS:    21.7 VOLTAGE DROP:  -5464.  %VD: -4.75$
  PROJECTED POWER FLOW:   3455.4  KW   2819.7  KVAR   4459.9  KVA     0.77  LAGGING
  LOSSES THRU TRANSF:        1.0  KW     29.7  KVAR     29.7  KVA
  Primary Fixed Tap:      0.000%    Sec. Fixed Tap:   5.072%





Sep 22, 2016     15:56:19                                                    PAGE 17
 
 
 

           BALANCED VOLTAGE DROP AND LOAD FLOW BUS DATA SUMMARY 
 ***********************************************************************
   BUS NAME      BASE VOLT PU VOLT      BUS NAME      BASE VOLT PU VOLT
   BUS-0031           208.  1.0362      BUS-0032           480.  1.0180
   BUS-0033           480.  1.0212      BUS-0036           480.  1.0128
   BUS-0051         13800.  1.0715      BUS-0053         13800.  1.0668
   BUS-0057           480.  1.0493      BUS-0058           208.  1.0498
   BUS-0059           480.  1.0715      BUS-0060         13800.  1.0715
   BUS-0066         13800.  1.0773      BUS101           13800.  1.0715
   BUS102           13800.  1.0709      BUS103           13800.  1.0715
   BUS104           13800.  1.0678      BUS105             480.  1.0520
   BUS106            4160.  1.0453      BUS107             480.  1.0239
   BUS201           13800.  1.0644      BUS202             480.  1.0421
   BUS203           13800.  1.0632      BUS204           13800.  1.0580
   BUS205           13800.  1.0638      BUS206             480.  1.0423
   BUS207             480.  1.0487      BUS208            4160.  1.0443
   BUS209             480.  1.0480      BUS210             480.  1.0468
   BUS301           13800.  1.0658      BUS302           13800.  1.0648
   BUS303           13800.  1.0652      BUS304             480.  1.0439
   BUS305             480.  1.0524      BUS306             480.  1.0399
   BUS307             480.  1.0496      BUS-C6             480.  1.0305
   BUS-PV             480.  1.0638      BUS-T304         13800.  1.0653
   BUS-T305         13800.  1.0656      SUB-BUS2         13800.  1.0711
   SUB-BUS3         13800.  1.0773      SUBTRANSMISSIO  115000.  1.0298



Sep 22, 2016     15:56:19                                                    PAGE 18
 
 
 

                  BALANCED VOLTAGE DROP AND LOAD FLOW BRANCH DATA SUMMARY
 ***************************************************************************************
 BRANCH NAME    FROM NAME      TO NAME        TYPE     VD%     AMPS      KVA  RATING%
 C101           BUS101         BUS102         FDR     0.07    59.68  1528.61    11.30
 C102           BUS101         BUS104         FDR     0.38   112.78  2888.52    21.36
 C103           BUS103         BUS-0060       FDR     0.00     0.00     0.00     0.00
 C104           BUS103         BUS-0051       FDR     0.00     0.00     0.00     0.00
 C106           BUS104         BUS-0053       FDR     0.09   102.82  2624.14    19.47
 C201           BUS201         BUS204         FDR     0.64   117.87  2999.01    36.32
 C202           BUS201         BUS205         FDR     0.07    55.91  1422.43    10.59
 C203           BUS201         BUS203         FDR     0.12    68.07  1731.79    12.89
 C301           BUS301         BUS302         FDR     0.10    63.93  1628.56    12.11
 C302           BUS301         BUS303         FDR     0.06    32.48   827.44    10.01
 C303           BUS301         BUS-T304       FDR     0.05    39.86  1015.45     7.55
 C304           BUS301         BUS-T305       FDR     0.02    24.14   614.94     3.72
 CBL-SHRT-01    BUS101         BUS103         FDR     0.00     0.00     0.00     0.00
 FEEDER-01      SUB-BUS3       BUS101         FDR     0.57   172.45  4440.40    32.66
 FEEDER-02      SUB-BUS2       BUS201         FDR     0.67   241.84  6191.69    45.80
 FEEDER-03      SUB-BUS2       BUS301         FDR     0.53   160.40  4106.65    30.38
 FEEDER-05      SUB-BUS3       BUS-0066       FDR     0.00     0.00     0.00     0.00
 SUB-XF2        SUBTRANSMISSIO SUB-BUS2       TX2    -4.14    50.72 10402.91    20.20
 SUB-XF3        SUBTRANSMISSIO SUB-BUS3       TX2    -4.75    21.74  4459.86     8.66
 T101           BUS102         BUS-0057       TX2     2.15    11.96   306.16    57.18
 T102           BUS102         BUS105         TX2     1.89    47.72  1221.52    45.63
 T103           BUS104         BUS-0058       TX2     1.79     9.96   254.27    47.63
 T104           BUS-0053       BUS106         TX2     2.16   102.82  2621.83    65.54
 T105           BUS106         BUS107         TX2     2.13   135.54  1020.82    48.83
 T106           BUS106         BUS-0036       TX2     3.25   205.55  1548.06    74.05
 T201           BUS204         BUS202         TX2     1.59    40.14  1015.21    38.38
 T202           BUS205         BUS-PV         TX2     0.00     0.00     0.00     0.00
 T203           BUS203         BUS206         TX2     2.09    40.14  1020.09    47.97
 T204           BUS203         BUS207         TX2     1.45    27.93   709.70    33.38
 T205           BUS204         BUS-0031       TX2     2.18    12.11   306.32    57.91
 T206           BUS204         BUS208         TX2     1.37    65.62  1659.56    41.83
 T207           BUS208         BUS-0032       TX2     2.63    81.80   615.49    58.94
 T208           BUS208         BUS-0033       TX2     2.30   135.90  1022.54    65.28
 T209           BUS205         BUS209         TX2     1.58    39.92  1015.04    38.17
 T210           BUS205         BUS210         TX2     1.70    15.99   406.49    38.21
 T217           BUS-0051       BUS-0059       TX2     0.00     0.00     0.00     0.00
 T301           BUS302         BUS304         TX2     2.09    40.08  1020.02    47.90
 T302           BUS302         BUS305         TX2     1.24    23.85   607.07    28.51
 T303           BUS303         BUS-C6         TX2     3.47    32.48   826.93    77.63
 T304           BUS-T304       BUS307         TX2     1.57    39.86  1014.99    38.11
 T305           BUS-T305       BUS306         TX2     2.57    24.14   614.83    57.70


 NOTE: FDR RATING% = % AMPS RATING BASED ON LIBRARY FLA OR BRANCH INPUT FLA
       TX2 RATING% = % KVA RATING BASED ON TRANSFORMER NOM/FL KVA



Sep 22, 2016     15:56:19                                                    PAGE 19
 
 
 

           BALANCED VOLTAGE DROP AND LOAD FLOW BUS DATA SUMMARY 
 ***********************************************************************
   BUS NAME      BASE VOLT PU VOLT      BUS NAME      BASE VOLT PU VOLT


 *** T O T A L   S Y S T E M   L O S S E S *** 
            162. KW      789. KVAR

 ***WARNING*** STUDY CONTAINS 28 VOLTAGE CRITERIA VIOLATIONS
   VIOLATIONS DENOTED BY  ($) AT BUS AND BRANCH %VD LOCATIONS
