Apr 03, 2018     14:35:59             THREE PHASE INTERRUPTING DUTY PAGE    1
                                                                                 
                                                                                 
                                                                                 
  
      T H R E E   P H A S E   I N T E R R U P U T I N G   D U T Y   R E P O R T
                          PRE FAULT VOLTAGE: 1.0000
                          MODEL TRANSFORMER TAPS: NO 
 ==============================================================================

  BUS-0031       VOLTAGE:    208.  ( SEE LOW VOLTAGE REPORT )

  BUS-0032       VOLTAGE:    480.  ( SEE LOW VOLTAGE REPORT )

  BUS-0033       VOLTAGE:    480.  ( SEE LOW VOLTAGE REPORT )

  BUS-0036       VOLTAGE:    480.  ( SEE LOW VOLTAGE REPORT )

  BUS-0060       E/Z:     11.927 KA AT  -70.98 DEG ( 285.07 MVA)  X/R:     2.90
                 VOLTAGE:  13800.   EQUIV. IMPEDANCE=  0.2177 + J  0.6316  OHMS
                 C103            BUS103            11.927 KA      ANG:   -70.98

                 GENERATOR NAME -- AT BUS --   KA    VOLTS PU  LOCAL/REMOTE
             FDR_1                          11.927     0.21         R
                 TOTAL REMOTE:    11.927 KA  NACD RATIO:  1.0000

                                 SYM2     SYM3     SYM5     SYM8
                 MULT. FACT:    1.000    1.000    1.000    1.000
                 DUTY (KA) :   11.927   11.927   11.927   11.927

                                 TOT2     TOT3     TOT5     TOT8
                 MULT. FACT:    1.027    1.000    1.000    1.000
                 DUTY (KA) :   12.243   11.927   11.927   11.927

  BUS-C6         VOLTAGE:    480.  ( SEE LOW VOLTAGE REPORT )

  BUS-PV         VOLTAGE:    480.  ( SEE LOW VOLTAGE REPORT )

  BUS-T304       E/Z:     11.462 KA AT  -72.92 DEG ( 273.96 MVA)  X/R:     3.26
                 VOLTAGE:  13800.   EQUIV. IMPEDANCE=  0.2041 + J  0.6645  OHMS
                 CONTRIBUTIONS:  BUS301            11.462 KA      ANG:   -72.92

                 GENERATOR NAME -- AT BUS --   KA    VOLTS PU  LOCAL/REMOTE
             FDR_3                          11.462     0.23         R
                 TOTAL REMOTE:    11.462 KA  NACD RATIO:  1.0000

                                 SYM2     SYM3     SYM5     SYM8
                 MULT. FACT:    1.000    1.000    1.000    1.000
                 DUTY (KA) :   11.462   11.462   11.462   11.462

                                 TOT2     TOT3     TOT5     TOT8
                 MULT. FACT:    1.031    1.000    1.000    1.000
                 DUTY (KA) :   11.817   11.462   11.462   11.462
Apr 03, 2018     14:35:59             THREE PHASE INTERRUPTING DUTY PAGE    2
                                                                                 
                                                                                 
                                                                                 
  
   T H R E E   P H A S E   I N T E R R U P T I N G   D U T Y   R E P O R T
                          PRE FAULT VOLTAGE: 1.0000
                          MODEL TRANSFORMER TAPS: NO 
                          NACD OPTION:  INTERPOLATED
 ==============================================================================

  BUS-T305       E/Z:     12.343 KA AT  -72.39 DEG ( 295.02 MVA)  X/R:     3.15
                 VOLTAGE:  13800.   EQUIV. IMPEDANCE=  0.1953 + J  0.6153  OHMS
                 CONTRIBUTIONS:  BUS301            12.343 KA      ANG:   -72.39

                 GENERATOR NAME -- AT BUS --   KA    VOLTS PU  LOCAL/REMOTE
             FDR_3                          12.343     0.18         R
                 TOTAL REMOTE:    12.343 KA  NACD RATIO:  1.0000

                                 SYM2     SYM3     SYM5     SYM8
                 MULT. FACT:    1.000    1.000    1.000    1.000
                 DUTY (KA) :   12.343   12.343   12.343   12.343

                                 TOT2     TOT3     TOT5     TOT8
                 MULT. FACT:    1.030    1.000    1.000    1.000
                 DUTY (KA) :   12.709   12.343   12.343   12.343

  BUS101         E/Z:     13.308 KA AT  -75.75 DEG ( 318.08 MVA)  X/R:     3.94
                 VOLTAGE:  13800.   EQUIV. IMPEDANCE=  0.1473 + J  0.5803  OHMS
                 C110            BUS-0069          13.308 KA      ANG:  -255.75

                 GENERATOR NAME -- AT BUS --   KA    VOLTS PU  LOCAL/REMOTE
             FDR_1                          13.308     0.09         R
                 TOTAL REMOTE:    13.308 KA  NACD RATIO:  1.0000

                                 SYM2     SYM3     SYM5     SYM8
                 MULT. FACT:    1.000    1.000    1.000    1.000
                 DUTY (KA) :   13.308   13.308   13.308   13.308

                                 TOT2     TOT3     TOT5     TOT8
                 MULT. FACT:    1.040    1.000    1.000    1.000
                 DUTY (KA) :   13.835   13.308   13.308   13.308

  BUS102         E/Z:     11.624 KA AT  -73.17 DEG ( 277.84 MVA)  X/R:     3.31
                 VOLTAGE:  13800.   EQUIV. IMPEDANCE=  0.1984 + J  0.6561  OHMS
                 CONTRIBUTIONS:  BUS101            11.624 KA      ANG:   -73.17

                 GENERATOR NAME -- AT BUS --   KA    VOLTS PU  LOCAL/REMOTE
             FDR_1                          11.624     0.21         R
                 TOTAL REMOTE:    11.624 KA  NACD RATIO:  1.0000
Apr 03, 2018     14:35:59             THREE PHASE INTERRUPTING DUTY PAGE    3
                                                                                 
                                                                                 
                                                                                 
  
   T H R E E   P H A S E   I N T E R R U P T I N G   D U T Y   R E P O R T
                          PRE FAULT VOLTAGE: 1.0000
                          MODEL TRANSFORMER TAPS: NO 
                          NACD OPTION:  INTERPOLATED
 ==============================================================================

                                 SYM2     SYM3     SYM5     SYM8
                 MULT. FACT:    1.000    1.000    1.000    1.000
                 DUTY (KA) :   11.624   11.624   11.624   11.624

                                 TOT2     TOT3     TOT5     TOT8
                 MULT. FACT:    1.032    1.000    1.000    1.000
                 DUTY (KA) :   11.992   11.624   11.624   11.624

  BUS103         E/Z:     12.043 KA AT  -71.37 DEG ( 287.86 MVA)  X/R:     2.97
                 VOLTAGE:  13800.   EQUIV. IMPEDANCE=  0.2113 + J  0.6269  OHMS
                 CONTRIBUTIONS:  BUS101            12.043 KA      ANG:   -71.37

                 GENERATOR NAME -- AT BUS --   KA    VOLTS PU  LOCAL/REMOTE
             FDR_1                          12.043     0.20         R
                 TOTAL REMOTE:    12.043 KA  NACD RATIO:  1.0000

                                 SYM2     SYM3     SYM5     SYM8
                 MULT. FACT:    1.000    1.000    1.000    1.000
                 DUTY (KA) :   12.043   12.043   12.043   12.043

                                 TOT2     TOT3     TOT5     TOT8
                 MULT. FACT:    1.027    1.000    1.000    1.000
                 DUTY (KA) :   12.373   12.043   12.043   12.043

  BUS104         E/Z:      9.192 KA AT  -69.50 DEG ( 219.72 MVA)  X/R:     2.67
                 VOLTAGE:  13800.   EQUIV. IMPEDANCE=  0.3035 + J  0.8119  OHMS
                 CONTRIBUTIONS:  BUS101             9.192 KA      ANG:   -69.50

                 GENERATOR NAME -- AT BUS --   KA    VOLTS PU  LOCAL/REMOTE
             FDR_1                           9.192     0.39         R
                 TOTAL REMOTE:     9.192 KA  NACD RATIO:  1.0000

                                 SYM2     SYM3     SYM5     SYM8
                 MULT. FACT:    1.000    1.000    1.000    1.000
                 DUTY (KA) :    9.192    9.192    9.192    9.192

                                 TOT2     TOT3     TOT5     TOT8
                 MULT. FACT:    1.024    1.000    1.000    1.000
                 DUTY (KA) :    9.410    9.192    9.192    9.192
Apr 03, 2018     14:35:59             THREE PHASE INTERRUPTING DUTY PAGE    4
                                                                                 
                                                                                 
                                                                                 
  
      T H R E E   P H A S E   I N T E R R U P U T I N G   D U T Y   R E P O R T
                          PRE FAULT VOLTAGE: 1.0000
                          MODEL TRANSFORMER TAPS: NO 
 ==============================================================================

  BUS105         VOLTAGE:    480.  ( SEE LOW VOLTAGE REPORT )

  BUS106         E/Z:      7.949 KA AT  -80.36 DEG (  57.28 MVA)  X/R:     5.89
                 VOLTAGE:   4160.   EQUIV. IMPEDANCE=  0.0506 + J  0.2979  OHMS
                 CONTRIBUTIONS:  BUS-0053           7.949 KA      ANG:    99.64

                 GENERATOR NAME -- AT BUS --   KA    VOLTS PU  LOCAL/REMOTE
             FDR_1                           7.949     0.84         R
                 TOTAL REMOTE:     7.949 KA  NACD RATIO:  1.0000

                                 SYM2     SYM3     SYM5     SYM8
                 MULT. FACT:    1.000    1.000    1.000    1.000
                 DUTY (KA) :    7.949    7.949    7.949    7.949

                                 TOT2     TOT3     TOT5     TOT8
                 MULT. FACT:    1.081    1.000    1.000    1.000
                 DUTY (KA) :    8.591    7.949    7.949    7.949

  BUS107         VOLTAGE:    480.  ( SEE LOW VOLTAGE REPORT )

  BUS201         E/Z:     14.306 KA AT  -80.19 DEG ( 341.94 MVA)  X/R:     5.79
                 VOLTAGE:  13800.   EQUIV. IMPEDANCE=  0.0948 + J  0.5488  OHMS
                 C111            BUS-0070          14.306 KA      ANG:  -260.19

                 GENERATOR NAME -- AT BUS --   KA    VOLTS PU  LOCAL/REMOTE
             FDR_2                          14.306     0.10         R
                 TOTAL REMOTE:    14.306 KA  NACD RATIO:  1.0000

                                 SYM2     SYM3     SYM5     SYM8
                 MULT. FACT:    1.000    1.000    1.000    1.000
                 DUTY (KA) :   14.306   14.306   14.306   14.306

                                 TOT2     TOT3     TOT5     TOT8
                 MULT. FACT:    1.078    1.000    1.000    1.000
                 DUTY (KA) :   15.417   14.306   14.306   14.306

  BUS202         VOLTAGE:    480.  ( SEE LOW VOLTAGE REPORT )
Apr 03, 2018     14:35:59             THREE PHASE INTERRUPTING DUTY PAGE    5
                                                                                 
                                                                                 
                                                                                 
  
   T H R E E   P H A S E   I N T E R R U P T I N G   D U T Y   R E P O R T
                          PRE FAULT VOLTAGE: 1.0000
                          MODEL TRANSFORMER TAPS: NO 
                          NACD OPTION:  INTERPOLATED
 ==============================================================================

  BUS203         E/Z:     11.403 KA AT  -75.07 DEG ( 272.56 MVA)  X/R:     3.75
                 VOLTAGE:  13800.   EQUIV. IMPEDANCE=  0.1800 + J  0.6751  OHMS
                 CONTRIBUTIONS:  BUS201            11.403 KA      ANG:   -75.07

                 GENERATOR NAME -- AT BUS --   KA    VOLTS PU  LOCAL/REMOTE
             FDR_2                          11.403     0.30         R
                 TOTAL REMOTE:    11.403 KA  NACD RATIO:  1.0000

                                 SYM2     SYM3     SYM5     SYM8
                 MULT. FACT:    1.000    1.000    1.000    1.000
                 DUTY (KA) :   11.403   11.403   11.403   11.403

                                 TOT2     TOT3     TOT5     TOT8
                 MULT. FACT:    1.037    1.000    1.000    1.000
                 DUTY (KA) :   11.828   11.403   11.403   11.403

  BUS204         E/Z:      8.653 KA AT  -60.97 DEG ( 206.82 MVA)  X/R:     1.80
                 VOLTAGE:  13800.   EQUIV. IMPEDANCE=  0.4468 + J  0.8051  OHMS
                 CONTRIBUTIONS:  BUS201             8.653 KA      ANG:   -60.97

                 GENERATOR NAME -- AT BUS --   KA    VOLTS PU  LOCAL/REMOTE
             FDR_2                           8.653     0.53         R
                 TOTAL REMOTE:     8.653 KA  NACD RATIO:  1.0000

                                 SYM2     SYM3     SYM5     SYM8
                 MULT. FACT:    1.000    1.000    1.000    1.000
                 DUTY (KA) :    8.653    8.653    8.653    8.653

                                 TOT2     TOT3     TOT5     TOT8
                 MULT. FACT:    1.013    1.000    1.000    1.000
                 DUTY (KA) :    8.763    8.653    8.653    8.653

  BUS205         E/Z:     12.240 KA AT  -76.53 DEG ( 292.57 MVA)  X/R:     4.17
                 VOLTAGE:  13800.   EQUIV. IMPEDANCE=  0.1516 + J  0.6330  OHMS
                 CONTRIBUTIONS:  BUS201            12.240 KA      ANG:   -76.53

                 GENERATOR NAME -- AT BUS --   KA    VOLTS PU  LOCAL/REMOTE
             FDR_2                          12.240     0.24         R
                 TOTAL REMOTE:    12.240 KA  NACD RATIO:  1.0000
Apr 03, 2018     14:35:59             THREE PHASE INTERRUPTING DUTY PAGE    6
                                                                                 
                                                                                 
                                                                                 
  
   T H R E E   P H A S E   I N T E R R U P T I N G   D U T Y   R E P O R T
                          PRE FAULT VOLTAGE: 1.0000
                          MODEL TRANSFORMER TAPS: NO 
                          NACD OPTION:  INTERPOLATED
 ==============================================================================

                                 SYM2     SYM3     SYM5     SYM8
                 MULT. FACT:    1.000    1.000    1.000    1.000
                 DUTY (KA) :   12.240   12.240   12.240   12.240

                                 TOT2     TOT3     TOT5     TOT8
                 MULT. FACT:    1.043    1.000    1.000    1.000
                 DUTY (KA) :   12.762   12.240   12.240   12.240

  BUS206         VOLTAGE:    480.  ( SEE LOW VOLTAGE REPORT )

  BUS207         VOLTAGE:    480.  ( SEE LOW VOLTAGE REPORT )

  BUS208         E/Z:      8.071 KA AT  -78.42 DEG (  58.15 MVA)  X/R:     4.88
                 VOLTAGE:   4160.   EQUIV. IMPEDANCE=  0.0598 + J  0.2915  OHMS
                 CONTRIBUTIONS:  BUS204             8.071 KA      ANG:   101.58

                 GENERATOR NAME -- AT BUS --   KA    VOLTS PU  LOCAL/REMOTE
             FDR_2                           8.071     0.85         R
                 TOTAL REMOTE:     8.071 KA  NACD RATIO:  1.0000

                                 SYM2     SYM3     SYM5     SYM8
                 MULT. FACT:    1.000    1.000    1.000    1.000
                 DUTY (KA) :    8.071    8.071    8.071    8.071

                                 TOT2     TOT3     TOT5     TOT8
                 MULT. FACT:    1.051    1.000    1.000    1.000
                 DUTY (KA) :    8.486    8.071    8.071    8.071

  BUS209         VOLTAGE:    480.  ( SEE LOW VOLTAGE REPORT )

  BUS210         VOLTAGE:    480.  ( SEE LOW VOLTAGE REPORT )

  BUS301         E/Z:     13.308 KA AT  -75.75 DEG ( 318.08 MVA)  X/R:     3.94
                 VOLTAGE:  13800.   EQUIV. IMPEDANCE=  0.1473 + J  0.5803  OHMS
                 C112            BUS-0071          13.308 KA      ANG:   104.25
Apr 03, 2018     14:35:59             THREE PHASE INTERRUPTING DUTY PAGE    7
                                                                                 
                                                                                 
                                                                                 
  
   T H R E E   P H A S E   I N T E R R U P T I N G   D U T Y   R E P O R T
                          PRE FAULT VOLTAGE: 1.0000
                          MODEL TRANSFORMER TAPS: NO 
                          NACD OPTION:  INTERPOLATED
 ==============================================================================

                 GENERATOR NAME -- AT BUS --   KA    VOLTS PU  LOCAL/REMOTE
             FDR_3                          13.308     0.09         R
                 TOTAL REMOTE:    13.308 KA  NACD RATIO:  1.0000

                                 SYM2     SYM3     SYM5     SYM8
                 MULT. FACT:    1.000    1.000    1.000    1.000
                 DUTY (KA) :   13.308   13.308   13.308   13.308

                                 TOT2     TOT3     TOT5     TOT8
                 MULT. FACT:    1.040    1.000    1.000    1.000
                 DUTY (KA) :   13.835   13.308   13.308   13.308

  BUS302         E/Z:     11.074 KA AT  -72.34 DEG ( 264.69 MVA)  X/R:     3.14
                 VOLTAGE:  13800.   EQUIV. IMPEDANCE=  0.2183 + J  0.6856  OHMS
                 CONTRIBUTIONS:  BUS301            11.074 KA      ANG:   -72.34

                 GENERATOR NAME -- AT BUS --   KA    VOLTS PU  LOCAL/REMOTE
             FDR_3                          11.074     0.25         R
                 TOTAL REMOTE:    11.074 KA  NACD RATIO:  1.0000

                                 SYM2     SYM3     SYM5     SYM8
                 MULT. FACT:    1.000    1.000    1.000    1.000
                 DUTY (KA) :   11.074   11.074   11.074   11.074

                                 TOT2     TOT3     TOT5     TOT8
                 MULT. FACT:    1.030    1.000    1.000    1.000
                 DUTY (KA) :   11.401   11.074   11.074   11.074

  BUS303         E/Z:     10.950 KA AT  -67.77 DEG ( 261.74 MVA)  X/R:     2.45
                 VOLTAGE:  13800.   EQUIV. IMPEDANCE=  0.2753 + J  0.6735  OHMS
                 CONTRIBUTIONS:  BUS301            10.950 KA      ANG:   -67.77

                 GENERATOR NAME -- AT BUS --   KA    VOLTS PU  LOCAL/REMOTE
             FDR_3                          10.950     0.29         R
                 TOTAL REMOTE:    10.950 KA  NACD RATIO:  1.0000

                                 SYM2     SYM3     SYM5     SYM8
                 MULT. FACT:    1.000    1.000    1.000    1.000
                 DUTY (KA) :   10.950   10.950   10.950   10.950
Apr 03, 2018     14:35:59             THREE PHASE INTERRUPTING DUTY PAGE    8
                                                                                 
                                                                                 
                                                                                 
  
   T H R E E   P H A S E   I N T E R R U P T I N G   D U T Y   R E P O R T
                          PRE FAULT VOLTAGE: 1.0000
                          MODEL TRANSFORMER TAPS: NO 
                          NACD OPTION:  INTERPOLATED
 ==============================================================================

                                 TOT2     TOT3     TOT5     TOT8
                 MULT. FACT:    1.021    1.000    1.000    1.000
                 DUTY (KA) :   11.178   10.950   10.950   10.950

  BUS304         VOLTAGE:    480.  ( SEE LOW VOLTAGE REPORT )

  BUS305         VOLTAGE:    480.  ( SEE LOW VOLTAGE REPORT )

  BUS306         VOLTAGE:    480.  ( SEE LOW VOLTAGE REPORT )

  BUS307         VOLTAGE:    480.  ( SEE LOW VOLTAGE REPORT )
