Apr 03, 2018     14:35:59              UNBALANCED INTERRUPTING DUTY PAGE    1
                                                                                 
                                                                                 
                                                                                 
  
    U N B A L A N C E D   I N T E R R U P T I N G   D U T Y   R E P O R T
                          PRE FAULT VOLTAGE: 1.0000
                          MODEL TRANSFORMER TAPS: NO 
                          NACD OPTION:  INTERPOLATED
 ==============================================================================
   LOCATION        FAULT    E/Z    X/R        ANSI AC/DC        INTERRUPTING
                   TYPE     KA                DECREMENT FACT.   DUTIES  (KA)
                                              3 PHASE    SLG    3 PHASE  SLG
 ==============================================================================

  BUS-0060       3P Duty:  11.93    2.9 SYM2:    1.00    1.00   11.93    8.43
   VOLTS: 13800.0    SLG:   8.43    1.0 SYM3:    1.00    1.00   11.93    8.43
    NACD:  1.000   LN/LN:  10.33        SYM5:    1.00    1.00   11.93    8.43
               LN/LN/GND:  12.48        SYM8:    1.00    1.00   11.93    8.43
              GND RETURN:   5.99        TOT2:    1.03    1.00   12.24    8.45
                  Z1(PU):       0.35079 TOT3:    1.00    1.00   11.93    8.43
                  Z2(PU):       0.35079 TOT5:    1.00    1.00   11.93    8.43
                  Z0(PU):       0.92176 TOT8:    1.00    1.00   11.93    8.43

  BUS-T304       3P Duty:  11.46    3.3 SYM2:    1.00    1.00   11.46    8.20
   VOLTS: 13800.0    SLG:   8.20    1.1 SYM3:    1.00    1.00   11.46    8.20
    NACD:  1.000   LN/LN:   9.93        SYM5:    1.00    1.00   11.46    8.20
               LN/LN/GND:  12.00        SYM8:    1.00    1.00   11.46    8.20
              GND RETURN:   5.88        TOT2:    1.03    1.00   11.82    8.23
                  Z1(PU):       0.36502 TOT3:    1.00    1.00   11.46    8.20
                  Z2(PU):       0.36502 TOT5:    1.00    1.00   11.46    8.20
                  Z0(PU):       0.93261 TOT8:    1.00    1.00   11.46    8.20

  BUS-T305       3P Duty:  12.34    3.1 SYM2:    1.00    1.00   12.34    8.77
   VOLTS: 13800.0    SLG:   8.77    1.0 SYM3:    1.00    1.00   12.34    8.77
    NACD:  1.000   LN/LN:  10.69        SYM5:    1.00    1.00   12.34    8.77
               LN/LN/GND:  12.98        SYM8:    1.00    1.00   12.34    8.77
              GND RETURN:   6.19        TOT2:    1.03    1.00   12.71    8.79
                  Z1(PU):       0.33896 TOT3:    1.00    1.00   12.34    8.77
                  Z2(PU):       0.33896 TOT5:    1.00    1.00   12.34    8.77
                  Z0(PU):       0.89603 TOT8:    1.00    1.00   12.34    8.77

  BUS101         3P Duty:  13.31    3.9 SYM2:    1.00    1.00   13.31    9.60
   VOLTS: 13800.0    SLG:   9.60    1.0 SYM3:    1.00    1.00   13.31    9.60
    NACD:  1.000   LN/LN:  11.52        SYM5:    1.00    1.00   13.31    9.60
               LN/LN/GND:  14.15        SYM8:    1.00    1.00   13.31    9.60
              GND RETURN:   6.67        TOT2:    1.04    1.00   13.84    9.62
                  Z1(PU):       0.31438 TOT3:    1.00    1.00   13.31    9.60
                  Z2(PU):       0.31438 TOT5:    1.00    1.00   13.31    9.60
                  Z0(PU):       0.84154 TOT8:    1.00    1.00   13.31    9.60
Apr 03, 2018     14:35:59              UNBALANCED INTERRUPTING DUTY PAGE    2
                                                                                 
                                                                                 
                                                                                 
  
    U N B A L A N C E D   I N T E R R U P T I N G   D U T Y   R E P O R T
                          PRE FAULT VOLTAGE: 1.0000
                          MODEL TRANSFORMER TAPS: NO 
                          NACD OPTION:  INTERPOLATED
 ==============================================================================
   LOCATION        FAULT    E/Z    X/R        ANSI AC/DC        INTERRUPTING
                   TYPE     KA                DECREMENT FACT.   DUTIES  (KA)
                                              3 PHASE    SLG    3 PHASE  SLG
 ==============================================================================

  BUS102         3P Duty:  11.62    3.3 SYM2:    1.00    1.00   11.62    8.32
   VOLTS: 13800.0    SLG:   8.32    1.1 SYM3:    1.00    1.00   11.62    8.32
    NACD:  1.000   LN/LN:  10.07        SYM5:    1.00    1.00   11.62    8.32
               LN/LN/GND:  12.19        SYM8:    1.00    1.00   11.62    8.32
              GND RETURN:   5.95        TOT2:    1.03    1.00   11.99    8.35
                  Z1(PU):       0.35992 TOT3:    1.00    1.00   11.62    8.32
                  Z2(PU):       0.35992 TOT5:    1.00    1.00   11.62    8.32
                  Z0(PU):       0.92312 TOT8:    1.00    1.00   11.62    8.32

  BUS103         3P Duty:  12.04    3.0 SYM2:    1.00    1.00   12.04    8.53
   VOLTS: 13800.0    SLG:   8.53    1.0 SYM3:    1.00    1.00   12.04    8.53
    NACD:  1.000   LN/LN:  10.43        SYM5:    1.00    1.00   12.04    8.53
               LN/LN/GND:  12.62        SYM8:    1.00    1.00   12.04    8.53
              GND RETURN:   6.04        TOT2:    1.03    1.00   12.37    8.54
                  Z1(PU):       0.34739 TOT3:    1.00    1.00   12.04    8.53
                  Z2(PU):       0.34739 TOT5:    1.00    1.00   12.04    8.53
                  Z0(PU):       0.91439 TOT8:    1.00    1.00   12.04    8.53

  BUS104         3P Duty:   9.19    2.7 SYM2:    1.00    1.00    9.19    6.52
   VOLTS: 13800.0    SLG:   6.52    1.2 SYM3:    1.00    1.00    9.19    6.52
    NACD:  1.000   LN/LN:   7.96        SYM5:    1.00    1.00    9.19    6.52
               LN/LN/GND:   9.38        SYM8:    1.00    1.00    9.19    6.52
              GND RETURN:   4.82        TOT2:    1.02    1.01    9.41    6.55
                  Z1(PU):       0.45512 TOT3:    1.00    1.00    9.19    6.52
                  Z2(PU):       0.45512 TOT5:    1.00    1.00    9.19    6.52
                  Z0(PU):       1.10944 TOT8:    1.00    1.00    9.19    6.52

  BUS106         3P Duty:   7.95    5.9 SYM2:    1.00    1.00    7.95    8.76
   VOLTS:  4160.0    SLG:   8.76    6.8 SYM3:    1.00    1.00    7.95    8.76
    NACD:  1.000   LN/LN:   6.88        SYM5:    1.00    1.00    7.95    8.76
               LN/LN/GND:   8.24        SYM8:    1.00    1.00    7.95    8.76
              GND RETURN:   9.74        TOT2:    1.08    1.11    8.59    9.70
                  Z1(PU):       1.74594 TOT3:    1.00    1.00    7.95    8.79
                  Z2(PU):       1.74594 TOT5:    1.00    1.00    7.95    8.76
                  Z0(PU):       1.26666 TOT8:    1.00    1.00    7.95    8.76
Apr 03, 2018     14:35:59              UNBALANCED INTERRUPTING DUTY PAGE    3
                                                                                 
                                                                                 
                                                                                 
  
    U N B A L A N C E D   I N T E R R U P T I N G   D U T Y   R E P O R T
                          PRE FAULT VOLTAGE: 1.0000
                          MODEL TRANSFORMER TAPS: NO 
                          NACD OPTION:  INTERPOLATED
 ==============================================================================
   LOCATION        FAULT    E/Z    X/R        ANSI AC/DC        INTERRUPTING
                   TYPE     KA                DECREMENT FACT.   DUTIES  (KA)
                                              3 PHASE    SLG    3 PHASE  SLG
 ==============================================================================

  BUS201         3P Duty:  14.31    5.8 SYM2:    1.00    1.00   14.31    9.28
   VOLTS: 13800.0    SLG:   9.28    2.5 SYM3:    1.00    1.00   14.31    9.28
    NACD:  1.000   LN/LN:  12.39        SYM5:    1.00    1.00   14.31    9.28
               LN/LN/GND:  13.78        SYM8:    1.00    1.00   14.31    9.28
              GND RETURN:   6.76        TOT2:    1.08    1.02   15.42    9.48
                  Z1(PU):       0.29245 TOT3:    1.00    1.00   14.31    9.28
                  Z2(PU):       0.29245 TOT5:    1.00    1.00   14.31    9.28
                  Z0(PU):       0.78977 TOT8:    1.00    1.00   14.31    9.28

  BUS203         3P Duty:  11.40    3.7 SYM2:    1.00    1.00   11.40    7.38
   VOLTS: 13800.0    SLG:   7.38    2.4 SYM3:    1.00    1.00   11.40    7.38
    NACD:  1.000   LN/LN:   9.88        SYM5:    1.00    1.00   11.40    7.38
               LN/LN/GND:  10.75        SYM8:    1.00    1.00   11.40    7.38
              GND RETURN:   5.42        TOT2:    1.04    1.02   11.83    7.53
                  Z1(PU):       0.36689 TOT3:    1.00    1.00   11.40    7.38
                  Z2(PU):       0.36689 TOT5:    1.00    1.00   11.40    7.38
                  Z0(PU):       0.97942 TOT8:    1.00    1.00   11.40    7.38

  BUS204         3P Duty:   8.65    1.8 SYM2:    1.00    1.00    8.65    5.70
   VOLTS: 13800.0    SLG:   5.70    1.6 SYM3:    1.00    1.00    8.65    5.70
    NACD:  1.000   LN/LN:   7.49        SYM5:    1.00    1.00    8.65    5.70
               LN/LN/GND:   7.94        SYM8:    1.00    1.00    8.65    5.70
              GND RETURN:   4.25        TOT2:    1.01    1.01    8.76    5.76
                  Z1(PU):       0.48351 TOT3:    1.00    1.00    8.65    5.70
                  Z2(PU):       0.48351 TOT5:    1.00    1.00    8.65    5.70
                  Z0(PU):       1.23615 TOT8:    1.00    1.00    8.65    5.70

  BUS205         3P Duty:  12.24    4.2 SYM2:    1.00    1.00   12.24    7.92
   VOLTS: 13800.0    SLG:   7.92    2.4 SYM3:    1.00    1.00   12.24    7.92
    NACD:  1.000   LN/LN:  10.60        SYM5:    1.00    1.00   12.24    7.92
               LN/LN/GND:  11.61        SYM8:    1.00    1.00   12.24    7.92
              GND RETURN:   5.80        TOT2:    1.04    1.02   12.76    8.08
                  Z1(PU):       0.34180 TOT3:    1.00    1.00   12.24    7.92
                  Z2(PU):       0.34180 TOT5:    1.00    1.00   12.24    7.92
                  Z0(PU):       0.91612 TOT8:    1.00    1.00   12.24    7.92
Apr 03, 2018     14:35:59              UNBALANCED INTERRUPTING DUTY PAGE    4
                                                                                 
                                                                                 
                                                                                 
  
    U N B A L A N C E D   I N T E R R U P T I N G   D U T Y   R E P O R T
                          PRE FAULT VOLTAGE: 1.0000
                          MODEL TRANSFORMER TAPS: NO 
                          NACD OPTION:  INTERPOLATED
 ==============================================================================
   LOCATION        FAULT    E/Z    X/R        ANSI AC/DC        INTERRUPTING
                   TYPE     KA                DECREMENT FACT.   DUTIES  (KA)
                                              3 PHASE    SLG    3 PHASE  SLG
 ==============================================================================

  BUS208         3P Duty:   8.07    4.9 SYM2:    1.00    1.00    8.07    8.86
   VOLTS:  4160.0    SLG:   8.86    5.8 SYM3:    1.00    1.00    8.07    8.86
    NACD:  1.000   LN/LN:   6.99        SYM5:    1.00    1.00    8.07    8.86
               LN/LN/GND:   8.26        SYM8:    1.00    1.00    8.07    8.86
              GND RETURN:   9.81        TOT2:    1.05    1.08    8.49    9.55
                  Z1(PU):       1.71961 TOT3:    1.00    1.00    8.07    8.86
                  Z2(PU):       1.71961 TOT5:    1.00    1.00    8.07    8.86
                  Z0(PU):       1.26666 TOT8:    1.00    1.00    8.07    8.86

  BUS301         3P Duty:  13.31    3.9 SYM2:    1.00    1.00   13.31    9.60
   VOLTS: 13800.0    SLG:   9.60    1.0 SYM3:    1.00    1.00   13.31    9.60
    NACD:  1.000   LN/LN:  11.52        SYM5:    1.00    1.00   13.31    9.60
               LN/LN/GND:  14.15        SYM8:    1.00    1.00   13.31    9.60
              GND RETURN:   6.67        TOT2:    1.04    1.00   13.84    9.62
                  Z1(PU):       0.31438 TOT3:    1.00    1.00   13.31    9.60
                  Z2(PU):       0.31438 TOT5:    1.00    1.00   13.31    9.60
                  Z0(PU):       0.84154 TOT8:    1.00    1.00   13.31    9.60

  BUS302         3P Duty:  11.07    3.1 SYM2:    1.00    1.00   11.07    7.91
   VOLTS: 13800.0    SLG:   7.91    1.1 SYM3:    1.00    1.00   11.07    7.91
    NACD:  1.000   LN/LN:   9.59        SYM5:    1.00    1.00   11.07    7.91
               LN/LN/GND:  11.55        SYM8:    1.00    1.00   11.07    7.91
              GND RETURN:   5.71        TOT2:    1.03    1.00   11.40    7.94
                  Z1(PU):       0.37780 TOT3:    1.00    1.00   11.07    7.91
                  Z2(PU):       0.37780 TOT5:    1.00    1.00   11.07    7.91
                  Z0(PU):       0.95668 TOT8:    1.00    1.00   11.07    7.91

  BUS303         3P Duty:  10.95    2.4 SYM2:    1.00    1.00   10.95    7.67
   VOLTS: 13800.0    SLG:   7.67    1.0 SYM3:    1.00    1.00   10.95    7.67
    NACD:  1.000   LN/LN:   9.48        SYM5:    1.00    1.00   10.95    7.67
               LN/LN/GND:  11.32        SYM8:    1.00    1.00   10.95    7.67
              GND RETURN:   5.52        TOT2:    1.02    1.00   11.18    7.69
                  Z1(PU):       0.38206 TOT3:    1.00    1.00   10.95    7.67
                  Z2(PU):       0.38206 TOT5:    1.00    1.00   10.95    7.67
                  Z0(PU):       0.98868 TOT8:    1.00    1.00   10.95    7.67
Apr 03, 2018     14:35:59              UNBALANCED INTERRUPTING DUTY PAGE    5
                                                                                 
                                                                                 
                                                                                 
  
       I N T E R R U P T I N G   D U T Y   S U M M A R Y   R E P O R T
                          PRE FAULT VOLTAGE: 1.0000
                          MODEL TRANSFORMER TAPS: NO 
                          NACD OPTION:  INTERPOLATED
 ==============================================================================
   BUS RECORD      VOLTAGE  NACD     * 3  P H A S E *      * * * S L G * * *
    NO NAME          L-L    RATIO    E/Z KA       X/R      E/Z KA       X/R
 ==============================================================================

 BUS-0060          13800. 1.000     11.927       2.90      8.432       0.96
 BUS-T304          13800. 1.000     11.462       3.26      8.200       1.06
 BUS-T305          13800. 1.000     12.343       3.15      8.770       0.96
 BUS101            13800. 1.000     13.308       3.94      9.595       0.96
 BUS102            13800. 1.000     11.624       3.31      8.322       1.05
  
 BUS103            13800. 1.000     12.043       2.97      8.526       0.96
 BUS104            13800. 1.000      9.192       2.67      6.517       1.20
 BUS106             4160. 1.000      7.949       5.89      8.755       6.76
 BUS201            13800. 1.000     14.306       5.79      9.276       2.52
 BUS203            13800. 1.000     11.403       3.75      7.378       2.38
  
 BUS204            13800. 1.000      8.653       1.80      5.702       1.61
 BUS205            13800. 1.000     12.240       4.17      7.918       2.42
 BUS208             4160. 1.000      8.071       4.88      8.859       5.78
 BUS301            13800. 1.000     13.308       3.94      9.595       0.96
 BUS302            13800. 1.000     11.074       3.14      7.910       1.09
  
 BUS303            13800. 1.000     10.950       2.45      7.672       0.96

   21 FAULTED BUSES,   41 BRANCHES,    3 CONTRIBUTIONS
 UNBALANCED FAULTS REQUESTED

 *** SHORT CIRCUIT STUDY COMPLETE ***
