





 
 
 
 Apr 03, 2018     14:35:59


 ------------------------------------------------------------------------------
 ALL INFORMATION PRESENTED IS FOR REVIEW, APPROVAL
 INTERPRETATION AND APPLICATION BY A REGISTERED ENGINEER ONLY
 SKM DISCLAIMS ANY RESPONSIBILITY AND LIABILITY RESULTING
 FROM THE USE AND INTERPRETATION OF THIS SOFTWARE.
 ------------------------------------------------------------------------------
 SKM POWER*TOOLS FOR WINDOWS
 LOAD FLOW AND VOLTAGE DROP ANALYSIS REPORT
 COPYRIGHT SKM SYSTEMS ANALYSIS, INC. 1995-2012
 ------------------------------------------------------------------------------



Apr 03, 2018     14:35:59                                                     PAGE 2
 
 
 



           *** SOLUTION COMMENTS ***
           =========================

      SOLUTION PARAMETERS

      BRANCH VOLTAGE CRITERIA                   :  3.00 %
      BUS VOLTAGE CRITERIA                      :  5.00 %

      UTILITY IMPEDANCE                         : YES
      TRANSFORMER PHASE SHIFT                   : NO 
      LTC TRANSFORMER                           : NO 
      CALCULATION NETHOD                        : Newton Method
      SOLUTION METHOD                           : EXACT        
      ALL PU VALUES ARE EXPRESSED ON A 100 MVA BASE
      LOAD FLOW IS BASED ON CONNECTED LOADS.
      LOAD ANALYSIS INCLUDES ALL LOADS.
      <<PERCENT VOLTAGE DROPS ARE BASED ON NOMINAL DESIGN VOLTAGES>>



        SWING GENERATORS
 SOURCE NAME       VOLTAGE  ANGLE
 ================================
 FDR_1           1.010    0.00  
 FDR_2           1.010    0.00  
 FDR_3           1.010    0.00  


                          PV GENERATORS
 SOURCE NAME       VOLTAGE   kW     kVARMIN  kVARMAX  PARTICIPATION
 ==================================================================



 BUS VOLTAGE CONVERGENCY CRITERIA:   0.00001000  PU

 LARGEST BUS VOLTAGE MISMATCH BUS-0036       -0.07380215  PU
 LARGEST BUS VOLTAGE MISMATCH BUS-0036        0.00056283  PU
 LARGEST BUS VOLTAGE MISMATCH BUS-0036        0.00000004  PU



Apr 03, 2018     14:35:59                                                     PAGE 3
 
 
 




 BALANCED VOLTAGE DROP AND LOAD FLOW ANALYSIS (SWING GENERATORS)
 ***********************************************************************************
 SOURCE          VOLTAGE  ANGLE        KW       KVAR      VD%  (UTILITY IMPEDANCE)

 FDR_1           1.010    0.00     3874.51   2107.58    -1.17     0.60956  +j   2.80398 
 FDR_2           1.010    0.00     5453.61   2847.09    -1.06     0.33400  +j   2.63864 
 FDR_3           1.010    0.00     3630.53   1871.77    -1.25     0.60956  +j   2.80398 



Apr 03, 2018     14:35:59                                                     PAGE 4
 
 
 

 BALANCED VOLTAGE DROP AND LOAD FLOW ANALYSIS (PV GENERATOR SCHEDULE REPORT)
 ***********************************************************************************
                          ---VOLTAGE---     -KVAR LIMITS-         ---ACTUAL----
 PV SOURCE NAME           SCHED. ACTUAL     MIN       MAX         KW       KVAR





Apr 03, 2018     14:35:59                                                     PAGE 5
 
 
 

                 BALANCED VOLTAGE DROP AND LOAD FLOW ANALYSIS 
 ************************************************************************************************
 VOLTAGE EFFECT ON LOADS MODELED
 VOLTAGE DROP CRITERIA: BRANCH =  3.00%   BUS =  5.00%


 ==== BUS: BUS-0031       DESIGN VOLTS:      208 BUS VOLTS:      202 %VD:  2.68 
 ======================== PU BUS VOLTAGE:  0.973 ANGLE:  -2.3  DEGREES

  LOAD FROM: BUS204         T205           TRANSF AMPS:   855.6 VOLTAGE DROP:      4.  %VD:  1.90
  PROJECTED POWER FLOW:    270.0  KW    130.8  KVAR    300.0  KVA     0.90  LAGGING
  LOSSES THRU TRANSF:        1.9  KW      9.3  KVAR      9.5  KVA

  BRANCH DIVERSITY LOAD:   270.0  KW    130.8  KVAR

 ==== BUS: BUS-0032       DESIGN VOLTS:      480 BUS VOLTS:      460 %VD:  4.25 
 ======================== PU BUS VOLTAGE:  0.957 ANGLE:  -3.5  DEGREES

  LOAD FROM: BUS208         T207           TRANSF AMPS:   753.7 VOLTAGE DROP:     11.  %VD:  2.32
  PROJECTED POWER FLOW:    540.0  KW    261.5  KVAR    600.0  KVA     0.90  LAGGING
  LOSSES THRU TRANSF:        5.2  KW     22.0  KVAR     22.6  KVA

  BRANCH DIVERSITY LOAD:   540.0  KW    261.5  KVAR

 ==== BUS: BUS-0033       DESIGN VOLTS:      480 BUS VOLTS:      462 %VD:  3.75 
 ======================== PU BUS VOLTAGE:  0.963 ANGLE:  -4.0  DEGREES

  LOAD FROM: BUS208         T208           TRANSF AMPS:  1249.6 VOLTAGE DROP:      9.  %VD:  1.81
  PROJECTED POWER FLOW:    900.0  KW    435.9  KVAR   1000.0  KVA     0.90  LAGGING
  LOSSES THRU TRANSF:        0.1  KW     41.4  KVAR     41.4  KVA

  BRANCH DIVERSITY LOAD:   900.0  KW    435.9  KVAR

 ==== BUS: BUS-0036       DESIGN VOLTS:      480 BUS VOLTS:      456 %VD:  5.10 $
 ======================== PU BUS VOLTAGE:  0.949 ANGLE:  -4.4  DEGREES

  LOAD FROM: BUS106         T106           TRANSF AMPS:  1901.2 VOLTAGE DROP:     14.  %VD:  2.85
  PROJECTED POWER FLOW:   1350.0  KW    653.8  KVAR   1500.0  KVA     0.90  LAGGING
  LOSSES THRU TRANSF:       14.9  KW     70.3  KVAR     71.8  KVA

  BRANCH DIVERSITY LOAD:  1350.0  KW    653.8  KVAR

 ==== BUS: BUS-0060       DESIGN VOLTS:    13800 BUS VOLTS:    13808 %VD: -0.06 
 ======================== PU BUS VOLTAGE:  1.001 ANGLE:  -0.6  DEGREES

 **** NO LOAD SPECIFIED ****





Apr 03, 2018     14:35:59                                                     PAGE 6
 
 
 

                 BALANCED VOLTAGE DROP AND LOAD FLOW ANALYSIS 
 ************************************************************************************************
 VOLTAGE EFFECT ON LOADS MODELED
 VOLTAGE DROP CRITERIA: BRANCH =  3.00%   BUS =  5.00%


 ==== BUS: BUS101         DESIGN VOLTS:    13800 BUS VOLTS:    13808 %VD: -0.06 
 ======================== PU BUS VOLTAGE:  1.001 ANGLE:  -0.6  DEGREES

  LOAD   TO: BUS104         C102           FEEDER AMPS:   120.4 VOLTAGE DROP:     52.  %VD:  0.38
  PROJECTED POWER FLOW:   2513.7  KW   1405.1  KVAR   2879.8  KVA     0.87  LAGGING
  LOSSES THRU FEEDER:        6.8  KW     10.1  KVAR     12.1  KVA

  LOAD   TO: BUS102         C101           FEEDER AMPS:    63.8 VOLTAGE DROP:      9.  %VD:  0.06
  PROJECTED POWER FLOW:   1357.6  KW    697.8  KVAR   1526.4  KVA     0.89  LAGGING
  LOSSES THRU FEEDER:        0.6  KW      0.9  KVAR      1.1  KVA

  LOAD   TO: BUS103         CBL-SHRT-01    FEEDER AMPS:     0.0 VOLTAGE DROP:      0.  %VD:  0.00
  PROJECTED POWER FLOW:      0.0  KW      0.0  KVAR      0.0  KVA     0.00  LAGGING
  LOSSES THRU FEEDER:        0.0  KW      0.0  KVAR      0.0  KVA

  LOAD FROM: BUS-0069       C110           FEEDER AMPS:   184.2 VOLTAGE DROP:     16.  %VD:  0.11
  PROJECTED POWER FLOW:   3871.3  KW   2102.9  KVAR   4405.6  KVA     0.88  LAGGING
  LOSSES THRU FEEDER:        3.2  KW      4.7  KVAR      5.7  KVA


 ==== BUS: BUS102         DESIGN VOLTS:    13800 BUS VOLTS:    13799 %VD:  0.01 
 ======================== PU BUS VOLTAGE:  1.000 ANGLE:  -0.6  DEGREES

  LOAD FROM: BUS101         C101           FEEDER AMPS:    63.8 VOLTAGE DROP:      9.  %VD:  0.06
  PROJECTED POWER FLOW:   1357.0  KW    696.8  KVAR   1525.5  KVA     0.89  LAGGING
  LOSSES THRU FEEDER:        0.6  KW      0.9  KVAR      1.1  KVA

  LOAD   TO: BUS-0057       T101           TRANSF AMPS:    12.8 VOLTAGE DROP:    260.  %VD:  1.89
  PROJECTED POWER FLOW:    271.9  KW    139.9  KVAR    305.8  KVA     0.89  LAGGING
  LOSSES THRU TRANSF:        1.9  KW      9.2  KVAR      9.4  KVA

  LOAD   TO: BUS105         T102           TRANSF AMPS:    51.0 VOLTAGE DROP:    223.  %VD:  1.61
  PROJECTED POWER FLOW:   1085.1  KW    556.9  KVAR   1219.7  KVA     0.89  LAGGING
  LOSSES THRU TRANSF:        5.1  KW     33.8  KVAR     34.2  KVA


 ==== BUS: BUS103         DESIGN VOLTS:    13800 BUS VOLTS:    13808 %VD: -0.06 
 ======================== PU BUS VOLTAGE:  1.001 ANGLE:  -0.6  DEGREES

 **** NO LOAD SPECIFIED ****





Apr 03, 2018     14:35:59                                                     PAGE 7
 
 
 

                 BALANCED VOLTAGE DROP AND LOAD FLOW ANALYSIS 
 ************************************************************************************************
 VOLTAGE EFFECT ON LOADS MODELED
 VOLTAGE DROP CRITERIA: BRANCH =  3.00%   BUS =  5.00%


 ==== BUS: BUS104         DESIGN VOLTS:    13800 BUS VOLTS:    13756 %VD:  0.32 
 ======================== PU BUS VOLTAGE:  0.997 ANGLE:  -0.7  DEGREES

  LOAD FROM: BUS101         C102           FEEDER AMPS:   120.4 VOLTAGE DROP:     52.  %VD:  0.38
  PROJECTED POWER FLOW:   2506.9  KW   1395.0  KVAR   2868.9  KVA     0.87  LAGGING
  LOSSES THRU FEEDER:        6.8  KW     10.1  KVAR     12.1  KVA

  LOAD   TO: BUS-0053       C106           FEEDER AMPS:   109.8 VOLTAGE DROP:     13.  %VD:  0.09
  PROJECTED POWER FLOW:   2280.6  KW   1279.7  KVAR   2615.1  KVA     0.87  LAGGING
  LOSSES THRU FEEDER:        1.5  KW      2.3  KVAR      2.8  KVA

  LOAD   TO: BUS-0058       T103           TRANSF AMPS:    10.7 VOLTAGE DROP:    216.  %VD:  1.57
  PROJECTED POWER FLOW:    226.3  KW    115.3  KVAR    254.0  KVA     0.89  LAGGING
  LOSSES THRU TRANSF:        1.3  KW      6.4  KVAR      6.5  KVA


 ==== BUS: BUS105         DESIGN VOLTS:      480 BUS VOLTS:      472 %VD:  1.62 
 ======================== PU BUS VOLTAGE:  0.984 ANGLE:  -1.9  DEGREES

  LOAD FROM: BUS102         T102           TRANSF AMPS:  1467.2 VOLTAGE DROP:      8.  %VD:  1.61
  PROJECTED POWER FLOW:   1080.0  KW    523.1  KVAR   1200.0  KVA     0.90  LAGGING
  LOSSES THRU TRANSF:        5.1  KW     33.8  KVAR     34.2  KVA

  BRANCH DIVERSITY LOAD:  1080.0  KW    523.1  KVAR

 ==== BUS: BUS106         DESIGN VOLTS:     4160 BUS VOLTS:     4066 %VD:  2.25 
 ======================== PU BUS VOLTAGE:  0.978 ANGLE:  -2.3  DEGREES

  LOAD FROM: BUS-0053       T104           TRANSF AMPS:   364.1 VOLTAGE DROP:     76.  %VD:  1.83
  PROJECTED POWER FLOW:   2271.5  KW   1190.6  KVAR   2564.6  KVA     0.89  LAGGING
  LOSSES THRU TRANSF:        7.6  KW     86.9  KVAR     87.2  KVA

  LOAD   TO: BUS107         T105           TRANSF AMPS:   144.7 VOLTAGE DROP:     78.  %VD:  1.87
  PROJECTED POWER FLOW:    906.5  KW    466.5  KVAR   1019.5  KVA     0.89  LAGGING
  LOSSES THRU TRANSF:        6.5  KW     30.6  KVAR     31.3  KVA





Apr 03, 2018     14:35:59                                                     PAGE 8
 
 
 

                 BALANCED VOLTAGE DROP AND LOAD FLOW ANALYSIS 
 ************************************************************************************************
 VOLTAGE EFFECT ON LOADS MODELED
 VOLTAGE DROP CRITERIA: BRANCH =  3.00%   BUS =  5.00%


  LOAD   TO: BUS-0036       T106           TRANSF AMPS:   219.4 VOLTAGE DROP:    119.  %VD:  2.85
  PROJECTED POWER FLOW:   1364.9  KW    724.1  KVAR   1545.1  KVA     0.88  LAGGING
  LOSSES THRU TRANSF:       14.9  KW     70.3  KVAR     71.8  KVA


 ==== BUS: BUS107         DESIGN VOLTS:      480 BUS VOLTS:      460 %VD:  4.12 
 ======================== PU BUS VOLTAGE:  0.959 ANGLE:  -3.7  DEGREES

  LOAD FROM: BUS106         T105           TRANSF AMPS:  1254.5 VOLTAGE DROP:      9.  %VD:  1.87
  PROJECTED POWER FLOW:    900.0  KW    435.9  KVAR   1000.0  KVA     0.90  LAGGING
  LOSSES THRU TRANSF:        6.5  KW     30.6  KVAR     31.3  KVA

  BRANCH DIVERSITY LOAD:   900.0  KW    435.9  KVAR

 ==== BUS: BUS201         DESIGN VOLTS:    13800 BUS VOLTS:    13786 %VD:  0.10 
 ======================== PU BUS VOLTAGE:  0.999 ANGLE:  -0.8  DEGREES

  LOAD   TO: BUS204         C201           FEEDER AMPS:   125.3 VOLTAGE DROP:     94.  %VD:  0.68
  PROJECTED POWER FLOW:   2640.5  KW   1407.6  KVAR   2992.2  KVA     0.88  LAGGING
  LOSSES THRU FEEDER:       16.6  KW     12.1  KVAR     20.5  KVA

  LOAD   TO: BUS205         C202           FEEDER AMPS:    59.5 VOLTAGE DROP:      9.  %VD:  0.07
  PROJECTED POWER FLOW:   1266.4  KW    643.8  KVAR   1420.6  KVA     0.89  LAGGING
  LOSSES THRU FEEDER:        0.6  KW      0.9  KVAR      1.1  KVA

  LOAD   TO: BUS203         C203           FEEDER AMPS:    72.4 VOLTAGE DROP:     17.  %VD:  0.12
  PROJECTED POWER FLOW:   1540.6  KW    786.5  KVAR   1729.8  KVA     0.89  LAGGING
  LOSSES THRU FEEDER:        1.3  KW      2.0  KVAR      2.4  KVA

  LOAD FROM: BUS-0070       C111           FEEDER AMPS:   257.2 VOLTAGE DROP:     22.  %VD:  0.16
  PROJECTED POWER FLOW:   5447.4  KW   2837.9  KVAR   6142.3  KVA     0.89  LAGGING
  LOSSES THRU FEEDER:        6.2  KW      9.2  KVAR     11.1  KVA


 ==== BUS: BUS202         DESIGN VOLTS:      480 BUS VOLTS:      470 %VD:  2.13 
 ======================== PU BUS VOLTAGE:  0.979 ANGLE:  -2.0  DEGREES





Apr 03, 2018     14:35:59                                                     PAGE 9
 
 
 

                 BALANCED VOLTAGE DROP AND LOAD FLOW ANALYSIS 
 ************************************************************************************************
 VOLTAGE EFFECT ON LOADS MODELED
 VOLTAGE DROP CRITERIA: BRANCH =  3.00%   BUS =  5.00%


  LOAD FROM: BUS204         T201           TRANSF AMPS:  1229.0 VOLTAGE DROP:      6.  %VD:  1.35
  PROJECTED POWER FLOW:    900.0  KW    435.9  KVAR   1000.0  KVA     0.90  LAGGING
  LOSSES THRU TRANSF:        3.6  KW     23.7  KVAR     24.0  KVA

  BRANCH DIVERSITY LOAD:   900.0  KW    435.9  KVAR

 ==== BUS: BUS203         DESIGN VOLTS:    13800 BUS VOLTS:    13769 %VD:  0.22 
 ======================== PU BUS VOLTAGE:  0.998 ANGLE:  -0.8  DEGREES

  LOAD FROM: BUS201         C203           FEEDER AMPS:    72.4 VOLTAGE DROP:     17.  %VD:  0.12
  PROJECTED POWER FLOW:   1539.3  KW    784.5  KVAR   1727.7  KVA     0.89  LAGGING
  LOSSES THRU FEEDER:        1.3  KW      2.0  KVAR      2.4  KVA

  LOAD   TO: BUS206         T203           TRANSF AMPS:    42.7 VOLTAGE DROP:    252.  %VD:  1.83
  PROJECTED POWER FLOW:    906.2  KW    465.2  KVAR   1018.7  KVA     0.89  LAGGING
  LOSSES THRU TRANSF:        6.2  KW     29.3  KVAR     30.0  KVA

  LOAD   TO: BUS207         T204           TRANSF AMPS:    29.7 VOLTAGE DROP:    175.  %VD:  1.27
  PROJECTED POWER FLOW:    633.0  KW    319.3  KVAR    709.0  KVA     0.89  LAGGING
  LOSSES THRU TRANSF:        3.0  KW     14.2  KVAR     14.5  KVA


 ==== BUS: BUS204         DESIGN VOLTS:    13800 BUS VOLTS:    13693 %VD:  0.78 
 ======================== PU BUS VOLTAGE:  0.992 ANGLE:  -0.9  DEGREES

  LOAD FROM: BUS201         C201           FEEDER AMPS:   125.3 VOLTAGE DROP:     94.  %VD:  0.68
  PROJECTED POWER FLOW:   2623.9  KW   1395.5  KVAR   2971.9  KVA     0.88  LAGGING
  LOSSES THRU FEEDER:       16.6  KW     12.1  KVAR     20.5  KVA

  LOAD   TO: BUS202         T201           TRANSF AMPS:    42.7 VOLTAGE DROP:    186.  %VD:  1.35
  PROJECTED POWER FLOW:    903.6  KW    459.6  KVAR   1013.8  KVA     0.89  LAGGING
  LOSSES THRU TRANSF:        3.6  KW     23.7  KVAR     24.0  KVA

  LOAD   TO: BUS-0031       T205           TRANSF AMPS:    12.9 VOLTAGE DROP:    262.  %VD:  1.90
  PROJECTED POWER FLOW:    271.9  KW    140.1  KVAR    305.9  KVA     0.89  LAGGING
  LOSSES THRU TRANSF:        1.9  KW      9.3  KVAR      9.5  KVA





Apr 03, 2018     14:35:59                                                    PAGE 10
 
 
 

                 BALANCED VOLTAGE DROP AND LOAD FLOW ANALYSIS 
 ************************************************************************************************
 VOLTAGE EFFECT ON LOADS MODELED
 VOLTAGE DROP CRITERIA: BRANCH =  3.00%   BUS =  5.00%


  LOAD   TO: BUS208         T206           TRANSF AMPS:    69.7 VOLTAGE DROP:    160.  %VD:  1.16
  PROJECTED POWER FLOW:   1448.4  KW    795.8  KVAR   1652.6  KVA     0.88  LAGGING
  LOSSES THRU TRANSF:        3.1  KW     35.0  KVAR     35.1  KVA


 ==== BUS: BUS205         DESIGN VOLTS:    13800 BUS VOLTS:    13777 %VD:  0.17 
 ======================== PU BUS VOLTAGE:  0.998 ANGLE:  -0.8  DEGREES

  LOAD FROM: BUS201         C202           FEEDER AMPS:    59.5 VOLTAGE DROP:      9.  %VD:  0.07
  PROJECTED POWER FLOW:   1265.8  KW    642.9  KVAR   1419.7  KVA     0.89  LAGGING
  LOSSES THRU FEEDER:        0.6  KW      0.9  KVAR      1.1  KVA

  LOAD   TO: BUS209         T209           TRANSF AMPS:    42.5 VOLTAGE DROP:    185.  %VD:  1.34
  PROJECTED POWER FLOW:    903.6  KW    459.3  KVAR   1013.6  KVA     0.89  LAGGING
  LOSSES THRU TRANSF:        3.6  KW     23.4  KVAR     23.7  KVA

  LOAD   TO: BUS210         T210           TRANSF AMPS:    17.0 VOLTAGE DROP:    206.  %VD:  1.49
  PROJECTED POWER FLOW:    362.2  KW    183.6  KVAR    406.1  KVA     0.89  LAGGING
  LOSSES THRU TRANSF:        2.2  KW      9.3  KVAR      9.5  KVA

  LOAD   TO: BUS-PV         T202           TRANSF AMPS:     0.0 VOLTAGE DROP:      0.  %VD:  0.00
  PROJECTED POWER FLOW:      0.0  KW      0.0  KVAR      0.0  KVA     0.00  LAGGING
  LOSSES THRU TRANSF:        0.0  KW      0.0  KVAR      0.0  KVA


 ==== BUS: BUS206         DESIGN VOLTS:      480 BUS VOLTS:      470 %VD:  2.05 
 ======================== PU BUS VOLTAGE:  0.980 ANGLE:  -2.2  DEGREES

  LOAD FROM: BUS203         T203           TRANSF AMPS:  1228.0 VOLTAGE DROP:      9.  %VD:  1.83
  PROJECTED POWER FLOW:    900.0  KW    435.9  KVAR   1000.0  KVA     0.90  LAGGING
  LOSSES THRU TRANSF:        6.2  KW     29.3  KVAR     30.0  KVA

  BRANCH DIVERSITY LOAD:   900.0  KW    435.9  KVAR

 ==== BUS: BUS207         DESIGN VOLTS:      480 BUS VOLTS:      473 %VD:  1.49 
 ======================== PU BUS VOLTAGE:  0.985 ANGLE:  -1.8  DEGREES





Apr 03, 2018     14:35:59                                                    PAGE 11
 
 
 

                 BALANCED VOLTAGE DROP AND LOAD FLOW ANALYSIS 
 ************************************************************************************************
 VOLTAGE EFFECT ON LOADS MODELED
 VOLTAGE DROP CRITERIA: BRANCH =  3.00%   BUS =  5.00%


  LOAD FROM: BUS203         T204           TRANSF AMPS:   854.7 VOLTAGE DROP:      6.  %VD:  1.27
  PROJECTED POWER FLOW:    630.0  KW    305.1  KVAR    700.0  KVA     0.90  LAGGING
  LOSSES THRU TRANSF:        3.0  KW     14.2  KVAR     14.5  KVA

  BRANCH DIVERSITY LOAD:   630.0  KW    305.1  KVAR

 ==== BUS: BUS208         DESIGN VOLTS:     4160 BUS VOLTS:     4079 %VD:  1.94 
 ======================== PU BUS VOLTAGE:  0.981 ANGLE:  -1.9  DEGREES

  LOAD FROM: BUS204         T206           TRANSF AMPS:   231.2 VOLTAGE DROP:     48.  %VD:  1.16
  PROJECTED POWER FLOW:   1445.3  KW    760.8  KVAR   1633.3  KVA     0.88  LAGGING
  LOSSES THRU TRANSF:        3.1  KW     35.0  KVAR     35.1  KVA

  LOAD   TO: BUS-0032       T207           TRANSF AMPS:    87.0 VOLTAGE DROP:     96.  %VD:  2.32
  PROJECTED POWER FLOW:    545.2  KW    283.5  KVAR    614.5  KVA     0.89  LAGGING
  LOSSES THRU TRANSF:        5.2  KW     22.0  KVAR     22.6  KVA

  LOAD   TO: BUS-0033       T208           TRANSF AMPS:   144.2 VOLTAGE DROP:     75.  %VD:  1.81
  PROJECTED POWER FLOW:    900.1  KW    477.3  KVAR   1018.8  KVA     0.88  LAGGING
  LOSSES THRU TRANSF:        0.1  KW     41.4  KVAR     41.4  KVA


 ==== BUS: BUS209         DESIGN VOLTS:      480 BUS VOLTS:      473 %VD:  1.51 
 ======================== PU BUS VOLTAGE:  0.985 ANGLE:  -1.9  DEGREES

  LOAD FROM: BUS205         T209           TRANSF AMPS:  1221.2 VOLTAGE DROP:      6.  %VD:  1.34
  PROJECTED POWER FLOW:    900.0  KW    435.9  KVAR   1000.0  KVA     0.90  LAGGING
  LOSSES THRU TRANSF:        3.6  KW     23.4  KVAR     23.7  KVA

  BRANCH DIVERSITY LOAD:   900.0  KW    435.9  KVAR

 ==== BUS: BUS210         DESIGN VOLTS:      480 BUS VOLTS:      472 %VD:  1.66 
 ======================== PU BUS VOLTAGE:  0.983 ANGLE:  -1.9  DEGREES





Apr 03, 2018     14:35:59                                                    PAGE 12
 
 
 

                 BALANCED VOLTAGE DROP AND LOAD FLOW ANALYSIS 
 ************************************************************************************************
 VOLTAGE EFFECT ON LOADS MODELED
 VOLTAGE DROP CRITERIA: BRANCH =  3.00%   BUS =  5.00%


  LOAD FROM: BUS205         T210           TRANSF AMPS:   489.3 VOLTAGE DROP:      7.  %VD:  1.49
  PROJECTED POWER FLOW:    360.0  KW    174.4  KVAR    400.0  KVA     0.90  LAGGING
  LOSSES THRU TRANSF:        2.2  KW      9.3  KVAR      9.5  KVA

  BRANCH DIVERSITY LOAD:   360.0  KW    174.4  KVAR

 ==== BUS: BUS301         DESIGN VOLTS:    13800 BUS VOLTS:    13820 %VD: -0.15 
 ======================== PU BUS VOLTAGE:  1.001 ANGLE:  -0.5  DEGREES

  LOAD   TO: BUS302         C301           FEEDER AMPS:    68.0 VOLTAGE DROP:     13.  %VD:  0.09
  PROJECTED POWER FLOW:   1449.4  KW    738.4  KVAR   1626.6  KVA     0.89  LAGGING
  LOSSES THRU FEEDER:        1.0  KW      1.5  KVAR      1.8  KVA

  LOAD   TO: BUS-T305       C304           FEEDER AMPS:    25.7 VOLTAGE DROP:      3.  %VD:  0.02
  PROJECTED POWER FLOW:    545.1  KW    282.6  KVAR    614.0  KVA     0.89  LAGGING
  LOSSES THRU FEEDER:        0.1  KW      0.1  KVAR      0.1  KVA

  LOAD   TO: BUS303         C302           FEEDER AMPS:    34.5 VOLTAGE DROP:      9.  %VD:  0.07
  PROJECTED POWER FLOW:    729.5  KW    387.1  KVAR    825.8  KVA     0.88  LAGGING
  LOSSES THRU FEEDER:        0.5  KW      0.3  KVAR      0.6  KVA

  LOAD   TO: BUS-T304       C303           FEEDER AMPS:    42.4 VOLTAGE DROP:      7.  %VD:  0.05
  PROJECTED POWER FLOW:    903.8  KW    459.7  KVAR   1014.0  KVA     0.89  LAGGING
  LOSSES THRU FEEDER:        0.3  KW      0.5  KVAR      0.5  KVA

  LOAD FROM: BUS-0071       C112           FEEDER AMPS:   170.5 VOLTAGE DROP:     14.  %VD:  0.10
  PROJECTED POWER FLOW:   3627.8  KW   1867.7  KVAR   4080.4  KVA     0.89  LAGGING
  LOSSES THRU FEEDER:        2.7  KW      4.0  KVAR      4.9  KVA


 ==== BUS: BUS302         DESIGN VOLTS:    13800 BUS VOLTS:    13807 %VD: -0.05 
 ======================== PU BUS VOLTAGE:  1.001 ANGLE:  -0.6  DEGREES

  LOAD FROM: BUS301         C301           FEEDER AMPS:    68.0 VOLTAGE DROP:     13.  %VD:  0.09
  PROJECTED POWER FLOW:   1448.4  KW    736.9  KVAR   1625.1  KVA     0.89  LAGGING
  LOSSES THRU FEEDER:        1.0  KW      1.5  KVAR      1.8  KVA





Apr 03, 2018     14:35:59                                                    PAGE 13
 
 
 

                 BALANCED VOLTAGE DROP AND LOAD FLOW ANALYSIS 
 ************************************************************************************************
 VOLTAGE EFFECT ON LOADS MODELED
 VOLTAGE DROP CRITERIA: BRANCH =  3.00%   BUS =  5.00%


  LOAD   TO: BUS304         T301           TRANSF AMPS:    42.6 VOLTAGE DROP:    252.  %VD:  1.82
  PROJECTED POWER FLOW:    906.2  KW    465.0  KVAR   1018.6  KVA     0.89  LAGGING
  LOSSES THRU TRANSF:        6.2  KW     29.1  KVAR     29.8  KVA

  LOAD   TO: BUS305         T302           TRANSF AMPS:    25.4 VOLTAGE DROP:    149.  %VD:  1.08
  PROJECTED POWER FLOW:    542.2  KW    271.9  KVAR    606.5  KVA     0.89  LAGGING
  LOSSES THRU TRANSF:        2.2  KW     10.3  KVAR     10.6  KVA


 ==== BUS: BUS303         DESIGN VOLTS:    13800 BUS VOLTS:    13811 %VD: -0.08 
 ======================== PU BUS VOLTAGE:  1.001 ANGLE:  -0.5  DEGREES

  LOAD FROM: BUS301         C302           FEEDER AMPS:    34.5 VOLTAGE DROP:      9.  %VD:  0.07
  PROJECTED POWER FLOW:    729.0  KW    386.8  KVAR    825.3  KVA     0.88  LAGGING
  LOSSES THRU FEEDER:        0.5  KW      0.3  KVAR      0.6  KVA

  LOAD   TO: BUS-C6         T303           TRANSF AMPS:    34.5 VOLTAGE DROP:    423.  %VD:  3.06$
  PROJECTED POWER FLOW:    729.0  KW    386.8  KVAR    825.3  KVA     0.88  LAGGING
  LOSSES THRU TRANSF:        9.0  KW     38.0  KVAR     39.1  KVA


 ==== BUS: BUS304         DESIGN VOLTS:      480 BUS VOLTS:      472 %VD:  1.77 
 ======================== PU BUS VOLTAGE:  0.982 ANGLE:  -1.9  DEGREES

  LOAD FROM: BUS302         T301           TRANSF AMPS:  1224.5 VOLTAGE DROP:      9.  %VD:  1.82
  PROJECTED POWER FLOW:    900.0  KW    435.9  KVAR   1000.0  KVA     0.90  LAGGING
  LOSSES THRU TRANSF:        6.2  KW     29.1  KVAR     29.8  KVA

  BRANCH DIVERSITY LOAD:   900.0  KW    435.9  KVAR

 ==== BUS: BUS305         DESIGN VOLTS:      480 BUS VOLTS:      475 %VD:  1.03 
 ======================== PU BUS VOLTAGE:  0.990 ANGLE:  -1.4  DEGREES

  LOAD FROM: BUS302         T302           TRANSF AMPS:   729.2 VOLTAGE DROP:      5.  %VD:  1.08
  PROJECTED POWER FLOW:    540.0  KW    261.5  KVAR    600.0  KVA     0.90  LAGGING
  LOSSES THRU TRANSF:        2.2  KW     10.3  KVAR     10.6  KVA

  BRANCH DIVERSITY LOAD:   540.0  KW    261.5  KVAR





Apr 03, 2018     14:35:59                                                    PAGE 14
 
 
 

                 BALANCED VOLTAGE DROP AND LOAD FLOW ANALYSIS 
 ************************************************************************************************
 VOLTAGE EFFECT ON LOADS MODELED
 VOLTAGE DROP CRITERIA: BRANCH =  3.00%   BUS =  5.00%


 ==== BUS: BUS306         DESIGN VOLTS:      480 BUS VOLTS:      470 %VD:  2.14 
 ======================== PU BUS VOLTAGE:  0.979 ANGLE:  -2.1  DEGREES

  LOAD FROM: BUS-T305       T305           TRANSF AMPS:   737.5 VOLTAGE DROP:     11.  %VD:  2.27
  PROJECTED POWER FLOW:    540.0  KW    261.5  KVAR    600.0  KVA     0.90  LAGGING
  LOSSES THRU TRANSF:        5.0  KW     21.0  KVAR     21.6  KVA

  BRANCH DIVERSITY LOAD:   540.0  KW    261.5  KVAR

 ==== BUS: BUS307         DESIGN VOLTS:      480 BUS VOLTS:      474 %VD:  1.24 
 ======================== PU BUS VOLTAGE:  0.988 ANGLE:  -1.7  DEGREES

  LOAD FROM: BUS-T304       T304           TRANSF AMPS:  1217.9 VOLTAGE DROP:      6.  %VD:  1.34
  PROJECTED POWER FLOW:    900.0  KW    435.9  KVAR   1000.0  KVA     0.90  LAGGING
  LOSSES THRU TRANSF:        3.5  KW     23.3  KVAR     23.6  KVA

  BRANCH DIVERSITY LOAD:   900.0  KW    435.9  KVAR

 ==== BUS: BUS-C6         DESIGN VOLTS:      480 BUS VOLTS:      466 %VD:  2.99 
 ======================== PU BUS VOLTAGE:  0.970 ANGLE:  -2.7  DEGREES

  LOAD FROM: BUS303         T303           TRANSF AMPS:   991.9 VOLTAGE DROP:     15.  %VD:  3.06$
  PROJECTED POWER FLOW:    720.0  KW    348.7  KVAR    800.0  KVA     0.90  LAGGING
  LOSSES THRU TRANSF:        9.0  KW     38.0  KVAR     39.1  KVA

  BRANCH DIVERSITY LOAD:   720.0  KW    348.7  KVAR

 ==== BUS: BUS-PV         DESIGN VOLTS:      480 BUS VOLTS:      479 %VD:  0.17 
 ======================== PU BUS VOLTAGE:  0.998 ANGLE:  -0.8  DEGREES

 **** NO LOAD SPECIFIED ****

 ==== BUS: BUS-T304       DESIGN VOLTS:    13800 BUS VOLTS:    13814 %VD: -0.10 
 ======================== PU BUS VOLTAGE:  1.001 ANGLE:  -0.6  DEGREES





Apr 03, 2018     14:35:59                                                    PAGE 15
 
 
 

                 BALANCED VOLTAGE DROP AND LOAD FLOW ANALYSIS 
 ************************************************************************************************
 VOLTAGE EFFECT ON LOADS MODELED
 VOLTAGE DROP CRITERIA: BRANCH =  3.00%   BUS =  5.00%


  LOAD FROM: BUS301         C303           FEEDER AMPS:    42.4 VOLTAGE DROP:      7.  %VD:  0.05
  PROJECTED POWER FLOW:    903.5  KW    459.2  KVAR   1013.5  KVA     0.89  LAGGING
  LOSSES THRU FEEDER:        0.3  KW      0.5  KVAR      0.5  KVA

  LOAD   TO: BUS307         T304           TRANSF AMPS:    42.4 VOLTAGE DROP:    184.  %VD:  1.34
  PROJECTED POWER FLOW:    903.5  KW    459.2  KVAR   1013.5  KVA     0.89  LAGGING
  LOSSES THRU TRANSF:        3.5  KW     23.3  KVAR     23.6  KVA


 ==== BUS: BUS-T305       DESIGN VOLTS:    13800 BUS VOLTS:    13818 %VD: -0.13 
 ======================== PU BUS VOLTAGE:  1.001 ANGLE:  -0.5  DEGREES

  LOAD FROM: BUS301         C304           FEEDER AMPS:    25.7 VOLTAGE DROP:      3.  %VD:  0.02
  PROJECTED POWER FLOW:    545.0  KW    282.6  KVAR    613.9  KVA     0.89  LAGGING
  LOSSES THRU FEEDER:        0.1  KW      0.1  KVAR      0.1  KVA

  LOAD   TO: BUS306         T305           TRANSF AMPS:    25.7 VOLTAGE DROP:    313.  %VD:  2.27
  PROJECTED POWER FLOW:    545.0  KW    282.6  KVAR    613.9  KVA     0.89  LAGGING
  LOSSES THRU TRANSF:        5.0  KW     21.0  KVAR     21.6  KVA





Apr 03, 2018     14:35:59                                                    PAGE 16
 
 
 

           BALANCED VOLTAGE DROP AND LOAD FLOW BUS DATA SUMMARY 
 ***********************************************************************
   BUS NAME      BASE VOLT PU VOLT      BUS NAME      BASE VOLT PU VOLT
   BUS-0031           208.  0.9732      BUS-0032           480.  0.9575
   BUS-0033           480.  0.9625      BUS-0036           480.  0.9490
   BUS-0051         13800.  1.0006      BUS-0053         13800.  0.9958
   BUS-0057           480.  0.9811      BUS-0058           208.  0.9811
   BUS-0059           480.  1.0006      BUS-0060         13800.  1.0006
   BUS-0069         13800.  1.0017      BUS-0070         13800.  1.0006
   BUS-0071         13800.  1.0025      BUS101           13800.  1.0006
   BUS102           13800.  0.9999      BUS103           13800.  1.0006
   BUS104           13800.  0.9968      BUS105             480.  0.9838
   BUS106            4160.  0.9775      BUS107             480.  0.9588
   BUS201           13800.  0.9990      BUS202             480.  0.9787
   BUS203           13800.  0.9978      BUS204           13800.  0.9922
   BUS205           13800.  0.9983      BUS206             480.  0.9795
   BUS207             480.  0.9851      BUS208            4160.  0.9806
   BUS209             480.  0.9849      BUS210             480.  0.9834
   BUS301           13800.  1.0015      BUS302           13800.  1.0005
   BUS303           13800.  1.0008      BUS304             480.  0.9823
   BUS305             480.  0.9897      BUS306             480.  0.9786
   BUS307             480.  0.9876      BUS-C6             480.  0.9701
   BUS-PV             480.  0.9983      BUS-T304         13800.  1.0010
   BUS-T305         13800.  1.0013



Apr 03, 2018     14:35:59                                                    PAGE 17
 
 
 

                  BALANCED VOLTAGE DROP AND LOAD FLOW BRANCH DATA SUMMARY
 ***************************************************************************************
 BRANCH NAME    FROM NAME      TO NAME        TYPE     VD%     AMPS      KVA  RATING%
 C101           BUS101         BUS102         FDR     0.06    63.83  1526.43    12.09
 C102           BUS101         BUS104         FDR     0.38   120.41  2879.77    22.81
 C103           BUS103         BUS-0060       FDR     0.00     0.00     0.00     0.00
 C104           BUS103         BUS-0051       FDR     0.00     0.00     0.00     0.00
 C106           BUS104         BUS-0053       FDR     0.09   109.76  2615.12    20.79
 C110           BUS-0069       BUS101         FDR     0.11   184.22  4410.64    34.89
 C111           BUS-0070       BUS201         FDR     0.16   257.23  6152.05    48.72
 C112           BUS-0071       BUS301         FDR     0.10   170.46  4084.64    32.28
 C201           BUS201         BUS204         FDR     0.68   125.31  2992.19    38.62
 C202           BUS201         BUS205         FDR     0.07    59.49  1420.63    11.27
 C203           BUS201         BUS203         FDR     0.12    72.44  1729.75    13.72
 C301           BUS301         BUS302         FDR     0.09    67.95  1626.62    12.87
 C302           BUS301         BUS303         FDR     0.07    34.50   825.83    10.63
 C303           BUS301         BUS-T304       FDR     0.05    42.36  1014.01     8.02
 C304           BUS301         BUS-T305       FDR     0.02    25.65   614.01     3.95
 CBL-SHRT-01    BUS101         BUS103         FDR     0.00     0.00     0.00     0.00
 T101           BUS102         BUS-0057       TX2     1.89    12.79   305.77    61.16
 T102           BUS102         BUS105         TX2     1.61    51.03  1219.69    48.79
 T103           BUS104         BUS-0058       TX2     1.57    10.66   253.99    50.96
 T104           BUS-0053       BUS106         TX2     1.83   109.76  2612.66    69.96
 T105           BUS106         BUS107         TX2     1.87   144.75  1019.49    52.15
 T106           BUS106         BUS-0036       TX2     2.85   219.37  1545.12    79.03
 T201           BUS204         BUS202         TX2     1.35    42.75  1013.78    40.87
 T202           BUS205         BUS-PV         TX2     0.00     0.00     0.00     0.00
 T203           BUS203         BUS206         TX2     1.83    42.71  1018.66    51.05
 T204           BUS203         BUS207         TX2     1.27    29.73   709.00    35.53
 T205           BUS204         BUS-0031       TX2     1.90    12.90   305.86    61.65
 T206           BUS204         BUS208         TX2     1.16    69.68  1652.59    44.41
 T207           BUS208         BUS-0032       TX2     2.32    86.97   614.52    62.67
 T208           BUS208         BUS-0033       TX2     1.81   144.19  1018.79    69.26
 T209           BUS205         BUS209         TX2     1.34    42.48  1013.60    40.61
 T210           BUS205         BUS210         TX2     1.49    17.02   406.08    40.68
 T217           BUS-0051       BUS-0059       TX2     0.00     0.00     0.00     0.00
 T301           BUS302         BUS304         TX2     1.82    42.59  1018.56    50.90
 T302           BUS302         BUS305         TX2     1.08    25.36   606.54    30.31
 T303           BUS303         BUS-C6         TX2     3.06    34.50   825.27    82.46
 T304           BUS-T304       BUS307         TX2     1.34    42.36  1013.53    40.50
 T305           BUS-T305       BUS306         TX2     2.27    25.65   613.89    61.31


 NOTE: FDR RATING% = % AMPS RATING BASED ON LIBRARY FLA OR BRANCH INPUT FLA
       TX2 RATING% = % KVA RATING BASED ON TRANSFORMER NOM/FL KVA



Apr 03, 2018     14:35:59                                                    PAGE 18
 
 
 

           BALANCED VOLTAGE DROP AND LOAD FLOW BUS DATA SUMMARY 
 ***********************************************************************
   BUS NAME      BASE VOLT PU VOLT      BUS NAME      BASE VOLT PU VOLT


 *** T O T A L   S Y S T E M   L O S S E S *** 
            134. KW      615. KVAR

 ***WARNING*** STUDY CONTAINS 3 VOLTAGE CRITERIA VIOLATIONS
   VIOLATIONS DENOTED BY  ($) AT BUS AND BRANCH %VD LOCATIONS
