Apr 03, 2018     14:35:59               UNBALANCED LOW VOLTAGE DUTY PAGE    1
                                                                                 
                                                                                 
                                                                                 
  
                  U N B A L A N C E D   F A U L T   R E P O R T
                    (FOR APPLICATION OF LOW VOLTAGE BREAKERS)
                          PRE FAULT VOLTAGE: 1.0000
                          MODEL TRANSFORMER TAPS: NO 
 ==============================================================================
   LOCATION     FAULT      KA     X/R  EQUIVALENT (PU)  ASYM. KA AT 0.5 CYCLES 
   VOLTAGE      DUTIES    (RMS)        FAULT IMPEDANCE  * MAX. RMS  AVG. RMS *  
 ==============================================================================

 BUS-0031       3P Duty:  26.531    5. Z1=  10.4621        32.564    29.628
               SLG DUTY:  26.928    5. Z2=  10.4621        33.217
    208. VOLTS    LN/LN:  22.977       Z0=  10.0000
              LN/LN/GND: 26.627 ( 27.337 GND RETURN KA)

 BUS-0032       3P Duty:  16.104    4. Z1=   7.4689        19.535    17.863
               SLG DUTY:  17.442    4. Z2=   7.4689        21.114
    480. VOLTS    LN/LN:  13.947       Z0=   5.7499
              LN/LN/GND: 16.915 ( 19.023 GND RETURN KA)

 BUS-0033       3P Duty:  21.754   16. Z1=   5.5292        33.259    27.839
               SLG DUTY:  24.240   21. Z2=   5.5292        38.163
    480. VOLTS    LN/LN:  18.839       Z0=   3.8333
              LN/LN/GND: 22.880 ( 27.358 GND RETURN KA)

 BUS-0036       3P Duty:  26.035    5. Z1=   4.6200        32.745    29.491
               SLG DUTY:  29.786    5. Z2=   4.6200        37.297
    480. VOLTS    LN/LN:  22.547       Z0=   2.8750
              LN/LN/GND: 28.599 ( 34.798 GND RETURN KA)

 BUS-C6         3P Duty:  19.629    4. Z1=   6.1277        23.405    21.560
               SLG DUTY:  20.041    4. Z2=   6.1277        23.970
    480. VOLTS    LN/LN:  16.999       Z0=   5.7499
              LN/LN/GND: 19.788 ( 20.471 GND RETURN KA)

 BUS-PV         3P Duty:  89.665    5. Z1=   1.3415       112.592   101.472
               SLG DUTY:  97.980    5. Z2=   1.3415       123.579
    480. VOLTS    LN/LN:  77.652       Z0=   1.0000
              LN/LN/GND: 94.219 (107.992 GND RETURN KA)

 BUS105         3P Duty:  45.274    6. Z1=   2.6567        58.706    52.221
               SLG DUTY:  47.398    6. Z2=   2.6567        61.937
    480. VOLTS    LN/LN:  39.209       Z0=   2.3000
              LN/LN/GND: 46.169 ( 49.728 GND RETURN KA)

 BUS107         3P Duty:  26.035    5. Z1=   4.6200        32.745    29.491
               SLG DUTY:  29.786    5. Z2=   4.6200        37.297
    480. VOLTS    LN/LN:  22.547       Z0=   2.8750
              LN/LN/GND: 28.599 ( 34.798 GND RETURN KA)
Apr 03, 2018     14:35:59               UNBALANCED LOW VOLTAGE DUTY PAGE    2
                                                                                 
                                                                                 
                                                                                 
  
                  U N B A L A N C E D   F A U L T   R E P O R T
                    (FOR APPLICATION OF LOW VOLTAGE BREAKERS)
                          PRE FAULT VOLTAGE: 1.0000
                          MODEL TRANSFORMER TAPS: NO 
 ==============================================================================
   LOCATION     FAULT      KA     X/R  EQUIVALENT (PU)  ASYM. KA AT 0.5 CYCLES 
   VOLTAGE      DUTIES    (RMS)        FAULT IMPEDANCE  * MAX. RMS  AVG. RMS *  
 ==============================================================================

 BUS202         3P Duty:  43.607    5. Z1=   2.7583        53.740    48.813
               SLG DUTY:  46.182    5. Z2=   2.7583        58.117
    480. VOLTS    LN/LN:  37.765       Z0=   2.3000
              LN/LN/GND: 44.239 ( 49.061 GND RETURN KA)

 BUS206         3P Duty:  37.107    5. Z1=   3.2415        45.535    41.434
               SLG DUTY:  38.560    5. Z2=   3.2415        47.411
    480. VOLTS    LN/LN:  32.136       Z0=   2.8750
              LN/LN/GND: 37.823 ( 40.132 GND RETURN KA)

 BUS207         3P Duty:  37.107    5. Z1=   3.2415        45.535    41.434
               SLG DUTY:  38.560    5. Z2=   3.2415        47.411
    480. VOLTS    LN/LN:  32.136       Z0=   2.8750
              LN/LN/GND: 37.823 ( 40.132 GND RETURN KA)

 BUS209         3P Duty:  45.549    6. Z1=   2.6407        59.725    52.892
               SLG DUTY:  47.596    6. Z2=   2.6407        62.692
    480. VOLTS    LN/LN:  39.446       Z0=   2.3000
              LN/LN/GND: 46.510 ( 49.836 GND RETURN KA)

 BUS210         3P Duty:  19.745    4. Z1=   6.0917        23.771    21.807
               SLG DUTY:  20.121    4. Z2=   6.0917        24.225
    480. VOLTS    LN/LN:  17.100       Z0=   5.7499
              LN/LN/GND: 19.939 ( 20.512 GND RETURN KA)

 BUS304         3P Duty:  36.996    4. Z1=   3.2512        45.118    41.162
               SLG DUTY:  38.481    5. Z2=   3.2512        47.108
    480. VOLTS    LN/LN:  32.040       Z0=   2.8750
              LN/LN/GND: 37.669 ( 40.089 GND RETURN KA)

 BUS305         3P Duty:  36.996    4. Z1=   3.2512        45.118    41.162
               SLG DUTY:  38.481    5. Z2=   3.2512        47.108
    480. VOLTS    LN/LN:  32.040       Z0=   2.8750
              LN/LN/GND: 37.669 ( 40.089 GND RETURN KA)

 BUS306         3P Duty:  19.757    4. Z1=   6.0880        23.688    21.769
               SLG DUTY:  20.130    4. Z2=   6.0880        24.167
    480. VOLTS    LN/LN:  17.110       Z0=   5.7499
              LN/LN/GND: 19.926 ( 20.517 GND RETURN KA)
Apr 03, 2018     14:35:59               UNBALANCED LOW VOLTAGE DUTY PAGE    3
                                                                                 
                                                                                 
                                                                                 
  
                  U N B A L A N C E D   F A U L T   R E P O R T
                    (FOR APPLICATION OF LOW VOLTAGE BREAKERS)
                          PRE FAULT VOLTAGE: 1.0000
                          MODEL TRANSFORMER TAPS: NO 
 ==============================================================================
   LOCATION     FAULT      KA     X/R  EQUIVALENT (PU)  ASYM. KA AT 0.5 CYCLES 
   VOLTAGE      DUTIES    (RMS)        FAULT IMPEDANCE  * MAX. RMS  AVG. RMS *  
 ==============================================================================

 BUS307         3P Duty:  45.192    6. Z1=   2.6616        58.536    52.092
               SLG DUTY:  47.337    6. Z2=   2.6616        61.810
    480. VOLTS    LN/LN:  39.137       Z0=   2.3000
              LN/LN/GND: 46.089 ( 49.695 GND RETURN KA)
Apr 03, 2018     14:35:59               UNBALANCED LOW VOLTAGE DUTY PAGE    4
                                                                                 
                                                                                 
                                                                                 
  
                  F A U L T   S T U D Y   S U M M A R Y
                 (FOR APPLICATION OF LOW VOLTAGE BREAKERS)
                       PRE FAULT VOLTAGE: 1.0000
                       MODEL TRANSFORMER TAPS: NO 
   BUS RECORD      VOLTAGE  A V A I L A B L E   F A U L T   D U T I E S  (KA)
    NO NAME          L-L      3 PHASE      X/R    LINE/GRND      X/R
 ==============================================================================

 BUS-0031            208.     26.531       4.57     26.928       4.68
 BUS-0032            480.     16.104       4.35     17.442       4.31
 BUS-0033            480.     21.754      15.62     24.240      20.81
 BUS-0036            480.     26.035       5.09     29.786       4.99
 BUS-C6              480.     19.629       4.04     20.041       4.09
  
 BUS-PV              480.     89.665       5.05     97.980       5.15
 BUS105              480.     45.274       5.84     47.398       6.05
 BUS107              480.     26.035       5.09     29.786       4.99
 BUS202              480.     43.607       4.66     46.182       5.10
 BUS206              480.     37.107       4.57     38.560       4.61
  
 BUS207              480.     37.107       4.57     38.560       4.61
 BUS209              480.     45.549       6.14     47.596       6.28
 BUS210              480.     19.745       4.21     20.121       4.21
 BUS304              480.     36.996       4.45     38.481       4.52
 BUS305              480.     36.996       4.45     38.481       4.52
  
 BUS306              480.     19.757       4.13     20.130       4.16
 BUS307              480.     45.192       5.81     47.337       6.03

   20 FAULTED BUSES,   41 BRANCHES,    3 CONTRIBUTIONS
 UNBALANCED FAULTS REQUESTED

 *** SHORT CIRCUIT STUDY COMPLETE ***
