Apr 03, 2018     14:35:59                THREE PHASE MOMENTARY DUTY PAGE    1
                                                                                 
                                                                                 
                                                                                 
  
      T H R E E   P H A S E   M O M E N T A R Y   D U T Y   R E P O R T
                          PRE FAULT VOLTAGE: 1.0000
                          MODEL TRANSFORMER TAPS: NO 
 ==============================================================================

  BUS-0031       VOLTAGE:    208.  ( SEE LOW VOLTAGE REPORT )

  BUS-0032       VOLTAGE:    480.  ( SEE LOW VOLTAGE REPORT )

  BUS-0033       VOLTAGE:    480.  ( SEE LOW VOLTAGE REPORT )

  BUS-0036       VOLTAGE:    480.  ( SEE LOW VOLTAGE REPORT )

  BUS-0060       E/Z:     11.927 KA AT  -70.98 DEG ( 285.07 MVA)  X/R:     2.90
                 SYM*1.6:   19.083 KA       MOMENTARY BASED ON X/R:   13.223 KA
                 SYM*2.7:   32.202 KA           CREST BASED ON X/R:   22.577 KA
                 VOLTAGE:  13800.   EQUIV. IMPEDANCE=  0.2177 + J  0.6316  OHMS
                 C103            BUS103            11.927 KA      ANG:   -70.98

  BUS-C6         VOLTAGE:    480.  ( SEE LOW VOLTAGE REPORT )

  BUS-PV         VOLTAGE:    480.  ( SEE LOW VOLTAGE REPORT )

  BUS-T304       E/Z:     11.462 KA AT  -72.92 DEG ( 273.96 MVA)  X/R:     3.26
                 SYM*1.6:   18.338 KA       MOMENTARY BASED ON X/R:   13.019 KA
                 SYM*2.7:   30.946 KA           CREST BASED ON X/R:   22.384 KA
                 VOLTAGE:  13800.   EQUIV. IMPEDANCE=  0.2041 + J  0.6645  OHMS
                 T304            BUS307             0.000 KA      ANG:    25.69
                 C303            BUS301            11.462 KA      ANG:   -72.92

  BUS-T305       E/Z:     12.343 KA AT  -72.39 DEG ( 295.02 MVA)  X/R:     3.15
                 SYM*1.6:   19.749 KA       MOMENTARY BASED ON X/R:   13.921 KA
                 SYM*2.7:   33.326 KA           CREST BASED ON X/R:   23.894 KA
                 VOLTAGE:  13800.   EQUIV. IMPEDANCE=  0.1953 + J  0.6153  OHMS
                 T305            BUS306             0.000 KA      ANG:  -149.03
                 C304            BUS301            12.343 KA      ANG:   -72.39

  BUS101         E/Z:     13.308 KA AT  -75.75 DEG ( 318.08 MVA)  X/R:     3.94
                 SYM*1.6:   21.292 KA       MOMENTARY BASED ON X/R:   15.778 KA
                 SYM*2.7:   35.931 KA           CREST BASED ON X/R:   27.297 KA
                 VOLTAGE:  13800.   EQUIV. IMPEDANCE=  0.1473 + J  0.5803  OHMS
                 C110            BUS-0069          13.308 KA      ANG:  -255.75
Apr 03, 2018     14:35:59                THREE PHASE MOMENTARY DUTY PAGE    2
                                                                                 
                                                                                 
                                                                                 
  
      T H R E E   P H A S E   M O M E N T A R Y   D U T Y   R E P O R T
                          PRE FAULT VOLTAGE: 1.0000
                          MODEL TRANSFORMER TAPS: NO 
 ==============================================================================

                 CONTRIBUTIONS TO  BUS101         (CONTINUED)

  BUS102         E/Z:     11.624 KA AT  -73.17 DEG ( 277.84 MVA)  X/R:     3.31
                 SYM*1.6:   18.598 KA       MOMENTARY BASED ON X/R:   13.248 KA
                 SYM*2.7:   31.385 KA           CREST BASED ON X/R:   22.795 KA
                 VOLTAGE:  13800.   EQUIV. IMPEDANCE=  0.1984 + J  0.6561  OHMS
                 T101            BUS-0057           0.000 KA      ANG:   -28.17
                 C101            BUS101            11.624 KA      ANG:   -73.17

  BUS103         E/Z:     12.043 KA AT  -71.37 DEG ( 287.86 MVA)  X/R:     2.97
                 SYM*1.6:   19.269 KA       MOMENTARY BASED ON X/R:   13.414 KA
                 SYM*2.7:   32.517 KA           CREST BASED ON X/R:   22.939 KA
                 VOLTAGE:  13800.   EQUIV. IMPEDANCE=  0.2113 + J  0.6269  OHMS
                 C103            BUS-0060           0.000 KA      ANG:   -26.37
                 CBL-SHRT-01     BUS101            12.043 KA      ANG:   -71.37

  BUS104         E/Z:      9.192 KA AT  -69.50 DEG ( 219.72 MVA)  X/R:     2.67
                 SYM*1.6:   14.708 KA       MOMENTARY BASED ON X/R:   10.032 KA
                 SYM*2.7:   24.820 KA           CREST BASED ON X/R:   17.017 KA
                 VOLTAGE:  13800.   EQUIV. IMPEDANCE=  0.3035 + J  0.8119  OHMS
                 T103            BUS-0058           0.000 KA      ANG:   -24.50
                 C102            BUS101             9.192 KA      ANG:   -69.50

  BUS105         VOLTAGE:    480.  ( SEE LOW VOLTAGE REPORT )

  BUS106         E/Z:      7.949 KA AT  -80.36 DEG (  57.28 MVA)  X/R:     5.89
                 SYM*1.6:   12.719 KA       MOMENTARY BASED ON X/R:   10.327 KA
                 SYM*2.7:   21.462 KA           CREST BASED ON X/R:   17.834 KA
                 VOLTAGE:   4160.   EQUIV. IMPEDANCE=  0.0506 + J  0.2979  OHMS
                 T105            BUS107             0.000 KA      ANG:    21.65
                 T104            BUS-0053           7.949 KA      ANG:    99.64

  BUS107         VOLTAGE:    480.  ( SEE LOW VOLTAGE REPORT )

  BUS201         E/Z:     14.306 KA AT  -80.19 DEG ( 341.94 MVA)  X/R:     5.79
                 SYM*1.6:   22.889 KA       MOMENTARY BASED ON X/R:   18.516 KA
                 SYM*2.7:   38.625 KA           CREST BASED ON X/R:   31.986 KA
                 VOLTAGE:  13800.   EQUIV. IMPEDANCE=  0.0948 + J  0.5488  OHMS
                 C111            BUS-0070          14.306 KA      ANG:  -260.19
Apr 03, 2018     14:35:59                THREE PHASE MOMENTARY DUTY PAGE    3
                                                                                 
                                                                                 
                                                                                 
  
      T H R E E   P H A S E   M O M E N T A R Y   D U T Y   R E P O R T
                          PRE FAULT VOLTAGE: 1.0000
                          MODEL TRANSFORMER TAPS: NO 
 ==============================================================================

                 CONTRIBUTIONS TO  BUS201         (CONTINUED)

  BUS202         VOLTAGE:    480.  ( SEE LOW VOLTAGE REPORT )

  BUS203         E/Z:     11.403 KA AT  -75.07 DEG ( 272.56 MVA)  X/R:     3.75
                 SYM*1.6:   18.245 KA       MOMENTARY BASED ON X/R:   13.368 KA
                 SYM*2.7:   30.788 KA           CREST BASED ON X/R:   23.103 KA
                 VOLTAGE:  13800.   EQUIV. IMPEDANCE=  0.1800 + J  0.6751  OHMS
                 T203            BUS206             0.000 KA      ANG:    26.94
                 C203            BUS201            11.403 KA      ANG:   -75.07

  BUS204         E/Z:      8.653 KA AT  -60.97 DEG ( 206.82 MVA)  X/R:     1.80
                 SYM*1.6:   13.844 KA       MOMENTARY BASED ON X/R:    8.913 KA
                 SYM*2.7:   23.362 KA           CREST BASED ON X/R:   14.377 KA
                 VOLTAGE:  13800.   EQUIV. IMPEDANCE=  0.4468 + J  0.8051  OHMS
                 T201            BUS202             0.000 KA      ANG:   -15.97
                 C201            BUS201             8.653 KA      ANG:   -60.97

  BUS205         E/Z:     12.240 KA AT  -76.53 DEG ( 292.57 MVA)  X/R:     4.17
                 SYM*1.6:   19.584 KA       MOMENTARY BASED ON X/R:   14.708 KA
                 SYM*2.7:   33.049 KA           CREST BASED ON X/R:   25.466 KA
                 VOLTAGE:  13800.   EQUIV. IMPEDANCE=  0.1516 + J  0.6330  OHMS
                 T202            BUS-PV             0.000 KA      ANG:    23.89
                 C202            BUS201            12.240 KA      ANG:   -76.53

  BUS206         VOLTAGE:    480.  ( SEE LOW VOLTAGE REPORT )

  BUS207         VOLTAGE:    480.  ( SEE LOW VOLTAGE REPORT )

  BUS208         E/Z:      8.071 KA AT  -78.42 DEG (  58.15 MVA)  X/R:     4.88
                 SYM*1.6:   12.913 KA       MOMENTARY BASED ON X/R:   10.053 KA
                 SYM*2.7:   21.791 KA           CREST BASED ON X/R:   17.408 KA
                 VOLTAGE:   4160.   EQUIV. IMPEDANCE=  0.0598 + J  0.2915  OHMS
                 T207            BUS-0032           0.000 KA      ANG:  -155.05
                 T206            BUS204             8.071 KA      ANG:   101.58

  BUS209         VOLTAGE:    480.  ( SEE LOW VOLTAGE REPORT )
Apr 03, 2018     14:35:59                THREE PHASE MOMENTARY DUTY PAGE    4
                                                                                 
                                                                                 
                                                                                 
  
      T H R E E   P H A S E   M O M E N T A R Y   D U T Y   R E P O R T
                          PRE FAULT VOLTAGE: 1.0000
                          MODEL TRANSFORMER TAPS: NO 
 ==============================================================================

  BUS210         VOLTAGE:    480.  ( SEE LOW VOLTAGE REPORT )

  BUS301         E/Z:     13.308 KA AT  -75.75 DEG ( 318.08 MVA)  X/R:     3.94
                 SYM*1.6:   21.292 KA       MOMENTARY BASED ON X/R:   15.778 KA
                 SYM*2.7:   35.931 KA           CREST BASED ON X/R:   27.297 KA
                 VOLTAGE:  13800.   EQUIV. IMPEDANCE=  0.1473 + J  0.5803  OHMS
                 C112            BUS-0071          13.308 KA      ANG:   104.25

  BUS302         E/Z:     11.074 KA AT  -72.34 DEG ( 264.69 MVA)  X/R:     3.14
                 SYM*1.6:   17.718 KA       MOMENTARY BASED ON X/R:   12.482 KA
                 SYM*2.7:   29.900 KA           CREST BASED ON X/R:   21.419 KA
                 VOLTAGE:  13800.   EQUIV. IMPEDANCE=  0.2183 + J  0.6856  OHMS
                 T301            BUS304             0.000 KA      ANG:    29.68
                 C301            BUS301            11.074 KA      ANG:   -72.34

  BUS303         E/Z:     10.950 KA AT  -67.77 DEG ( 261.74 MVA)  X/R:     2.45
                 SYM*1.6:   17.520 KA       MOMENTARY BASED ON X/R:   11.760 KA
                 SYM*2.7:   29.566 KA           CREST BASED ON X/R:   19.773 KA
                 VOLTAGE:  13800.   EQUIV. IMPEDANCE=  0.2753 + J  0.6735  OHMS
                 T303            BUS-C6             0.000 KA      ANG:   -22.77
                 C302            BUS301            10.950 KA      ANG:   -67.77

  BUS304         VOLTAGE:    480.  ( SEE LOW VOLTAGE REPORT )

  BUS305         VOLTAGE:    480.  ( SEE LOW VOLTAGE REPORT )

  BUS306         VOLTAGE:    480.  ( SEE LOW VOLTAGE REPORT )

  BUS307         VOLTAGE:    480.  ( SEE LOW VOLTAGE REPORT )
