Apr 03, 2018     14:35:59                 UNBALANCED MOMENTARY DUTY PAGE    1
                                                                                 
                                                                                 
                                                                                 
  
       U N B A L A N C E D   M O M E N T A R Y   D U T Y   R E P O R T
                          PRE FAULT VOLTAGE: 1.0000
                          MODEL TRANSFORMER TAPS: NO 
 ==============================================================================
   LOCATION     FAULT       E/Z    X/R  EQUIVALENT       MOMENTARY FAULT DUTIES
   VOLTAGE      TYPE        KA          IMPEDANCE (PU)   E/Z * 1.6  @ 0.5 CYCLE
 ==============================================================================

                 3P Duty:  11.93    2.9 Z1=   0.3508       19.08      13.22
 BUS-0060       SLG DUTY:   8.43    1.0 Z2=   0.3508       13.49       8.44
  13800.     VOLTS LN/LN:  10.33        Z0=   0.9218
               LN/LN/GND:  12.48 (    5.99 GND RETURN KA)

                 3P Duty:  11.46    3.3 Z1=   0.3650       18.34      13.02
 BUS-T304       SLG DUTY:   8.20    1.1 Z2=   0.3650       13.12       8.22
  13800.     VOLTS LN/LN:   9.93        Z0=   0.9326
               LN/LN/GND:  12.00 (    5.88 GND RETURN KA)

                 3P Duty:  12.34    3.1 Z1=   0.3390       19.75      13.92
 BUS-T305       SLG DUTY:   8.77    1.0 Z2=   0.3390       14.03       8.78
  13800.     VOLTS LN/LN:  10.69        Z0=   0.8960
               LN/LN/GND:  12.98 (    6.19 GND RETURN KA)

                 3P Duty:  13.31    3.9 Z1=   0.3144       21.29      15.78
 BUS101         SLG DUTY:   9.60    1.0 Z2=   0.3144       15.35       9.61
  13800.     VOLTS LN/LN:  11.52        Z0=   0.8415
               LN/LN/GND:  14.15 (    6.67 GND RETURN KA)

                 3P Duty:  11.62    3.3 Z1=   0.3599       18.60      13.25
 BUS102         SLG DUTY:   8.32    1.1 Z2=   0.3599       13.32       8.34
  13800.     VOLTS LN/LN:  10.07        Z0=   0.9231
               LN/LN/GND:  12.19 (    5.95 GND RETURN KA)

                 3P Duty:  12.04    3.0 Z1=   0.3474       19.27      13.41
 BUS103         SLG DUTY:   8.53    1.0 Z2=   0.3474       13.64       8.54
  13800.     VOLTS LN/LN:  10.43        Z0=   0.9144
               LN/LN/GND:  12.62 (    6.04 GND RETURN KA)

                 3P Duty:   9.19    2.7 Z1=   0.4551       14.71      10.03
 BUS104         SLG DUTY:   6.52    1.2 Z2=   0.4551       10.43       6.55
  13800.     VOLTS LN/LN:   7.96        Z0=   1.1094
               LN/LN/GND:   9.38 (    4.82 GND RETURN KA)

                 3P Duty:   7.95    5.9 Z1=   1.7459       12.72      10.33
 BUS106         SLG DUTY:   8.76    6.8 Z2=   1.7459       14.01      11.71
   4160.     VOLTS LN/LN:   6.88        Z0=   1.2667
               LN/LN/GND:   8.24 (    9.74 GND RETURN KA)
Apr 03, 2018     14:35:59                 UNBALANCED MOMENTARY DUTY PAGE    2
                                                                                 
                                                                                 
                                                                                 
  
       U N B A L A N C E D   M O M E N T A R Y   D U T Y   R E P O R T
                          PRE FAULT VOLTAGE: 1.0000
                          MODEL TRANSFORMER TAPS: NO 
 ==============================================================================
   LOCATION     FAULT       E/Z    X/R  EQUIVALENT       MOMENTARY FAULT DUTIES
   VOLTAGE      TYPE        KA          IMPEDANCE (PU)   E/Z * 1.6  @ 0.5 CYCLE
 ==============================================================================

                 3P Duty:  14.31    5.8 Z1=   0.2925       22.89      18.52
 BUS201         SLG DUTY:   9.28    2.5 Z2=   0.2925       14.84      10.01
  13800.     VOLTS LN/LN:  12.39        Z0=   0.7898
               LN/LN/GND:  13.78 (    6.76 GND RETURN KA)

                 3P Duty:  11.40    3.7 Z1=   0.3669       18.24      13.37
 BUS203         SLG DUTY:   7.38    2.4 Z2=   0.3669       11.81       7.89
  13800.     VOLTS LN/LN:   9.88        Z0=   0.9794
               LN/LN/GND:  10.75 (    5.42 GND RETURN KA)

                 3P Duty:   8.65    1.8 Z1=   0.4835       13.84       8.91
 BUS204         SLG DUTY:   5.70    1.6 Z2=   0.4835        9.12       5.82
  13800.     VOLTS LN/LN:   7.49        Z0=   1.2361
               LN/LN/GND:   7.94 (    4.25 GND RETURN KA)

                 3P Duty:  12.24    4.2 Z1=   0.3418       19.58      14.71
 BUS205         SLG DUTY:   7.92    2.4 Z2=   0.3418       12.67       8.49
  13800.     VOLTS LN/LN:  10.60        Z0=   0.9161
               LN/LN/GND:  11.61 (    5.80 GND RETURN KA)

                 3P Duty:   8.07    4.9 Z1=   1.7196       12.91      10.05
 BUS208         SLG DUTY:   8.86    5.8 Z2=   1.7196       14.17      11.46
   4160.     VOLTS LN/LN:   6.99        Z0=   1.2667
               LN/LN/GND:   8.26 (    9.81 GND RETURN KA)

                 3P Duty:  13.31    3.9 Z1=   0.3144       21.29      15.78
 BUS301         SLG DUTY:   9.60    1.0 Z2=   0.3144       15.35       9.61
  13800.     VOLTS LN/LN:  11.52        Z0=   0.8415
               LN/LN/GND:  14.15 (    6.67 GND RETURN KA)

                 3P Duty:  11.07    3.1 Z1=   0.3778       17.72      12.48
 BUS302         SLG DUTY:   7.91    1.1 Z2=   0.3778       12.66       7.93
  13800.     VOLTS LN/LN:   9.59        Z0=   0.9567
               LN/LN/GND:  11.55 (    5.71 GND RETURN KA)

                 3P Duty:  10.95    2.4 Z1=   0.3821       17.52      11.76
 BUS303         SLG DUTY:   7.67    1.0 Z2=   0.3821       12.27       7.68
  13800.     VOLTS LN/LN:   9.48        Z0=   0.9887
               LN/LN/GND:  11.32 (    5.52 GND RETURN KA)
Apr 03, 2018     14:35:59                 UNBALANCED MOMENTARY DUTY PAGE    3
                                                                                 
                                                                                 
                                                                                 
  
           M O M E N T A R Y   D U T Y   S U M M A R Y   R E P O R T
                       PRE FAULT VOLTAGE: 1.0000
                       MODEL TRANSFORMER TAPS: NO 
                       SOLUTION METHOD       : E/Z
 ==============================================================================
   BUS RECORD      VOLTAGE     * 3  P H A S E *      * * * SLG * * *
    NO NAME          L-L            KA      X/R         KA       X/R
 ==============================================================================

 BUS-0060          13800.        13.223    2.90        8.444    0.96
 BUS-T304          13800.        13.019    3.26        8.223    1.06
 BUS-T305          13800.        13.921    3.15        8.783    0.96
 BUS101            13800.        15.778    3.94        9.609    0.96
 BUS102            13800.        13.248    3.31        8.344    1.05
  
 BUS103            13800.        13.414    2.97        8.538    0.96
 BUS104            13800.        10.032    2.67        6.551    1.20
 BUS106             4160.        10.327    5.89       11.713    6.76
 BUS201            13800.        18.516    5.79       10.014    2.52
 BUS203            13800.        13.368    3.75        7.886    2.38
  
 BUS204            13800.         8.913    1.80        5.816    1.61
 BUS205            13800.        14.708    4.17        8.487    2.42
 BUS208             4160.        10.053    4.88       11.463    5.78
 BUS301            13800.        15.778    3.94        9.609    0.96
 BUS302            13800.        12.482    3.14        7.935    1.09
  
 BUS303            13800.        11.760    2.45        7.682    0.96

   21 FAULTED BUSES,   41 BRANCHES,    3 CONTRIBUTIONS
 UNBALANCED FAULTS REQUESTED

 *** SHORT CIRCUIT STUDY COMPLETE ***
